main.c:167:5:main	8	static
main.c:331:6:SystemClock_Config	168	static
main.c:390:13:MX_NVIC_Init	8	static
main.c:408:6:HAL_FDCAN_RxFifo0Callback	16	static
main.c:422:6:HAL_TIM_PeriodElapsedCallback	16	static
main.c:446:9:readSigmaData	16	static
main.c:482:6:Set_Switch	16	static
main.c:519:6:Toggle_Bit	4	static
main.c:530:6:DC_TxData_Build	16	static
main.c:542:6:StartUp_Sequence	8	static
main.c:572:9:CAN_TxMsg	16	static
main.c:582:10:SetThrottle	24	static
main.c:589:6:Success_Handler	4	static
main.c:596:10:chartotime	32	static
main.c:604:9:chartotorque	32	static
main.c:612:10:PuntaeSepara	24	static
main.c:631:9:leggi	584	static
main.c:646:6:salvaDati	4	static
main.c:652:9:scrivi	608	static
main.c:673:6:CAN_TxData_Init	4	static
main.c:690:6:Error_Handler	4	static
