main.c:146:5:main	32	static
main.c:215:6:SystemClock_Config	312	static
main.c:304:13:MX_NVIC_Init	8	static
main.c:319:13:MX_ADC3_Init	40	static
main.c:375:13:MX_ETH_Init	8	static
main.c:421:13:MX_FDCAN1_Init	8	static
main.c:474:13:MX_SDMMC1_SD_Init	4	static
main.c:502:13:MX_TIM17_Init	8	static
main.c:534:13:MX_USART3_UART_Init	8	static
main.c:582:13:MX_USB_OTG_FS_PCD_Init	8	static
main.c:616:13:MX_DMA_Init	16	static
main.c:634:13:MX_GPIO_Init	56	static
main.c:687:6:HAL_FDCAN_RxFifo0Callback	16	static
main.c:709:6:HAL_TIM_PeriodElapsedCallback	56	static
main.c:728:6:Error_Handler	4	static
