main.c:146:5:main	32	static
main.c:216:6:SystemClock_Config	312	static
main.c:305:13:MX_NVIC_Init	8	static
main.c:320:13:MX_ADC3_Init	40	static
main.c:384:13:MX_ETH_Init	8	static
main.c:430:13:MX_FDCAN1_Init	8	static
main.c:483:13:MX_SDMMC1_SD_Init	4	static
main.c:511:13:MX_TIM17_Init	8	static
main.c:543:13:MX_USART3_UART_Init	8	static
main.c:591:13:MX_USB_OTG_FS_PCD_Init	8	static
main.c:625:13:MX_DMA_Init	16	static
main.c:643:13:MX_GPIO_Init	56	static
main.c:697:6:HAL_FDCAN_RxFifo0Callback	16	static
main.c:719:6:HAL_TIM_PeriodElapsedCallback	16	static
main.c:730:6:HAL_ADC_ConvHalfCpltCallback	24	static
main.c:735:6:HAL_ADC_ConvCpltCallback	24	static
main.c:747:6:Error_Handler	4	static
