main.c:167:5:main	8	static
main.c:328:6:SystemClock_Config	168	static
main.c:387:13:MX_NVIC_Init	8	static
main.c:405:6:HAL_FDCAN_RxFifo0Callback	16	static
main.c:419:6:HAL_TIM_PeriodElapsedCallback	16	static
main.c:443:9:readSigmaData	16	static
main.c:479:6:Set_Switch	16	static
main.c:516:6:Toggle_Bit	4	static
main.c:527:6:DC_TxData_Build	16	static
main.c:539:6:StartUp_Sequence	8	static
main.c:569:9:CAN_TxMsg	16	static
main.c:579:10:SetThrottle	24	static
main.c:587:6:Success_Handler	4	static
main.c:594:10:chartotime	32	static
main.c:602:9:chartotorque	32	static
main.c:610:10:PuntaeSepara	24	static
main.c:629:9:leggi	584	static
main.c:644:6:salvaDati	4	static
main.c:650:9:scrivi	608	static
main.c:671:6:CAN_TxData_Init	4	static
main.c:688:6:Error_Handler	4	static
