core_cm7.h:2229:22:SCB_EnableICache	4	static,ignoring_inline_asm
core_cm7.h:2281:22:SCB_EnableDCache	24	static,ignoring_inline_asm
core_cm7.h:2464:22:SCB_InvalidateDCache_by_Addr	32	static,ignoring_inline_asm
main.c:158:5:main	24	static
main.c:262:6:SystemClock_Config	312	static
main.c:348:13:MX_ADC3_Init	40	static
main.c:414:13:MX_ETH_Init	8	static
main.c:460:13:MX_FDCAN1_Init	8	static
main.c:513:13:MX_RTC_Init	32	static
main.c:576:13:MX_SDMMC1_SD_Init	4	static
main.c:604:13:MX_TIM3_Init	40	static
main.c:649:13:MX_TIM17_Init	8	static
main.c:681:13:MX_USART3_UART_Init	8	static
main.c:727:13:MX_DMA_Init	16	static
main.c:745:13:MX_GPIO_Init	56	static
main.c:809:6:HAL_FDCAN_RxFifo0Callback	16	static
main.c:810:6:HAL_TIM_PeriodElapsedCallback	16	static
main.c:818:9:scrivi	48	static
main.c:846:9:leggi	4216	static
main.c:865:9:scrivi_speed	40	static
main.c:884:13:CPU_CACHE_Enable	8	static
main.c:892:6:HAL_ADC_ConvHalfCpltCallback	16	static
main.c:903:6:HAL_ADC_ConvCpltCallback	16	static
main.c:914:6:Error_Handler	4	static
