core_cm7.h:1896:22:__NVIC_EnableIRQ	16	static
core_cm7.h:1932:22:__NVIC_DisableIRQ	16	static,ignoring_inline_asm
main.c:138:5:main	24	static
main.c:230:6:SystemClock_Config	312	static
main.c:302:13:MX_ETH_Init	8	static
main.c:348:13:MX_RTC_Init	32	static
main.c:411:13:MX_SDMMC1_SD_Init	4	static
main.c:439:13:MX_TIM17_Init	8	static
main.c:471:13:MX_USART3_UART_Init	8	static
main.c:519:13:MX_GPIO_Init	56	static
main.c:583:6:HAL_TIM_PeriodElapsedCallback	16	static
main.c:591:9:scrivi	56	static
main.c:619:9:leggi	4216	static
main.c:635:9:scrivi_speed	40	static
main.c:660:6:Error_Handler	4	static
