bsp_driver_sd.c:43:16:BSP_SD_Init	16	static
bsp_driver_sd.c:65:16:BSP_SD_ITConfig	4	static
bsp_driver_sd.c:85:16:BSP_SD_ReadBlocks	40	static
bsp_driver_sd.c:108:16:BSP_SD_WriteBlocks	40	static
bsp_driver_sd.c:130:16:BSP_SD_ReadBlocks_DMA	32	static
bsp_driver_sd.c:153:16:BSP_SD_WriteBlocks_DMA	32	static
bsp_driver_sd.c:175:16:BSP_SD_Erase	24	static
bsp_driver_sd.c:199:16:BSP_SD_GetCardState	8	static
bsp_driver_sd.c:209:13:BSP_SD_GetCardInfo	16	static
bsp_driver_sd.c:223:6:HAL_SD_AbortCallback	16	static
bsp_driver_sd.c:233:6:HAL_SD_TxCpltCallback	16	static
bsp_driver_sd.c:243:6:HAL_SD_RxCpltCallback	16	static
bsp_driver_sd.c:254:13:BSP_SD_AbortCallback	4	static
bsp_driver_sd.c:264:13:BSP_SD_WriteCpltCallback	4	static
bsp_driver_sd.c:274:13:BSP_SD_ReadCpltCallback	4	static
bsp_driver_sd.c:285:16:BSP_SD_IsDetected	16	static
