main.c:141:5:main	48	static
main.c:237:6:SystemClock_Config	232	static
main.c:298:13:MX_NVIC_Init	8	static
main.c:310:13:MX_CAN1_Init	8	static
main.c:347:13:MX_SDMMC1_SD_Init	8	static
main.c:379:13:MX_USART3_UART_Init	8	static
main.c:414:13:MX_USB_OTG_FS_PCD_Init	8	static
main.c:447:13:MX_DMA_Init	16	static
main.c:468:13:MX_GPIO_Init	56	static
main.c:556:6:HAL_CAN_RxFifo0MsgPendingCallback	32	static
main.c:578:6:Get_Data	4	static
main.c:612:6:CAN_Config	8	static
main.c:637:6:StartDefaultTask	16	static
main.c:685:6:HAL_TIM_PeriodElapsedCallback	16	static
main.c:709:6:Error_Handler	8	static
