main.c:141:5:main	48	static
main.c:236:6:SystemClock_Config	232	static
main.c:297:13:MX_NVIC_Init	8	static
main.c:309:13:MX_CAN1_Init	8	static
main.c:346:13:MX_SDMMC1_SD_Init	8	static
main.c:378:13:MX_USART3_UART_Init	8	static
main.c:413:13:MX_USB_OTG_FS_PCD_Init	8	static
main.c:446:13:MX_DMA_Init	16	static
main.c:467:13:MX_GPIO_Init	56	static
main.c:555:6:HAL_CAN_RxFifo0MsgPendingCallback	32	static
main.c:577:6:Get_Data	4	static
main.c:611:6:CAN_Config	8	static
main.c:636:6:StartDefaultTask	16	static
main.c:684:6:HAL_TIM_PeriodElapsedCallback	16	static
main.c:708:6:Error_Handler	8	static
