Archive member included to satisfy reference by file (symbol)

c:/programdata/st/stm32cubeide_1.3.0/stm32cubeide/plugins/com.st.stm32cube.ide.mcu.externaltools.gnu-tools-for-stm32.7-2018-q2-update.win32_1.0.0.201904181610/tools/bin/../lib/gcc/arm-none-eabi/7.3.1/../../../../arm-none-eabi/lib/thumb/v7e-m/fpv4-sp/hard\libc_nano.a(lib_a-errno.o)
                              Core/Src/syscalls.o (__errno)
c:/programdata/st/stm32cubeide_1.3.0/stm32cubeide/plugins/com.st.stm32cube.ide.mcu.externaltools.gnu-tools-for-stm32.7-2018-q2-update.win32_1.0.0.201904181610/tools/bin/../lib/gcc/arm-none-eabi/7.3.1/../../../../arm-none-eabi/lib/thumb/v7e-m/fpv4-sp/hard\libc_nano.a(lib_a-exit.o)
                              c:/programdata/st/stm32cubeide_1.3.0/stm32cubeide/plugins/com.st.stm32cube.ide.mcu.externaltools.gnu-tools-for-stm32.7-2018-q2-update.win32_1.0.0.201904181610/tools/bin/../lib/gcc/arm-none-eabi/7.3.1/../../../../arm-none-eabi/lib/thumb/v7e-m/fpv4-sp/hard/crt0.o (exit)
c:/programdata/st/stm32cubeide_1.3.0/stm32cubeide/plugins/com.st.stm32cube.ide.mcu.externaltools.gnu-tools-for-stm32.7-2018-q2-update.win32_1.0.0.201904181610/tools/bin/../lib/gcc/arm-none-eabi/7.3.1/../../../../arm-none-eabi/lib/thumb/v7e-m/fpv4-sp/hard\libc_nano.a(lib_a-impure.o)
                              c:/programdata/st/stm32cubeide_1.3.0/stm32cubeide/plugins/com.st.stm32cube.ide.mcu.externaltools.gnu-tools-for-stm32.7-2018-q2-update.win32_1.0.0.201904181610/tools/bin/../lib/gcc/arm-none-eabi/7.3.1/../../../../arm-none-eabi/lib/thumb/v7e-m/fpv4-sp/hard\libc_nano.a(lib_a-exit.o) (_global_impure_ptr)
c:/programdata/st/stm32cubeide_1.3.0/stm32cubeide/plugins/com.st.stm32cube.ide.mcu.externaltools.gnu-tools-for-stm32.7-2018-q2-update.win32_1.0.0.201904181610/tools/bin/../lib/gcc/arm-none-eabi/7.3.1/../../../../arm-none-eabi/lib/thumb/v7e-m/fpv4-sp/hard\libc_nano.a(lib_a-init.o)
                              c:/programdata/st/stm32cubeide_1.3.0/stm32cubeide/plugins/com.st.stm32cube.ide.mcu.externaltools.gnu-tools-for-stm32.7-2018-q2-update.win32_1.0.0.201904181610/tools/bin/../lib/gcc/arm-none-eabi/7.3.1/../../../../arm-none-eabi/lib/thumb/v7e-m/fpv4-sp/hard/crt0.o (__libc_init_array)
c:/programdata/st/stm32cubeide_1.3.0/stm32cubeide/plugins/com.st.stm32cube.ide.mcu.externaltools.gnu-tools-for-stm32.7-2018-q2-update.win32_1.0.0.201904181610/tools/bin/../lib/gcc/arm-none-eabi/7.3.1/../../../../arm-none-eabi/lib/thumb/v7e-m/fpv4-sp/hard\libc_nano.a(lib_a-memcpy-stub.o)
                              Middlewares/Third_Party/FreeRTOS/Source/CMSIS_RTOS_V2/cmsis_os2.o (memcpy)
c:/programdata/st/stm32cubeide_1.3.0/stm32cubeide/plugins/com.st.stm32cube.ide.mcu.externaltools.gnu-tools-for-stm32.7-2018-q2-update.win32_1.0.0.201904181610/tools/bin/../lib/gcc/arm-none-eabi/7.3.1/../../../../arm-none-eabi/lib/thumb/v7e-m/fpv4-sp/hard\libc_nano.a(lib_a-memset.o)
                              c:/programdata/st/stm32cubeide_1.3.0/stm32cubeide/plugins/com.st.stm32cube.ide.mcu.externaltools.gnu-tools-for-stm32.7-2018-q2-update.win32_1.0.0.201904181610/tools/bin/../lib/gcc/arm-none-eabi/7.3.1/../../../../arm-none-eabi/lib/thumb/v7e-m/fpv4-sp/hard/crt0.o (memset)
c:/programdata/st/stm32cubeide_1.3.0/stm32cubeide/plugins/com.st.stm32cube.ide.mcu.externaltools.gnu-tools-for-stm32.7-2018-q2-update.win32_1.0.0.201904181610/tools/bin/../lib/gcc/arm-none-eabi/7.3.1/thumb/v7e-m/fpv4-sp/hard\libgcc.a(_aeabi_uldivmod.o)
                              Drivers/STM32G4xx_HAL_Driver/Src/stm32g4xx_hal_uart.o (__aeabi_uldivmod)
c:/programdata/st/stm32cubeide_1.3.0/stm32cubeide/plugins/com.st.stm32cube.ide.mcu.externaltools.gnu-tools-for-stm32.7-2018-q2-update.win32_1.0.0.201904181610/tools/bin/../lib/gcc/arm-none-eabi/7.3.1/thumb/v7e-m/fpv4-sp/hard\libgcc.a(_udivmoddi4.o)
                              c:/programdata/st/stm32cubeide_1.3.0/stm32cubeide/plugins/com.st.stm32cube.ide.mcu.externaltools.gnu-tools-for-stm32.7-2018-q2-update.win32_1.0.0.201904181610/tools/bin/../lib/gcc/arm-none-eabi/7.3.1/thumb/v7e-m/fpv4-sp/hard\libgcc.a(_aeabi_uldivmod.o) (__udivmoddi4)
c:/programdata/st/stm32cubeide_1.3.0/stm32cubeide/plugins/com.st.stm32cube.ide.mcu.externaltools.gnu-tools-for-stm32.7-2018-q2-update.win32_1.0.0.201904181610/tools/bin/../lib/gcc/arm-none-eabi/7.3.1/thumb/v7e-m/fpv4-sp/hard\libgcc.a(_dvmd_tls.o)
                              c:/programdata/st/stm32cubeide_1.3.0/stm32cubeide/plugins/com.st.stm32cube.ide.mcu.externaltools.gnu-tools-for-stm32.7-2018-q2-update.win32_1.0.0.201904181610/tools/bin/../lib/gcc/arm-none-eabi/7.3.1/thumb/v7e-m/fpv4-sp/hard\libgcc.a(_aeabi_uldivmod.o) (__aeabi_ldiv0)

Allocating common symbols
Common symbol       size              file

defaultTaskHandle   0x4               Core/Src/main.o
uwTick              0x4               Drivers/STM32G4xx_HAL_Driver/Src/stm32g4xx_hal.o
xQueueRegistry      0x40              Middlewares/Third_Party/FreeRTOS/Source/queue.o
hlpuart1            0x8c              Core/Src/main.o
[...]
Memory Configuration

Name             Origin             Length             Attributes
RAM              0x0000000020000000 0x0000000000020000 xrw
FLASH            0x0000000008000000 0x0000000000080000 xr
*default*        0x0000000000000000 0xffffffffffffffff

Linker script and memory map

LOAD c:/programdata/st/stm32cubeide_1.3.0/stm32cubeide/plugins/com.st.stm32cube.ide.mcu.externaltools.gnu-tools-for-stm32.7-2018-q2-update.win32_1.0.0.201904181610/tools/bin/../lib/gcc/arm-none-eabi/7.3.1/thumb/v7e-m/fpv4-sp/hard/crti.o
LOAD c:/programdata/st/stm32cubeide_1.3.0/stm32cubeide/plugins/com.st.stm32cube.ide.mcu.externaltools.gnu-tools-for-stm32.7-2018-q2-update.win32_1.0.0.201904181610/tools/bin/../lib/gcc/arm-none-eabi/7.3.1/thumb/v7e-m/fpv4-sp/hard/crtbegin.o
LOAD c:/programdata/st/stm32cubeide_1.3.0/stm32cubeide/plugins/com.st.stm32cube.ide.mcu.externaltools.gnu-tools-for-stm32.7-2018-q2-update.win32_1.0.0.201904181610/tools/bin/../lib/gcc/arm-none-eabi/7.3.1/../../../../arm-none-eabi/lib/thumb/v7e-m/fpv4-sp/hard/crt0.o
LOAD Core/Src/app_freertos.o
LOAD Core/Src/main.o
LOAD Core/Src/stm32g4xx_hal_msp.o
LOAD Core/Src/stm32g4xx_hal_timebase_tim.o
LOAD Core/Src/stm32g4xx_it.o
LOAD Core/Src/syscalls.o
LOAD Core/Src/sysmem.o
LOAD Core/Src/system_stm32g4xx.o
LOAD Core/Startup/startup_stm32g474retx.o
LOAD Drivers/STM32G4xx_HAL_Driver/Src/stm32g4xx_hal.o
LOAD Drivers/STM32G4xx_HAL_Driver/Src/stm32g4xx_hal_cortex.o
LOAD Drivers/STM32G4xx_HAL_Driver/Src/stm32g4xx_hal_dma.o
LOAD Drivers/STM32G4xx_HAL_Driver/Src/stm32g4xx_hal_dma_ex.o
LOAD Drivers/STM32G4xx_HAL_Driver/Src/stm32g4xx_hal_exti.o
LOAD Drivers/STM32G4xx_HAL_Driver/Src/stm32g4xx_hal_flash.o
LOAD Drivers/STM32G4xx_HAL_Driver/Src/stm32g4xx_hal_flash_ex.o
LOAD Drivers/STM32G4xx_HAL_Driver/Src/stm32g4xx_hal_flash_ramfunc.o
LOAD Drivers/STM32G4xx_HAL_Driver/Src/stm32g4xx_hal_gpio.o
LOAD Drivers/STM32G4xx_HAL_Driver/Src/stm32g4xx_hal_pwr.o
LOAD Drivers/STM32G4xx_HAL_Driver/Src/stm32g4xx_hal_pwr_ex.o
LOAD Drivers/STM32G4xx_HAL_Driver/Src/stm32g4xx_hal_rcc.o
LOAD Drivers/STM32G4xx_HAL_Driver/Src/stm32g4xx_hal_rcc_ex.o
LOAD Drivers/STM32G4xx_HAL_Driver/Src/stm32g4xx_hal_tim.o
LOAD Drivers/STM32G4xx_HAL_Driver/Src/stm32g4xx_hal_tim_ex.o
LOAD Drivers/STM32G4xx_HAL_Driver/Src/stm32g4xx_hal_uart.o
LOAD Drivers/STM32G4xx_HAL_Driver/Src/stm32g4xx_hal_uart_ex.o
LOAD Drivers/STM32G4xx_HAL_Driver/Src/stm32g4xx_ll_pwr.o
LOAD Middlewares/Third_Party/FreeRTOS/Source/CMSIS_RTOS_V2/cmsis_os2.o
LOAD Middlewares/Third_Party/FreeRTOS/Source/croutine.o
LOAD Middlewares/Third_Party/FreeRTOS/Source/event_groups.o
LOAD Middlewares/Third_Party/FreeRTOS/Source/list.o
LOAD Middlewares/Third_Party/FreeRTOS/Source/queue.o
LOAD Middlewares/Third_Party/FreeRTOS/Source/stream_buffer.o
LOAD Middlewares/Third_Party/FreeRTOS/Source/tasks.o
LOAD Middlewares/Third_Party/FreeRTOS/Source/timers.o
LOAD Middlewares/Third_Party/FreeRTOS/Source/portable/GCC/ARM_CM4F/port.o
LOAD Middlewares/Third_Party/FreeRTOS/Source/portable/MemMang/heap_4.o
START GROUP
LOAD c:/programdata/st/stm32cubeide_1.3.0/stm32cubeide/plugins/com.st.stm32cube.ide.mcu.externaltools.gnu-tools-for-stm32.7-2018-q2-update.win32_1.0.0.201904181610/tools/bin/../lib/gcc/arm-none-eabi/7.3.1/../../../../arm-none-eabi/lib/thumb/v7e-m/fpv4-sp/hard\libc_nano.a
LOAD c:/programdata/st/stm32cubeide_1.3.0/stm32cubeide/plugins/com.st.stm32cube.ide.mcu.externaltools.gnu-tools-for-stm32.7-2018-q2-update.win32_1.0.0.201904181610/tools/bin/../lib/gcc/arm-none-eabi/7.3.1/../../../../arm-none-eabi/lib/thumb/v7e-m/fpv4-sp/hard\libm.a
END GROUP
START GROUP
LOAD c:/programdata/st/stm32cubeide_1.3.0/stm32cubeide/plugins/com.st.stm32cube.ide.mcu.externaltools.gnu-tools-for-stm32.7-2018-q2-update.win32_1.0.0.201904181610/tools/bin/../lib/gcc/arm-none-eabi/7.3.1/thumb/v7e-m/fpv4-sp/hard\libgcc.a
LOAD c:/programdata/st/stm32cubeide_1.3.0/stm32cubeide/plugins/com.st.stm32cube.ide.mcu.externaltools.gnu-tools-for-stm32.7-2018-q2-update.win32_1.0.0.201904181610/tools/bin/../lib/gcc/arm-none-eabi/7.3.1/../../../../arm-none-eabi/lib/thumb/v7e-m/fpv4-sp/hard\libc_nano.a
END GROUP
START GROUP
LOAD c:/programdata/st/stm32cubeide_1.3.0/stm32cubeide/plugins/com.st.stm32cube.ide.mcu.externaltools.gnu-tools-for-stm32.7-2018-q2-update.win32_1.0.0.201904181610/tools/bin/../lib/gcc/arm-none-eabi/7.3.1/thumb/v7e-m/fpv4-sp/hard\libgcc.a
LOAD c:/programdata/st/stm32cubeide_1.3.0/stm32cubeide/plugins/com.st.stm32cube.ide.mcu.externaltools.gnu-tools-for-stm32.7-2018-q2-update.win32_1.0.0.201904181610/tools/bin/../lib/gcc/arm-none-eabi/7.3.1/../../../../arm-none-eabi/lib/thumb/v7e-m/fpv4-sp/hard\libc_nano.a
LOAD c:/programdata/st/stm32cubeide_1.3.0/stm32cubeide/plugins/com.st.stm32cube.ide.mcu.externaltools.gnu-tools-for-stm32.7-2018-q2-update.win32_1.0.0.201904181610/tools/bin/../lib/gcc/arm-none-eabi/7.3.1/../../../../arm-none-eabi/lib/thumb/v7e-m/fpv4-sp/hard\libnosys.a
END GROUP
START GROUP
LOAD c:/programdata/st/stm32cubeide_1.3.0/stm32cubeide/plugins/com.st.stm32cube.ide.mcu.externaltools.gnu-tools-for-stm32.7-2018-q2-update.win32_1.0.0.201904181610/tools/bin/../lib/gcc/arm-none-eabi/7.3.1/thumb/v7e-m/fpv4-sp/hard\libgcc.a
LOAD c:/programdata/st/stm32cubeide_1.3.0/stm32cubeide/plugins/com.st.stm32cube.ide.mcu.externaltools.gnu-tools-for-stm32.7-2018-q2-update.win32_1.0.0.201904181610/tools/bin/../lib/gcc/arm-none-eabi/7.3.1/../../../../arm-none-eabi/lib/thumb/v7e-m/fpv4-sp/hard\libc_nano.a
LOAD c:/programdata/st/stm32cubeide_1.3.0/stm32cubeide/plugins/com.st.stm32cube.ide.mcu.externaltools.gnu-tools-for-stm32.7-2018-q2-update.win32_1.0.0.201904181610/tools/bin/../lib/gcc/arm-none-eabi/7.3.1/../../../../arm-none-eabi/lib/thumb/v7e-m/fpv4-sp/hard\libnosys.a
END GROUP
LOAD c:/programdata/st/stm32cubeide_1.3.0/stm32cubeide/plugins/com.st.stm32cube.ide.mcu.externaltools.gnu-tools-for-stm32.7-2018-q2-update.win32_1.0.0.201904181610/tools/bin/../lib/gcc/arm-none-eabi/7.3.1/thumb/v7e-m/fpv4-sp/hard/crtend.o
LOAD c:/programdata/st/stm32cubeide_1.3.0/stm32cubeide/plugins/com.st.stm32cube.ide.mcu.externaltools.gnu-tools-for-stm32.7-2018-q2-update.win32_1.0.0.201904181610/tools/bin/../lib/gcc/arm-none-eabi/7.3.1/thumb/v7e-m/fpv4-sp/hard/crtn.o
                0x0000000020020000                _estack = (ORIGIN (RAM) + LENGTH (RAM))
                0x0000000000000200                _Min_Heap_Size = 0x200
                0x0000000000000400                _Min_Stack_Size = 0x400

.isr_vector     0x0000000008000000      0x1d8
                0x0000000008000000                . = ALIGN (0x4)
 *(.isr_vector)
 .isr_vector    0x0000000008000000      0x1d8 Core/Startup/startup_stm32g474retx.o
                0x0000000008000000                g_pfnVectors
                0x00000000080001d8                . = ALIGN (0x4)

.text           0x00000000080001e0     0x69e4
                0x00000000080001e0                . = ALIGN (0x4)
 *(.text)
 .text          0x00000000080001e0       0x40 c:/programdata/st/stm32cubeide_1.3.0/stm32cubeide/plugins/com.st.stm32cube.ide.mcu.externaltools.gnu-tools-for-stm32.7-2018-q2-update.win32_1.0.0.201904181610/tools/bin/../lib/gcc/arm-none-eabi/7.3.1/thumb/v7e-m/fpv4-sp/hard/crtbegin.o
 .text          0x0000000008000220       0x30 c:/programdata/st/stm32cubeide_1.3.0/stm32cubeide/plugins/com.st.stm32cube.ide.mcu.externaltools.gnu-tools-for-stm32.7-2018-q2-update.win32_1.0.0.201904181610/tools/bin/../lib/gcc/arm-none-eabi/7.3.1/thumb/v7e-m/fpv4-sp/hard\libgcc.a(_aeabi_uldivmod.o)
                0x0000000008000220                __aeabi_uldivmod
 .text          0x0000000008000250      0x2cc c:/programdata/st/stm32cubeide_1.3.0/stm32cubeide/plugins/com.st.stm32cube.ide.mcu.externaltools.gnu-tools-for-stm32.7-2018-q2-update.win32_1.0.0.201904181610/tools/bin/../lib/gcc/arm-none-eabi/7.3.1/thumb/v7e-m/fpv4-sp/hard\libgcc.a(_udivmoddi4.o)
                0x0000000008000250                __udivmoddi4
 .text          0x000000000800051c        0x4 c:/programdata/st/stm32cubeide_1.3.0/stm32cubeide/plugins/com.st.stm32cube.ide.mcu.externaltools.gnu-tools-for-stm32.7-2018-q2-update.win32_1.0.0.201904181610/tools/bin/../lib/gcc/arm-none-eabi/7.3.1/thumb/v7e-m/fpv4-sp/hard\libgcc.a(_dvmd_tls.o)
                0x000000000800051c                __aeabi_idiv0
                0x000000000800051c                __aeabi_ldiv0
 *(.text*)
 .text.main     0x0000000008000520       0x58 Core/Src/main.o
                0x0000000008000520                main
 .text.SystemClock_Config
                0x0000000008000578       0xce Core/Src/main.o
                0x0000000008000578                SystemClock_Config
 *fill*         0x0000000008000646        0x2 
 .text.MX_LPUART1_UART_Init
                0x0000000008000648       0x8c Core/Src/main.o
 .text.MX_GPIO_Init
                0x00000000080006d4       0xe0 Core/Src/main.o
 .text.StartDefaultTask
                0x00000000080007b4       0x2c Core/Src/main.o
                0x00000000080007b4                StartDefaultTask
 .text.StartTask02
                0x00000000080007e0       0x20 Core/Src/main.o
                0x00000000080007e0                StartTask02
 .text.HAL_TIM_PeriodElapsedCallback
                0x0000000008000800       0x1e Core/Src/main.o
                0x0000000008000800                HAL_TIM_PeriodElapsedCallback
 .text.Error_Handler
                0x000000000800081e        0xe Core/Src/main.o
                0x000000000800081e                Error_Handler
 .text.LL_PWR_DisableUCPDDeadBattery
                0x000000000800082c       0x20 Core/Src/stm32g4xx_hal_msp.o
 .text.HAL_MspInit
                0x000000000800084c       0x54 Core/Src/stm32g4xx_hal_msp.o
                0x000000000800084c                HAL_MspInit
 .text.HAL_UART_MspInit
                0x00000000080008a0       0x84 Core/Src/stm32g4xx_hal_msp.o
                0x00000000080008a0                HAL_UART_MspInit
 .text.HAL_InitTick
                0x0000000008000924       0xac Core/Src/stm32g4xx_hal_timebase_tim.o
                0x0000000008000924                HAL_InitTick
 .text.NMI_Handler
                0x00000000080009d0        0xe Core/Src/stm32g4xx_it.o
                0x00000000080009d0                NMI_Handler
 .text.HardFault_Handler
                0x00000000080009de        0x6 Core/Src/stm32g4xx_it.o
                0x00000000080009de                HardFault_Handler
 .text.MemManage_Handler
                0x00000000080009e4        0x6 Core/Src/stm32g4xx_it.o
                0x00000000080009e4                MemManage_Handler
 .text.BusFault_Handler
                0x00000000080009ea        0x6 Core/Src/stm32g4xx_it.o
                0x00000000080009ea                BusFault_Handler
 .text.UsageFault_Handler
                0x00000000080009f0        0x6 Core/Src/stm32g4xx_it.o
                0x00000000080009f0                UsageFault_Handler
 .text.DebugMon_Handler
                0x00000000080009f6        0xe Core/Src/stm32g4xx_it.o
                0x00000000080009f6                DebugMon_Handler
 .text.TIM2_IRQHandler
                0x0000000008000a04       0x14 Core/Src/stm32g4xx_it.o
                0x0000000008000a04                TIM2_IRQHandler
 .text.EXTI15_10_IRQHandler
                0x0000000008000a18       0x10 Core/Src/stm32g4xx_it.o
                0x0000000008000a18                EXTI15_10_IRQHandler
 .text.SystemInit
                0x0000000008000a28       0x2c Core/Src/system_stm32g4xx.o
                0x0000000008000a28                SystemInit
 .text.Reset_Handler
                0x0000000008000a54       0x50 Core/Startup/startup_stm32g474retx.o
                0x0000000008000a54                Reset_Handler
 .text.Default_Handler
                0x0000000008000aa4        0x2 Core/Startup/startup_stm32g474retx.o
                0x0000000008000aa4                RTC_Alarm_IRQHandler
                0x0000000008000aa4                EXTI2_IRQHandler
                0x0000000008000aa4                TIM8_TRG_COM_IRQHandler
                0x0000000008000aa4                TIM8_CC_IRQHandler
                0x0000000008000aa4                HRTIM1_Master_IRQHandler
                0x0000000008000aa4                SPI4_IRQHandler
                0x0000000008000aa4                FDCAN3_IT0_IRQHandler
                0x0000000008000aa4                TIM1_CC_IRQHandler
                0x0000000008000aa4                HRTIM1_FLT_IRQHandler
                0x0000000008000aa4                HRTIM1_TIMF_IRQHandler
                0x0000000008000aa4                USB_HP_IRQHandler
                0x0000000008000aa4                CORDIC_IRQHandler
                0x0000000008000aa4                HRTIM1_TIMD_IRQHandler
                0x0000000008000aa4                DMA2_Channel8_IRQHandler
                0x0000000008000aa4                EXTI3_IRQHandler
                0x0000000008000aa4                I2C3_ER_IRQHandler
                0x0000000008000aa4                EXTI0_IRQHandler
                0x0000000008000aa4                I2C2_EV_IRQHandler
                0x0000000008000aa4                FPU_IRQHandler
                0x0000000008000aa4                FDCAN1_IT1_IRQHandler
                0x0000000008000aa4                TIM1_UP_TIM16_IRQHandler
                0x0000000008000aa4                ADC1_2_IRQHandler
                0x0000000008000aa4                HRTIM1_TIME_IRQHandler
                0x0000000008000aa4                SPI1_IRQHandler
                0x0000000008000aa4                TIM6_DAC_IRQHandler
                0x0000000008000aa4                HRTIM1_TIMC_IRQHandler
                0x0000000008000aa4                TIM8_UP_IRQHandler
                0x0000000008000aa4                DMA2_Channel2_IRQHandler
                0x0000000008000aa4                DMA1_Channel4_IRQHandler
                0x0000000008000aa4                TIM20_TRG_COM_IRQHandler
                0x0000000008000aa4                USART3_IRQHandler
                0x0000000008000aa4                DMA1_Channel7_IRQHandler
                0x0000000008000aa4                UART5_IRQHandler
                0x0000000008000aa4                ADC3_IRQHandler
                0x0000000008000aa4                TIM4_IRQHandler
                0x0000000008000aa4                DMA2_Channel1_IRQHandler
                0x0000000008000aa4                QUADSPI_IRQHandler
                0x0000000008000aa4                I2C1_EV_IRQHandler
                0x0000000008000aa4                DMA1_Channel6_IRQHandler
                0x0000000008000aa4                UART4_IRQHandler
                0x0000000008000aa4                DMA2_Channel4_IRQHandler
                0x0000000008000aa4                TIM3_IRQHandler
                0x0000000008000aa4                RCC_IRQHandler
                0x0000000008000aa4                TIM20_UP_IRQHandler
                0x0000000008000aa4                DMA1_Channel1_IRQHandler
                0x0000000008000aa4                Default_Handler
                0x0000000008000aa4                DMA2_Channel7_IRQHandler
                0x0000000008000aa4                RTC_TAMP_LSECSS_IRQHandler
                0x0000000008000aa4                FMAC_IRQHandler
                0x0000000008000aa4                DMA1_Channel8_IRQHandler
                0x0000000008000aa4                HRTIM1_TIMA_IRQHandler
                0x0000000008000aa4                TIM7_DAC_IRQHandler
                0x0000000008000aa4                FDCAN3_IT1_IRQHandler
                0x0000000008000aa4                TIM5_IRQHandler
                0x0000000008000aa4                UCPD1_IRQHandler
                0x0000000008000aa4                I2C3_EV_IRQHandler
                0x0000000008000aa4                EXTI9_5_IRQHandler
                0x0000000008000aa4                RTC_WKUP_IRQHandler
                0x0000000008000aa4                PVD_PVM_IRQHandler
                0x0000000008000aa4                SPI2_IRQHandler
                0x0000000008000aa4                ADC5_IRQHandler
                0x0000000008000aa4                DMA2_Channel5_IRQHandler
                0x0000000008000aa4                CRS_IRQHandler
                0x0000000008000aa4                DMA1_Channel5_IRQHandler
                0x0000000008000aa4                USB_LP_IRQHandler
                0x0000000008000aa4                EXTI4_IRQHandler
                0x0000000008000aa4                RNG_IRQHandler
                0x0000000008000aa4                HRTIM1_TIMB_IRQHandler
                0x0000000008000aa4                TIM1_TRG_COM_TIM17_IRQHandler
                0x0000000008000aa4                FDCAN2_IT1_IRQHandler
                0x0000000008000aa4                DMA1_Channel3_IRQHandler
                0x0000000008000aa4                ADC4_IRQHandler
                0x0000000008000aa4                WWDG_IRQHandler
                0x0000000008000aa4                I2C4_EV_IRQHandler
                0x0000000008000aa4                FDCAN2_IT0_IRQHandler
                0x0000000008000aa4                LPUART1_IRQHandler
                0x0000000008000aa4                DMA2_Channel6_IRQHandler
                0x0000000008000aa4                FDCAN1_IT0_IRQHandler
                0x0000000008000aa4                COMP7_IRQHandler
                0x0000000008000aa4                COMP1_2_3_IRQHandler
                0x0000000008000aa4                EXTI1_IRQHandler
                0x0000000008000aa4                USART2_IRQHandler
                0x0000000008000aa4                COMP4_5_6_IRQHandler
                0x0000000008000aa4                TIM20_BRK_IRQHandler
                0x0000000008000aa4                I2C2_ER_IRQHandler
                0x0000000008000aa4                DMA1_Channel2_IRQHandler
                0x0000000008000aa4                TIM8_BRK_IRQHandler
                0x0000000008000aa4                FLASH_IRQHandler
                0x0000000008000aa4                TIM20_CC_IRQHandler
                0x0000000008000aa4                USART1_IRQHandler
                0x0000000008000aa4                SPI3_IRQHandler
                0x0000000008000aa4                I2C1_ER_IRQHandler
                0x0000000008000aa4                FMC_IRQHandler
                0x0000000008000aa4                LPTIM1_IRQHandler
                0x0000000008000aa4                DMAMUX_OVR_IRQHandler
                0x0000000008000aa4                I2C4_ER_IRQHandler
                0x0000000008000aa4                USBWakeUp_IRQHandler
                0x0000000008000aa4                SAI1_IRQHandler
                0x0000000008000aa4                DMA2_Channel3_IRQHandler
                0x0000000008000aa4                TIM1_BRK_TIM15_IRQHandler
 .text.HAL_Init
                0x0000000008000aa6       0x30 Drivers/STM32G4xx_HAL_Driver/Src/stm32g4xx_hal.o
                0x0000000008000aa6                HAL_Init
 *fill*         0x0000000008000ad6        0x2 
 .text.HAL_IncTick
                0x0000000008000ad8       0x24 Drivers/STM32G4xx_HAL_Driver/Src/stm32g4xx_hal.o
                0x0000000008000ad8                HAL_IncTick
 .text.HAL_GetTick
                0x0000000008000afc       0x18 Drivers/STM32G4xx_HAL_Driver/Src/stm32g4xx_hal.o
                0x0000000008000afc                HAL_GetTick
 .text.__NVIC_SetPriorityGrouping
                0x0000000008000b14       0x48 Drivers/STM32G4xx_HAL_Driver/Src/stm32g4xx_hal_cortex.o
 .text.__NVIC_GetPriorityGrouping
                0x0000000008000b5c       0x1c Drivers/STM32G4xx_HAL_Driver/Src/stm32g4xx_hal_cortex.o
 .text.__NVIC_EnableIRQ
                0x0000000008000b78       0x3c Drivers/STM32G4xx_HAL_Driver/Src/stm32g4xx_hal_cortex.o
 .text.__NVIC_SetPriority
                0x0000000008000bb4       0x54 Drivers/STM32G4xx_HAL_Driver/Src/stm32g4xx_hal_cortex.o
 .text.NVIC_EncodePriority
                0x0000000008000c08       0x66 Drivers/STM32G4xx_HAL_Driver/Src/stm32g4xx_hal_cortex.o
 .text.HAL_NVIC_SetPriorityGrouping
                0x0000000008000c6e       0x16 Drivers/STM32G4xx_HAL_Driver/Src/stm32g4xx_hal_cortex.o
                0x0000000008000c6e                HAL_NVIC_SetPriorityGrouping
 .text.HAL_NVIC_SetPriority
                0x0000000008000c84       0x34 Drivers/STM32G4xx_HAL_Driver/Src/stm32g4xx_hal_cortex.o
                0x0000000008000c84                HAL_NVIC_SetPriority
 .text.HAL_NVIC_EnableIRQ
                0x0000000008000cb8       0x1c Drivers/STM32G4xx_HAL_Driver/Src/stm32g4xx_hal_cortex.o
                0x0000000008000cb8                HAL_NVIC_EnableIRQ
 .text.HAL_GPIO_Init
                0x0000000008000cd4      0x304 Drivers/STM32G4xx_HAL_Driver/Src/stm32g4xx_hal_gpio.o
                0x0000000008000cd4                HAL_GPIO_Init
 .text.HAL_GPIO_WritePin
                0x0000000008000fd8       0x30 Drivers/STM32G4xx_HAL_Driver/Src/stm32g4xx_hal_gpio.o
                0x0000000008000fd8                HAL_GPIO_WritePin
 .text.HAL_GPIO_TogglePin
                0x0000000008001008       0x32 Drivers/STM32G4xx_HAL_Driver/Src/stm32g4xx_hal_gpio.o
                0x0000000008001008                HAL_GPIO_TogglePin
 *fill*         0x000000000800103a        0x2 
 .text.HAL_GPIO_EXTI_IRQHandler
                0x000000000800103c       0x30 Drivers/STM32G4xx_HAL_Driver/Src/stm32g4xx_hal_gpio.o
                0x000000000800103c                HAL_GPIO_EXTI_IRQHandler
 .text.HAL_GPIO_EXTI_Callback
                0x000000000800106c       0x16 Drivers/STM32G4xx_HAL_Driver/Src/stm32g4xx_hal_gpio.o
                0x000000000800106c                HAL_GPIO_EXTI_Callback
 *fill*         0x0000000008001082        0x2 
 .text.HAL_PWREx_ControlVoltageScaling
                0x0000000008001084      0x148 Drivers/STM32G4xx_HAL_Driver/Src/stm32g4xx_hal_pwr_ex.o
                0x0000000008001084                HAL_PWREx_ControlVoltageScaling
 .text.HAL_RCC_OscConfig
                0x00000000080011cc      0x630 Drivers/STM32G4xx_HAL_Driver/Src/stm32g4xx_hal_rcc.o
                0x00000000080011cc                HAL_RCC_OscConfig
 .text.HAL_RCC_ClockConfig
                0x00000000080017fc      0x278 Drivers/STM32G4xx_HAL_Driver/Src/stm32g4xx_hal_rcc.o
                0x00000000080017fc                HAL_RCC_ClockConfig
 .text.HAL_RCC_GetSysClockFreq
                0x0000000008001a74       0xc4 Drivers/STM32G4xx_HAL_Driver/Src/stm32g4xx_hal_rcc.o
                0x0000000008001a74                HAL_RCC_GetSysClockFreq
 .text.HAL_RCC_GetHCLKFreq
                0x0000000008001b38       0x18 Drivers/STM32G4xx_HAL_Driver/Src/stm32g4xx_hal_rcc.o
                0x0000000008001b38                HAL_RCC_GetHCLKFreq
 .text.HAL_RCC_GetPCLK1Freq
                0x0000000008001b50       0x2c Drivers/STM32G4xx_HAL_Driver/Src/stm32g4xx_hal_rcc.o
                0x0000000008001b50                HAL_RCC_GetPCLK1Freq
 .text.HAL_RCC_GetPCLK2Freq
                0x0000000008001b7c       0x2c Drivers/STM32G4xx_HAL_Driver/Src/stm32g4xx_hal_rcc.o
                0x0000000008001b7c                HAL_RCC_GetPCLK2Freq
 .text.HAL_RCC_GetClockConfig
                0x0000000008001ba8       0x64 Drivers/STM32G4xx_HAL_Driver/Src/stm32g4xx_hal_rcc.o
                0x0000000008001ba8                HAL_RCC_GetClockConfig
 .text.RCC_GetSysClockFreqFromPLLSource
                0x0000000008001c0c       0x8c Drivers/STM32G4xx_HAL_Driver/Src/stm32g4xx_hal_rcc.o
 .text.HAL_RCCEx_PeriphCLKConfig
                0x0000000008001c98      0x498 Drivers/STM32G4xx_HAL_Driver/Src/stm32g4xx_hal_rcc_ex.o
                0x0000000008001c98                HAL_RCCEx_PeriphCLKConfig
 .text.HAL_TIM_Base_Init
                0x0000000008002130       0xae Drivers/STM32G4xx_HAL_Driver/Src/stm32g4xx_hal_tim.o
                0x0000000008002130                HAL_TIM_Base_Init
 .text.HAL_TIM_Base_MspInit
                0x00000000080021de       0x14 Drivers/STM32G4xx_HAL_Driver/Src/stm32g4xx_hal_tim.o
                0x00000000080021de                HAL_TIM_Base_MspInit
 *fill*         0x00000000080021f2        0x2 
 .text.HAL_TIM_Base_Start_IT
                0x00000000080021f4       0x6c Drivers/STM32G4xx_HAL_Driver/Src/stm32g4xx_hal_tim.o
                0x00000000080021f4                HAL_TIM_Base_Start_IT
 .text.HAL_TIM_IRQHandler
                0x0000000008002260      0x2fe Drivers/STM32G4xx_HAL_Driver/Src/stm32g4xx_hal_tim.o
                0x0000000008002260                HAL_TIM_IRQHandler
 .text.HAL_TIM_OC_DelayElapsedCallback
                0x000000000800255e       0x14 Drivers/STM32G4xx_HAL_Driver/Src/stm32g4xx_hal_tim.o
                0x000000000800255e                HAL_TIM_OC_DelayElapsedCallback
 .text.HAL_TIM_IC_CaptureCallback
                0x0000000008002572       0x14 Drivers/STM32G4xx_HAL_Driver/Src/stm32g4xx_hal_tim.o
                0x0000000008002572                HAL_TIM_IC_CaptureCallback
 .text.HAL_TIM_PWM_PulseFinishedCallback
                0x0000000008002586       0x14 Drivers/STM32G4xx_HAL_Driver/Src/stm32g4xx_hal_tim.o
                0x0000000008002586                HAL_TIM_PWM_PulseFinishedCallback
 .text.HAL_TIM_TriggerCallback
                0x000000000800259a       0x14 Drivers/STM32G4xx_HAL_Driver/Src/stm32g4xx_hal_tim.o
                0x000000000800259a                HAL_TIM_TriggerCallback
 *fill*         0x00000000080025ae        0x2 
 .text.TIM_Base_SetConfig
                0x00000000080025b0      0x150 Drivers/STM32G4xx_HAL_Driver/Src/stm32g4xx_hal_tim.o
                0x00000000080025b0                TIM_Base_SetConfig
 .text.HAL_TIMEx_CommutCallback
                0x0000000008002700       0x14 Drivers/STM32G4xx_HAL_Driver/Src/stm32g4xx_hal_tim_ex.o
                0x0000000008002700                HAL_TIMEx_CommutCallback
 .text.HAL_TIMEx_BreakCallback
                0x0000000008002714       0x14 Drivers/STM32G4xx_HAL_Driver/Src/stm32g4xx_hal_tim_ex.o
                0x0000000008002714                HAL_TIMEx_BreakCallback
 .text.HAL_TIMEx_Break2Callback
                0x0000000008002728       0x14 Drivers/STM32G4xx_HAL_Driver/Src/stm32g4xx_hal_tim_ex.o
                0x0000000008002728                HAL_TIMEx_Break2Callback
 .text.HAL_TIMEx_EncoderIndexCallback
                0x000000000800273c       0x14 Drivers/STM32G4xx_HAL_Driver/Src/stm32g4xx_hal_tim_ex.o
                0x000000000800273c                HAL_TIMEx_EncoderIndexCallback
 .text.HAL_TIMEx_DirectionChangeCallback
                0x0000000008002750       0x14 Drivers/STM32G4xx_HAL_Driver/Src/stm32g4xx_hal_tim_ex.o
                0x0000000008002750                HAL_TIMEx_DirectionChangeCallback
 .text.HAL_TIMEx_IndexErrorCallback
                0x0000000008002764       0x14 Drivers/STM32G4xx_HAL_Driver/Src/stm32g4xx_hal_tim_ex.o
                0x0000000008002764                HAL_TIMEx_IndexErrorCallback
 .text.HAL_TIMEx_TransitionErrorCallback
                0x0000000008002778       0x14 Drivers/STM32G4xx_HAL_Driver/Src/stm32g4xx_hal_tim_ex.o
                0x0000000008002778                HAL_TIMEx_TransitionErrorCallback
 .text.HAL_UART_Init
                0x000000000800278c       0xa0 Drivers/STM32G4xx_HAL_Driver/Src/stm32g4xx_hal_uart.o
                0x000000000800278c                HAL_UART_Init
 *fill*         0x000000000800282c        0x4 
 .text.UART_SetConfig
                0x0000000008002830     0x13dc Drivers/STM32G4xx_HAL_Driver/Src/stm32g4xx_hal_uart.o
                0x0000000008002830                UART_SetConfig
 .text.UART_AdvFeatureConfig
                0x0000000008003c0c      0x144 Drivers/STM32G4xx_HAL_Driver/Src/stm32g4xx_hal_uart.o
                0x0000000008003c0c                UART_AdvFeatureConfig
 .text.UART_CheckIdleState
                0x0000000008003d50       0x90 Drivers/STM32G4xx_HAL_Driver/Src/stm32g4xx_hal_uart.o
                0x0000000008003d50                UART_CheckIdleState
 .text.UART_WaitOnFlagUntilTimeout
                0x0000000008003de0       0x94 Drivers/STM32G4xx_HAL_Driver/Src/stm32g4xx_hal_uart.o
                0x0000000008003de0                UART_WaitOnFlagUntilTimeout
 .text.HAL_UARTEx_DisableFifoMode
                0x0000000008003e74       0x72 Drivers/STM32G4xx_HAL_Driver/Src/stm32g4xx_hal_uart_ex.o
                0x0000000008003e74                HAL_UARTEx_DisableFifoMode
 .text.HAL_UARTEx_SetTxFifoThreshold
                0x0000000008003ee6       0x7c Drivers/STM32G4xx_HAL_Driver/Src/stm32g4xx_hal_uart_ex.o
                0x0000000008003ee6                HAL_UARTEx_SetTxFifoThreshold
 .text.HAL_UARTEx_SetRxFifoThreshold
                0x0000000008003f62       0x7c Drivers/STM32G4xx_HAL_Driver/Src/stm32g4xx_hal_uart_ex.o
                0x0000000008003f62                HAL_UARTEx_SetRxFifoThreshold
 *fill*         0x0000000008003fde        0x2 
 .text.UARTEx_SetNbDataToProcess
                0x0000000008003fe0       0xd0 Drivers/STM32G4xx_HAL_Driver/Src/stm32g4xx_hal_uart_ex.o
 .text.SVC_Setup
                0x00000000080040b0        0xe Middlewares/Third_Party/FreeRTOS/Source/CMSIS_RTOS_V2/cmsis_os2.o
 *fill*         0x00000000080040be        0x2 
 .text.osKernelInitialize
                0x00000000080040c0       0x68 Middlewares/Third_Party/FreeRTOS/Source/CMSIS_RTOS_V2/cmsis_os2.o
                0x00000000080040c0                osKernelInitialize
 .text.osKernelStart
                0x0000000008004128       0x6c Middlewares/Third_Party/FreeRTOS/Source/CMSIS_RTOS_V2/cmsis_os2.o
                0x0000000008004128                osKernelStart
 .text.osThreadNew
                0x0000000008004194      0x14c Middlewares/Third_Party/FreeRTOS/Source/CMSIS_RTOS_V2/cmsis_os2.o
                0x0000000008004194                osThreadNew
 .text.osDelay  0x00000000080042e0       0x5c Middlewares/Third_Party/FreeRTOS/Source/CMSIS_RTOS_V2/cmsis_os2.o
                0x00000000080042e0                osDelay
 .text.vApplicationGetIdleTaskMemory
                0x000000000800433c       0x34 Middlewares/Third_Party/FreeRTOS/Source/CMSIS_RTOS_V2/cmsis_os2.o
                0x000000000800433c                vApplicationGetIdleTaskMemory
 .text.vApplicationGetTimerTaskMemory
                0x0000000008004370       0x34 Middlewares/Third_Party/FreeRTOS/Source/CMSIS_RTOS_V2/cmsis_os2.o
                0x0000000008004370                vApplicationGetTimerTaskMemory
 .text.vListInitialise
                0x00000000080043a4       0x40 Middlewares/Third_Party/FreeRTOS/Source/list.o
                0x00000000080043a4                vListInitialise
 .text.vListInitialiseItem
                0x00000000080043e4       0x1a Middlewares/Third_Party/FreeRTOS/Source/list.o
                0x00000000080043e4                vListInitialiseItem
 .text.vListInsertEnd
                0x00000000080043fe       0x48 Middlewares/Third_Party/FreeRTOS/Source/list.o
                0x00000000080043fe                vListInsertEnd
 .text.vListInsert
                0x0000000008004446       0x72 Middlewares/Third_Party/FreeRTOS/Source/list.o
                0x0000000008004446                vListInsert
 .text.uxListRemove
                0x00000000080044b8       0x54 Middlewares/Third_Party/FreeRTOS/Source/list.o
                0x00000000080044b8                uxListRemove
 .text.xQueueGenericReset
                0x000000000800450c       0xd0 Middlewares/Third_Party/FreeRTOS/Source/queue.o
                0x000000000800450c                xQueueGenericReset
 .text.xQueueGenericCreateStatic
                0x00000000080045dc       0xe6 Middlewares/Third_Party/FreeRTOS/Source/queue.o
                0x00000000080045dc                xQueueGenericCreateStatic
 .text.prvInitialiseNewQueue
                0x00000000080046c2       0x46 Middlewares/Third_Party/FreeRTOS/Source/queue.o
 .text.xQueueGenericSend
                0x0000000008004708      0x1f4 Middlewares/Third_Party/FreeRTOS/Source/queue.o
                0x0000000008004708                xQueueGenericSend
 .text.xQueueGenericSendFromISR
                0x00000000080048fc      0x128 Middlewares/Third_Party/FreeRTOS/Source/queue.o
                0x00000000080048fc                xQueueGenericSendFromISR
 .text.xQueueReceive
                0x0000000008004a24      0x1b8 Middlewares/Third_Party/FreeRTOS/Source/queue.o
                0x0000000008004a24                xQueueReceive
 .text.prvCopyDataToQueue
                0x0000000008004bdc       0xd4 Middlewares/Third_Party/FreeRTOS/Source/queue.o
 .text.prvCopyDataFromQueue
                0x0000000008004cb0       0x4c Middlewares/Third_Party/FreeRTOS/Source/queue.o
 .text.prvUnlockQueue
                0x0000000008004cfc       0xa4 Middlewares/Third_Party/FreeRTOS/Source/queue.o
 .text.prvIsQueueEmpty
                0x0000000008004da0       0x2c Middlewares/Third_Party/FreeRTOS/Source/queue.o
 .text.prvIsQueueFull
                0x0000000008004dcc       0x30 Middlewares/Third_Party/FreeRTOS/Source/queue.o
 .text.vQueueAddToRegistry
                0x0000000008004dfc       0x50 Middlewares/Third_Party/FreeRTOS/Source/queue.o
                0x0000000008004dfc                vQueueAddToRegistry
 .text.vQueueWaitForMessageRestricted
                0x0000000008004e4c       0x68 Middlewares/Third_Party/FreeRTOS/Source/queue.o
                0x0000000008004e4c                vQueueWaitForMessageRestricted
 .text.xTaskCreateStatic
                0x0000000008004eb4       0xb4 Middlewares/Third_Party/FreeRTOS/Source/tasks.o
                0x0000000008004eb4                xTaskCreateStatic
 .text.xTaskCreate
                0x0000000008004f68       0x8a Middlewares/Third_Party/FreeRTOS/Source/tasks.o
                0x0000000008004f68                xTaskCreate
 .text.prvInitialiseNewTask
                0x0000000008004ff2      0x11c Middlewares/Third_Party/FreeRTOS/Source/tasks.o
 *fill*         0x000000000800510e        0x2 
 .text.prvAddNewTaskToReadyList
                0x0000000008005110       0xe0 Middlewares/Third_Party/FreeRTOS/Source/tasks.o
 .text.vTaskDelay
                0x00000000080051f0       0x68 Middlewares/Third_Party/FreeRTOS/Source/tasks.o
                0x00000000080051f0                vTaskDelay
 .text.vTaskStartScheduler
                0x0000000008005258       0xc8 Middlewares/Third_Party/FreeRTOS/Source/tasks.o
                0x0000000008005258                vTaskStartScheduler
 .text.vTaskSuspendAll
                0x0000000008005320       0x1c Middlewares/Third_Party/FreeRTOS/Source/tasks.o
                0x0000000008005320                vTaskSuspendAll
 .text.xTaskResumeAll
                0x000000000800533c      0x138 Middlewares/Third_Party/FreeRTOS/Source/tasks.o
                0x000000000800533c                xTaskResumeAll
 .text.xTaskGetTickCount
                0x0000000008005474       0x20 Middlewares/Third_Party/FreeRTOS/Source/tasks.o
                0x0000000008005474                xTaskGetTickCount
 .text.xTaskIncrementTick
                0x0000000008005494      0x170 Middlewares/Third_Party/FreeRTOS/Source/tasks.o
                0x0000000008005494                xTaskIncrementTick
 .text.vTaskSwitchContext
                0x0000000008005604       0xb8 Middlewares/Third_Party/FreeRTOS/Source/tasks.o
                0x0000000008005604                vTaskSwitchContext
 .text.vTaskPlaceOnEventList
                0x00000000080056bc       0x48 Middlewares/Third_Party/FreeRTOS/Source/tasks.o
                0x00000000080056bc                vTaskPlaceOnEventList
 .text.vTaskPlaceOnEventListRestricted
                0x0000000008005704       0x54 Middlewares/Third_Party/FreeRTOS/Source/tasks.o
                0x0000000008005704                vTaskPlaceOnEventListRestricted
 .text.xTaskRemoveFromEventList
                0x0000000008005758       0xc4 Middlewares/Third_Party/FreeRTOS/Source/tasks.o
                0x0000000008005758                xTaskRemoveFromEventList
 .text.vTaskInternalSetTimeOutState
                0x000000000800581c       0x2c Middlewares/Third_Party/FreeRTOS/Source/tasks.o
                0x000000000800581c                vTaskInternalSetTimeOutState
 .text.xTaskCheckForTimeOut
                0x0000000008005848       0xc0 Middlewares/Third_Party/FreeRTOS/Source/tasks.o
                0x0000000008005848                xTaskCheckForTimeOut
 .text.vTaskMissedYield
                0x0000000008005908       0x18 Middlewares/Third_Party/FreeRTOS/Source/tasks.o
                0x0000000008005908                vTaskMissedYield
 .text.prvIdleTask
                0x0000000008005920       0x30 Middlewares/Third_Party/FreeRTOS/Source/tasks.o
 .text.prvInitialiseTaskLists
                0x0000000008005950       0x80 Middlewares/Third_Party/FreeRTOS/Source/tasks.o
 .text.prvCheckTasksWaitingTermination
                0x00000000080059d0       0x58 Middlewares/Third_Party/FreeRTOS/Source/tasks.o
 .text.prvDeleteTCB
                0x0000000008005a28       0x5c Middlewares/Third_Party/FreeRTOS/Source/tasks.o
 .text.prvResetNextTaskUnblockTime
                0x0000000008005a84       0x40 Middlewares/Third_Party/FreeRTOS/Source/tasks.o
 .text.xTaskGetSchedulerState
                0x0000000008005ac4       0x3c Middlewares/Third_Party/FreeRTOS/Source/tasks.o
                0x0000000008005ac4                xTaskGetSchedulerState
 .text.xTaskPriorityDisinherit
                0x0000000008005b00       0xd8 Middlewares/Third_Party/FreeRTOS/Source/tasks.o
                0x0000000008005b00                xTaskPriorityDisinherit
 .text.prvAddCurrentTaskToDelayedList
                0x0000000008005bd8       0xa8 Middlewares/Third_Party/FreeRTOS/Source/tasks.o
 .text.xTimerCreateTimerTask
                0x0000000008005c80       0x90 Middlewares/Third_Party/FreeRTOS/Source/timers.o
                0x0000000008005c80                xTimerCreateTimerTask
 .text.xTimerGenericCommand
                0x0000000008005d10       0x98 Middlewares/Third_Party/FreeRTOS/Source/timers.o
                0x0000000008005d10                xTimerGenericCommand
 .text.prvProcessExpiredTimer
                0x0000000008005da8       0x98 Middlewares/Third_Party/FreeRTOS/Source/timers.o
 .text.prvTimerTask
                0x0000000008005e40       0x24 Middlewares/Third_Party/FreeRTOS/Source/timers.o
 .text.prvProcessTimerOrBlockTask
                0x0000000008005e64       0x9c Middlewares/Third_Party/FreeRTOS/Source/timers.o
 .text.prvGetNextExpireTime
                0x0000000008005f00       0x48 Middlewares/Third_Party/FreeRTOS/Source/timers.o
 .text.prvSampleTimeNow
                0x0000000008005f48       0x40 Middlewares/Third_Party/FreeRTOS/Source/timers.o
 .text.prvInsertTimerInActiveList
                0x0000000008005f88       0x84 Middlewares/Third_Party/FreeRTOS/Source/timers.o
 .text.prvProcessReceivedCommands
                0x000000000800600c      0x1b8 Middlewares/Third_Party/FreeRTOS/Source/timers.o
 .text.prvSwitchTimerLists
                0x00000000080061c4       0xc8 Middlewares/Third_Party/FreeRTOS/Source/timers.o
 .text.prvCheckForValidListAndQueue
                0x000000000800628c       0x80 Middlewares/Third_Party/FreeRTOS/Source/timers.o
 .text.pxPortInitialiseStack
                0x000000000800630c       0x68 Middlewares/Third_Party/FreeRTOS/Source/portable/GCC/ARM_CM4F/port.o
                0x000000000800630c                pxPortInitialiseStack
 .text.prvTaskExitError
                0x0000000008006374       0x54 Middlewares/Third_Party/FreeRTOS/Source/portable/GCC/ARM_CM4F/port.o
 *fill*         0x00000000080063c8        0x8 
 .text.SVC_Handler
                0x00000000080063d0       0x28 Middlewares/Third_Party/FreeRTOS/Source/portable/GCC/ARM_CM4F/port.o
                0x00000000080063d0                SVC_Handler
 .text.prvPortStartFirstTask
                0x00000000080063f8       0x28 Middlewares/Third_Party/FreeRTOS/Source/portable/GCC/ARM_CM4F/port.o
 .text.xPortStartScheduler
                0x0000000008006420      0x13c Middlewares/Third_Party/FreeRTOS/Source/portable/GCC/ARM_CM4F/port.o
                0x0000000008006420                xPortStartScheduler
 .text.vPortEnterCritical
                0x000000000800655c       0x5c Middlewares/Third_Party/FreeRTOS/Source/portable/GCC/ARM_CM4F/port.o
                0x000000000800655c                vPortEnterCritical
 .text.vPortExitCritical
                0x00000000080065b8       0x50 Middlewares/Third_Party/FreeRTOS/Source/portable/GCC/ARM_CM4F/port.o
                0x00000000080065b8                vPortExitCritical
 *fill*         0x0000000008006608        0x8 
 .text.PendSV_Handler
                0x0000000008006610       0x68 Middlewares/Third_Party/FreeRTOS/Source/portable/GCC/ARM_CM4F/port.o
                0x0000000008006610                PendSV_Handler
 .text.SysTick_Handler
                0x0000000008006678       0x40 Middlewares/Third_Party/FreeRTOS/Source/portable/GCC/ARM_CM4F/port.o
                0x0000000008006678                SysTick_Handler
 .text.vPortSetupTimerInterrupt
                0x00000000080066b8       0x48 Middlewares/Third_Party/FreeRTOS/Source/portable/GCC/ARM_CM4F/port.o
                0x00000000080066b8                vPortSetupTimerInterrupt
 .text.vPortEnableVFP
                0x0000000008006700       0x14 Middlewares/Third_Party/FreeRTOS/Source/portable/GCC/ARM_CM4F/port.o
 .text.vPortValidateInterruptPriority
                0x0000000008006714       0x7c Middlewares/Third_Party/FreeRTOS/Source/portable/GCC/ARM_CM4F/port.o
                0x0000000008006714                vPortValidateInterruptPriority
 .text.pvPortMalloc
                0x0000000008006790      0x184 Middlewares/Third_Party/FreeRTOS/Source/portable/MemMang/heap_4.o
                0x0000000008006790                pvPortMalloc
 .text.vPortFree
                0x0000000008006914       0xb0 Middlewares/Third_Party/FreeRTOS/Source/portable/MemMang/heap_4.o
                0x0000000008006914                vPortFree
 .text.prvHeapInit
                0x00000000080069c4       0xc4 Middlewares/Third_Party/FreeRTOS/Source/portable/MemMang/heap_4.o
 .text.prvInsertBlockIntoFreeList
                0x0000000008006a88       0xb4 Middlewares/Third_Party/FreeRTOS/Source/portable/MemMang/heap_4.o
 .text.__libc_init_array
                0x0000000008006b3c       0x48 c:/programdata/st/stm32cubeide_1.3.0/stm32cubeide/plugins/com.st.stm32cube.ide.mcu.externaltools.gnu-tools-for-stm32.7-2018-q2-update.win32_1.0.0.201904181610/tools/bin/../lib/gcc/arm-none-eabi/7.3.1/../../../../arm-none-eabi/lib/thumb/v7e-m/fpv4-sp/hard\libc_nano.a(lib_a-init.o)
                0x0000000008006b3c                __libc_init_array
 .text.memcpy   0x0000000008006b84       0x16 c:/programdata/st/stm32cubeide_1.3.0/stm32cubeide/plugins/com.st.stm32cube.ide.mcu.externaltools.gnu-tools-for-stm32.7-2018-q2-update.win32_1.0.0.201904181610/tools/bin/../lib/gcc/arm-none-eabi/7.3.1/../../../../arm-none-eabi/lib/thumb/v7e-m/fpv4-sp/hard\libc_nano.a(lib_a-memcpy-stub.o)
                0x0000000008006b84                memcpy
 .text.memset   0x0000000008006b9a       0x10 c:/programdata/st/stm32cubeide_1.3.0/stm32cubeide/plugins/com.st.stm32cube.ide.mcu.externaltools.gnu-tools-for-stm32.7-2018-q2-update.win32_1.0.0.201904181610/tools/bin/../lib/gcc/arm-none-eabi/7.3.1/../../../../arm-none-eabi/lib/thumb/v7e-m/fpv4-sp/hard\libc_nano.a(lib_a-memset.o)
                0x0000000008006b9a                memset
 *(.glue_7)
 .glue_7        0x0000000008006baa        0x0 linker stubs
 *(.glue_7t)
 .glue_7t       0x0000000008006baa        0x0 linker stubs
 *(.eh_frame)
 *fill*         0x0000000008006baa        0x2 
 .eh_frame      0x0000000008006bac        0x0 c:/programdata/st/stm32cubeide_1.3.0/stm32cubeide/plugins/com.st.stm32cube.ide.mcu.externaltools.gnu-tools-for-stm32.7-2018-q2-update.win32_1.0.0.201904181610/tools/bin/../lib/gcc/arm-none-eabi/7.3.1/thumb/v7e-m/fpv4-sp/hard/crtbegin.o
 *(.init)
 .init          0x0000000008006bac        0x4 c:/programdata/st/stm32cubeide_1.3.0/stm32cubeide/plugins/com.st.stm32cube.ide.mcu.externaltools.gnu-tools-for-stm32.7-2018-q2-update.win32_1.0.0.201904181610/tools/bin/../lib/gcc/arm-none-eabi/7.3.1/thumb/v7e-m/fpv4-sp/hard/crti.o
                0x0000000008006bac                _init
 .init          0x0000000008006bb0        0x8 c:/programdata/st/stm32cubeide_1.3.0/stm32cubeide/plugins/com.st.stm32cube.ide.mcu.externaltools.gnu-tools-for-stm32.7-2018-q2-update.win32_1.0.0.201904181610/tools/bin/../lib/gcc/arm-none-eabi/7.3.1/thumb/v7e-m/fpv4-sp/hard/crtn.o
 *(.fini)
 .fini          0x0000000008006bb8        0x4 c:/programdata/st/stm32cubeide_1.3.0/stm32cubeide/plugins/com.st.stm32cube.ide.mcu.externaltools.gnu-tools-for-stm32.7-2018-q2-update.win32_1.0.0.201904181610/tools/bin/../lib/gcc/arm-none-eabi/7.3.1/thumb/v7e-m/fpv4-sp/hard/crti.o
                0x0000000008006bb8                _fini
 .fini          0x0000000008006bbc        0x8 c:/programdata/st/stm32cubeide_1.3.0/stm32cubeide/plugins/com.st.stm32cube.ide.mcu.externaltools.gnu-tools-for-stm32.7-2018-q2-update.win32_1.0.0.201904181610/tools/bin/../lib/gcc/arm-none-eabi/7.3.1/thumb/v7e-m/fpv4-sp/hard/crtn.o
                0x0000000008006bc4                . = ALIGN (0x4)
                0x0000000008006bc4                _etext = .

.vfp11_veneer   0x0000000008006bc4        0x0
 .vfp11_veneer  0x0000000008006bc4        0x0 linker stubs

.v4_bx          0x0000000008006bc4        0x0
 .v4_bx         0x0000000008006bc4        0x0 linker stubs

.iplt           0x0000000008006bc4        0x0
 .iplt          0x0000000008006bc4        0x0 c:/programdata/st/stm32cubeide_1.3.0/stm32cubeide/plugins/com.st.stm32cube.ide.mcu.externaltools.gnu-tools-for-stm32.7-2018-q2-update.win32_1.0.0.201904181610/tools/bin/../lib/gcc/arm-none-eabi/7.3.1/thumb/v7e-m/fpv4-sp/hard/crtbegin.o

.rodata         0x0000000008006bc4       0x9c
                0x0000000008006bc4                . = ALIGN (0x4)
 *(.rodata)
 .rodata        0x0000000008006bc4       0x14 Core/Src/main.o
 .rodata        0x0000000008006bd8       0x10 Drivers/STM32G4xx_HAL_Driver/Src/stm32g4xx_hal_uart_ex.o
 .rodata        0x0000000008006be8        0x5 Middlewares/Third_Party/FreeRTOS/Source/tasks.o
 *fill*         0x0000000008006bed        0x3 
 .rodata        0x0000000008006bf0        0xd Middlewares/Third_Party/FreeRTOS/Source/timers.o
 *(.rodata*)
 *fill*         0x0000000008006bfd        0x3 
 .rodata.defaultTask_attributes
                0x0000000008006c00       0x24 Core/Src/main.o
                0x0000000008006c00                defaultTask_attributes
 .rodata.LEDTASK_attributes
                0x0000000008006c24       0x24 Core/Src/main.o
                0x0000000008006c24                LEDTASK_attributes
 .rodata.AHBPrescTable
                0x0000000008006c48       0x10 Core/Src/system_stm32g4xx.o
                0x0000000008006c48                AHBPrescTable
 .rodata.APBPrescTable
                0x0000000008006c58        0x8 Core/Src/system_stm32g4xx.o
                0x0000000008006c58                APBPrescTable
                0x0000000008006c60                . = ALIGN (0x4)

.ARM.extab      0x0000000008006c60        0x0
                0x0000000008006c60                . = ALIGN (0x4)
 *(.ARM.extab* .gnu.linkonce.armextab.*)
                0x0000000008006c60                . = ALIGN (0x4)

.ARM            0x0000000008006c60        0x8
                0x0000000008006c60                . = ALIGN (0x4)
                0x0000000008006c60                __exidx_start = .
 *(.ARM.exidx*)
 .ARM.exidx     0x0000000008006c60        0x8 c:/programdata/st/stm32cubeide_1.3.0/stm32cubeide/plugins/com.st.stm32cube.ide.mcu.externaltools.gnu-tools-for-stm32.7-2018-q2-update.win32_1.0.0.201904181610/tools/bin/../lib/gcc/arm-none-eabi/7.3.1/thumb/v7e-m/fpv4-sp/hard\libgcc.a(_udivmoddi4.o)
                0x0000000008006c68                __exidx_end = .
                0x0000000008006c68                . = ALIGN (0x4)

.rel.dyn        0x0000000008006c68        0x0
 .rel.iplt      0x0000000008006c68        0x0 c:/programdata/st/stm32cubeide_1.3.0/stm32cubeide/plugins/com.st.stm32cube.ide.mcu.externaltools.gnu-tools-for-stm32.7-2018-q2-update.win32_1.0.0.201904181610/tools/bin/../lib/gcc/arm-none-eabi/7.3.1/thumb/v7e-m/fpv4-sp/hard/crtbegin.o

.preinit_array  0x0000000008006c68        0x0
                0x0000000008006c68                . = ALIGN (0x4)
                0x0000000008006c68                PROVIDE (__preinit_array_start = .)
 *(.preinit_array*)
                0x0000000008006c68                PROVIDE (__preinit_array_end = .)
                0x0000000008006c68                . = ALIGN (0x4)

.init_array     0x0000000008006c68        0x4
                0x0000000008006c68                . = ALIGN (0x4)
                0x0000000008006c68                PROVIDE (__init_array_start = .)
 *(SORT_BY_NAME(.init_array.*))
 *(.init_array*)
 .init_array    0x0000000008006c68        0x4 c:/programdata/st/stm32cubeide_1.3.0/stm32cubeide/plugins/com.st.stm32cube.ide.mcu.externaltools.gnu-tools-for-stm32.7-2018-q2-update.win32_1.0.0.201904181610/tools/bin/../lib/gcc/arm-none-eabi/7.3.1/thumb/v7e-m/fpv4-sp/hard/crtbegin.o
                0x0000000008006c6c                PROVIDE (__init_array_end = .)
                0x0000000008006c6c                . = ALIGN (0x4)

.fini_array     0x0000000008006c6c        0x4
                0x0000000008006c6c                . = ALIGN (0x4)
                [!provide]                        PROVIDE (__fini_array_start = .)
 *(SORT_BY_NAME(.fini_array.*))
 *(.fini_array*)
 .fini_array    0x0000000008006c6c        0x4 c:/programdata/st/stm32cubeide_1.3.0/stm32cubeide/plugins/com.st.stm32cube.ide.mcu.externaltools.gnu-tools-for-stm32.7-2018-q2-update.win32_1.0.0.201904181610/tools/bin/../lib/gcc/arm-none-eabi/7.3.1/thumb/v7e-m/fpv4-sp/hard/crtbegin.o
                [!provide]                        PROVIDE (__fini_array_end = .)
                0x0000000008006c70                . = ALIGN (0x4)
                0x0000000008006c70                _sidata = LOADADDR (.data)

.data           0x0000000020000000       0x14 load address 0x0000000008006c70
                0x0000000020000000                . = ALIGN (0x4)
                0x0000000020000000                _sdata = .
 *(.data)
 *(.data*)
 .data.buffer   0x0000000020000000        0x4 Core/Src/main.o
                0x0000000020000000                buffer
 .data.SystemCoreClock
                0x0000000020000004        0x4 Core/Src/system_stm32g4xx.o
                0x0000000020000004                SystemCoreClock
 .data.uwTickPrio
                0x0000000020000008        0x4 Drivers/STM32G4xx_HAL_Driver/Src/stm32g4xx_hal.o
                0x0000000020000008                uwTickPrio
 .data.uwTickFreq
                0x000000002000000c        0x4 Drivers/STM32G4xx_HAL_Driver/Src/stm32g4xx_hal.o
                0x000000002000000c                uwTickFreq
 .data.uxCriticalNesting
                0x0000000020000010        0x4 Middlewares/Third_Party/FreeRTOS/Source/portable/GCC/ARM_CM4F/port.o
                0x0000000020000014                . = ALIGN (0x4)
                0x0000000020000014                _edata = .

.igot.plt       0x0000000020000014        0x0 load address 0x0000000008006c84
 .igot.plt      0x0000000020000014        0x0 c:/programdata/st/stm32cubeide_1.3.0/stm32cubeide/plugins/com.st.stm32cube.ide.mcu.externaltools.gnu-tools-for-stm32.7-2018-q2-update.win32_1.0.0.201904181610/tools/bin/../lib/gcc/arm-none-eabi/7.3.1/thumb/v7e-m/fpv4-sp/hard/crtbegin.o
                0x0000000020000014                . = ALIGN (0x4)

.bss            0x0000000020000014     0x1a48 load address 0x0000000008006c84
                0x0000000020000014                _sbss = .
                0x0000000020000014                __bss_start__ = _sbss
 *(.bss)
 .bss           0x0000000020000014       0x1c c:/programdata/st/stm32cubeide_1.3.0/stm32cubeide/plugins/com.st.stm32cube.ide.mcu.externaltools.gnu-tools-for-stm32.7-2018-q2-update.win32_1.0.0.201904181610/tools/bin/../lib/gcc/arm-none-eabi/7.3.1/thumb/v7e-m/fpv4-sp/hard/crtbegin.o
 *(.bss*)
 .bss.KernelState
                0x0000000020000030        0x4 Middlewares/Third_Party/FreeRTOS/Source/CMSIS_RTOS_V2/cmsis_os2.o
 .bss.Idle_TCB  0x0000000020000034       0x5c Middlewares/Third_Party/FreeRTOS/Source/CMSIS_RTOS_V2/cmsis_os2.o
 .bss.Idle_Stack
                0x0000000020000090      0x200 Middlewares/Third_Party/FreeRTOS/Source/CMSIS_RTOS_V2/cmsis_os2.o
 .bss.Timer_TCB
                0x0000000020000290       0x5c Middlewares/Third_Party/FreeRTOS/Source/CMSIS_RTOS_V2/cmsis_os2.o
 .bss.Timer_Stack
                0x00000000200002ec      0x400 Middlewares/Third_Party/FreeRTOS/Source/CMSIS_RTOS_V2/cmsis_os2.o
 .bss.pxCurrentTCB
                0x00000000200006ec        0x4 Middlewares/Third_Party/FreeRTOS/Source/tasks.o
                0x00000000200006ec                pxCurrentTCB
 .bss.pxReadyTasksLists
                0x00000000200006f0      0x460 Middlewares/Third_Party/FreeRTOS/Source/tasks.o
 .bss.xDelayedTaskList1
                0x0000000020000b50       0x14 Middlewares/Third_Party/FreeRTOS/Source/tasks.o
 .bss.xDelayedTaskList2
                0x0000000020000b64       0x14 Middlewares/Third_Party/FreeRTOS/Source/tasks.o
 .bss.pxDelayedTaskList
                0x0000000020000b78        0x4 Middlewares/Third_Party/FreeRTOS/Source/tasks.o
 .bss.pxOverflowDelayedTaskList
                0x0000000020000b7c        0x4 Middlewares/Third_Party/FreeRTOS/Source/tasks.o
 .bss.xPendingReadyList
                0x0000000020000b80       0x14 Middlewares/Third_Party/FreeRTOS/Source/tasks.o
 .bss.xTasksWaitingTermination
                0x0000000020000b94       0x14 Middlewares/Third_Party/FreeRTOS/Source/tasks.o
 .bss.uxDeletedTasksWaitingCleanUp
                0x0000000020000ba8        0x4 Middlewares/Third_Party/FreeRTOS/Source/tasks.o
 .bss.xSuspendedTaskList
                0x0000000020000bac       0x14 Middlewares/Third_Party/FreeRTOS/Source/tasks.o
 .bss.uxCurrentNumberOfTasks
                0x0000000020000bc0        0x4 Middlewares/Third_Party/FreeRTOS/Source/tasks.o
 .bss.xTickCount
                0x0000000020000bc4        0x4 Middlewares/Third_Party/FreeRTOS/Source/tasks.o
 .bss.uxTopReadyPriority
                0x0000000020000bc8        0x4 Middlewares/Third_Party/FreeRTOS/Source/tasks.o
 .bss.xSchedulerRunning
                0x0000000020000bcc        0x4 Middlewares/Third_Party/FreeRTOS/Source/tasks.o
 .bss.uxPendedTicks
                0x0000000020000bd0        0x4 Middlewares/Third_Party/FreeRTOS/Source/tasks.o
 .bss.xYieldPending
                0x0000000020000bd4        0x4 Middlewares/Third_Party/FreeRTOS/Source/tasks.o
 .bss.xNumOfOverflows
                0x0000000020000bd8        0x4 Middlewares/Third_Party/FreeRTOS/Source/tasks.o
 .bss.uxTaskNumber
                0x0000000020000bdc        0x4 Middlewares/Third_Party/FreeRTOS/Source/tasks.o
 .bss.xNextTaskUnblockTime
                0x0000000020000be0        0x4 Middlewares/Third_Party/FreeRTOS/Source/tasks.o
 .bss.xIdleTaskHandle
                0x0000000020000be4        0x4 Middlewares/Third_Party/FreeRTOS/Source/tasks.o
 .bss.uxSchedulerSuspended
                0x0000000020000be8        0x4 Middlewares/Third_Party/FreeRTOS/Source/tasks.o
 .bss.xActiveTimerList1
                0x0000000020000bec       0x14 Middlewares/Third_Party/FreeRTOS/Source/timers.o
 .bss.xActiveTimerList2
                0x0000000020000c00       0x14 Middlewares/Third_Party/FreeRTOS/Source/timers.o
 .bss.pxCurrentTimerList
                0x0000000020000c14        0x4 Middlewares/Third_Party/FreeRTOS/Source/timers.o
 .bss.pxOverflowTimerList
                0x0000000020000c18        0x4 Middlewares/Third_Party/FreeRTOS/Source/timers.o
 .bss.xTimerQueue
                0x0000000020000c1c        0x4 Middlewares/Third_Party/FreeRTOS/Source/timers.o
 .bss.xTimerTaskHandle
                0x0000000020000c20        0x4 Middlewares/Third_Party/FreeRTOS/Source/timers.o
 .bss.xLastTime.6741
                0x0000000020000c24        0x4 Middlewares/Third_Party/FreeRTOS/Source/timers.o
 .bss.ucStaticTimerQueueStorage.6792
                0x0000000020000c28       0xa0 Middlewares/Third_Party/FreeRTOS/Source/timers.o
 .bss.xStaticTimerQueue.6791
                0x0000000020000cc8       0x50 Middlewares/Third_Party/FreeRTOS/Source/timers.o
 .bss.ucMaxSysCallPriority
                0x0000000020000d18        0x1 Middlewares/Third_Party/FreeRTOS/Source/portable/GCC/ARM_CM4F/port.o
 *fill*         0x0000000020000d19        0x3 
 .bss.ulMaxPRIGROUPValue
                0x0000000020000d1c        0x4 Middlewares/Third_Party/FreeRTOS/Source/portable/GCC/ARM_CM4F/port.o
 .bss.ucHeap    0x0000000020000d20      0xc00 Middlewares/Third_Party/FreeRTOS/Source/portable/MemMang/heap_4.o
 .bss.xStart    0x0000000020001920        0x8 Middlewares/Third_Party/FreeRTOS/Source/portable/MemMang/heap_4.o
 .bss.pxEnd     0x0000000020001928        0x4 Middlewares/Third_Party/FreeRTOS/Source/portable/MemMang/heap_4.o
 .bss.xFreeBytesRemaining
                0x000000002000192c        0x4 Middlewares/Third_Party/FreeRTOS/Source/portable/MemMang/heap_4.o
 .bss.xMinimumEverFreeBytesRemaining
                0x0000000020001930        0x4 Middlewares/Third_Party/FreeRTOS/Source/portable/MemMang/heap_4.o
 .bss.xBlockAllocatedBit
                0x0000000020001934        0x4 Middlewares/Third_Party/FreeRTOS/Source/portable/MemMang/heap_4.o
 *(COMMON)
 COMMON         0x0000000020001938       0x94 Core/Src/main.o
                0x0000000020001938                defaultTaskHandle
                0x000000002000193c                hlpuart1
                0x00000000200019c8                LEDTASKHandle
 COMMON         0x00000000200019cc       0x4c Core/Src/stm32g4xx_hal_timebase_tim.o
                0x00000000200019cc                htim2
 COMMON         0x0000000020001a18        0x4 Drivers/STM32G4xx_HAL_Driver/Src/stm32g4xx_hal.o
                0x0000000020001a18                uwTick
 COMMON         0x0000000020001a1c       0x40 Middlewares/Third_Party/FreeRTOS/Source/queue.o
                0x0000000020001a1c                xQueueRegistry
                0x0000000020001a5c                . = ALIGN (0x4)
                0x0000000020001a5c                _ebss = .
                0x0000000020001a5c                __bss_end__ = _ebss

._user_heap_stack
                0x0000000020001a5c      0x604 load address 0x0000000008006c84
                0x0000000020001a60                . = ALIGN (0x8)
 *fill*         0x0000000020001a5c        0x4 
                0x0000000020001a60                PROVIDE (end = .)
                [!provide]                        PROVIDE (_end = .)
                0x0000000020001c60                . = (. + _Min_Heap_Size)
 *fill*         0x0000000020001a60      0x200 
                0x0000000020002060                . = (. + _Min_Stack_Size)
 *fill*         0x0000000020001c60      0x400 
                0x0000000020002060                . = ALIGN (0x8)

/DISCARD/
 libc.a(*)
 libm.a(*)
 libgcc.a(*)

.ARM.attributes
                0x0000000000000000       0x30
 *(.ARM.attributes)
 .ARM.attributes
                0x0000000000000000       0x22 c:/programdata/st/stm32cubeide_1.3.0/stm32cubeide/plugins/com.st.stm32cube.ide.mcu.externaltools.gnu-tools-for-stm32.7-2018-q2-update.win32_1.0.0.201904181610/tools/bin/../lib/gcc/arm-none-eabi/7.3.1/thumb/v7e-m/fpv4-sp/hard/crti.o
 .ARM.attributes
                0x0000000000000022       0x34 c:/programdata/st/stm32cubeide_1.3.0/stm32cubeide/plugins/com.st.stm32cube.ide.mcu.externaltools.gnu-tools-for-stm32.7-2018-q2-update.win32_1.0.0.201904181610/tools/bin/../lib/gcc/arm-none-eabi/7.3.1/thumb/v7e-m/fpv4-sp/hard/crtbegin.o
 .ARM.attributes
                0x0000000000000056       0x39 Core/Src/main.o
 .ARM.attributes
                0x000000000000008f       0x39 Core/Src/stm32g4xx_hal_msp.o
 .ARM.attributes
                0x00000000000000c8       0x39 Core/Src/stm32g4xx_hal_timebase_tim.o
 .ARM.attributes
                0x0000000000000101       0x39 Core/Src/stm32g4xx_it.o
 .ARM.attributes
                0x000000000000013a       0x39 Core/Src/system_stm32g4xx.o
 .ARM.attributes
                0x0000000000000173       0x21 Core/Startup/startup_stm32g474retx.o
 .ARM.attributes
                0x0000000000000194       0x39 Drivers/STM32G4xx_HAL_Driver/Src/stm32g4xx_hal.o
 .ARM.attributes
                0x00000000000001cd       0x39 Drivers/STM32G4xx_HAL_Driver/Src/stm32g4xx_hal_cortex.o
 .ARM.attributes
                0x0000000000000206       0x39 Drivers/STM32G4xx_HAL_Driver/Src/stm32g4xx_hal_gpio.o
 .ARM.attributes
                0x000000000000023f       0x39 Drivers/STM32G4xx_HAL_Driver/Src/stm32g4xx_hal_pwr_ex.o
 .ARM.attributes
                0x0000000000000278       0x39 Drivers/STM32G4xx_HAL_Driver/Src/stm32g4xx_hal_rcc.o
 .ARM.attributes
                0x00000000000002b1       0x39 Drivers/STM32G4xx_HAL_Driver/Src/stm32g4xx_hal_rcc_ex.o
 .ARM.attributes
                0x00000000000002ea       0x39 Drivers/STM32G4xx_HAL_Driver/Src/stm32g4xx_hal_tim.o
 .ARM.attributes
                0x0000000000000323       0x39 Drivers/STM32G4xx_HAL_Driver/Src/stm32g4xx_hal_tim_ex.o
 .ARM.attributes
                0x000000000000035c       0x39 Drivers/STM32G4xx_HAL_Driver/Src/stm32g4xx_hal_uart.o
 .ARM.attributes
                0x0000000000000395       0x39 Drivers/STM32G4xx_HAL_Driver/Src/stm32g4xx_hal_uart_ex.o
 .ARM.attributes
                0x00000000000003ce       0x39 Middlewares/Third_Party/FreeRTOS/Source/CMSIS_RTOS_V2/cmsis_os2.o
 .ARM.attributes
                0x0000000000000407       0x39 Middlewares/Third_Party/FreeRTOS/Source/list.o
 .ARM.attributes
                0x0000000000000440       0x39 Middlewares/Third_Party/FreeRTOS/Source/queue.o
 .ARM.attributes
                0x0000000000000479       0x39 Middlewares/Third_Party/FreeRTOS/Source/tasks.o
 .ARM.attributes
                0x00000000000004b2       0x39 Middlewares/Third_Party/FreeRTOS/Source/timers.o
 .ARM.attributes
                0x00000000000004eb       0x39 Middlewares/Third_Party/FreeRTOS/Source/portable/GCC/ARM_CM4F/port.o
 .ARM.attributes
                0x0000000000000524       0x39 Middlewares/Third_Party/FreeRTOS/Source/portable/MemMang/heap_4.o
 .ARM.attributes
                0x000000000000055d       0x34 c:/programdata/st/stm32cubeide_1.3.0/stm32cubeide/plugins/com.st.stm32cube.ide.mcu.externaltools.gnu-tools-for-stm32.7-2018-q2-update.win32_1.0.0.201904181610/tools/bin/../lib/gcc/arm-none-eabi/7.3.1/../../../../arm-none-eabi/lib/thumb/v7e-m/fpv4-sp/hard\libc_nano.a(lib_a-init.o)
 .ARM.attributes
                0x0000000000000591       0x34 c:/programdata/st/stm32cubeide_1.3.0/stm32cubeide/plugins/com.st.stm32cube.ide.mcu.externaltools.gnu-tools-for-stm32.7-2018-q2-update.win32_1.0.0.201904181610/tools/bin/../lib/gcc/arm-none-eabi/7.3.1/../../../../arm-none-eabi/lib/thumb/v7e-m/fpv4-sp/hard\libc_nano.a(lib_a-memcpy-stub.o)
 .ARM.attributes
                0x00000000000005c5       0x34 c:/programdata/st/stm32cubeide_1.3.0/stm32cubeide/plugins/com.st.stm32cube.ide.mcu.externaltools.gnu-tools-for-stm32.7-2018-q2-update.win32_1.0.0.201904181610/tools/bin/../lib/gcc/arm-none-eabi/7.3.1/../../../../arm-none-eabi/lib/thumb/v7e-m/fpv4-sp/hard\libc_nano.a(lib_a-memset.o)
 .ARM.attributes
                0x00000000000005f9       0x22 c:/programdata/st/stm32cubeide_1.3.0/stm32cubeide/plugins/com.st.stm32cube.ide.mcu.externaltools.gnu-tools-for-stm32.7-2018-q2-update.win32_1.0.0.201904181610/tools/bin/../lib/gcc/arm-none-eabi/7.3.1/thumb/v7e-m/fpv4-sp/hard\libgcc.a(_aeabi_uldivmod.o)
 .ARM.attributes
                0x000000000000061b       0x34 c:/programdata/st/stm32cubeide_1.3.0/stm32cubeide/plugins/com.st.stm32cube.ide.mcu.externaltools.gnu-tools-for-stm32.7-2018-q2-update.win32_1.0.0.201904181610/tools/bin/../lib/gcc/arm-none-eabi/7.3.1/thumb/v7e-m/fpv4-sp/hard\libgcc.a(_udivmoddi4.o)
 .ARM.attributes
                0x000000000000064f       0x22 c:/programdata/st/stm32cubeide_1.3.0/stm32cubeide/plugins/com.st.stm32cube.ide.mcu.externaltools.gnu-tools-for-stm32.7-2018-q2-update.win32_1.0.0.201904181610/tools/bin/../lib/gcc/arm-none-eabi/7.3.1/thumb/v7e-m/fpv4-sp/hard\libgcc.a(_dvmd_tls.o)
 .ARM.attributes
                0x0000000000000671       0x22 c:/programdata/st/stm32cubeide_1.3.0/stm32cubeide/plugins/com.st.stm32cube.ide.mcu.externaltools.gnu-tools-for-stm32.7-2018-q2-update.win32_1.0.0.201904181610/tools/bin/../lib/gcc/arm-none-eabi/7.3.1/thumb/v7e-m/fpv4-sp/hard/crtn.o
OUTPUT(freertoss.elf elf32-littlearm)

.debug_info     0x0000000000000000    0x1c59c
 .debug_info    0x0000000000000000     0x187a Core/Src/main.o
 .debug_info    0x000000000000187a     0x107e Core/Src/stm32g4xx_hal_msp.o
 .debug_info    0x00000000000028f8      0xef9 Core/Src/stm32g4xx_hal_timebase_tim.o
 .debug_info    0x00000000000037f1      0x9c2 Core/Src/stm32g4xx_it.o
 .debug_info    0x00000000000041b3      0x6af Core/Src/system_stm32g4xx.o
 .debug_info    0x0000000000004862       0x22 Core/Startup/startup_stm32g474retx.o
 .debug_info    0x0000000000004884      0xc64 Drivers/STM32G4xx_HAL_Driver/Src/stm32g4xx_hal.o
 .debug_info    0x00000000000054e8      0xf75 Drivers/STM32G4xx_HAL_Driver/Src/stm32g4xx_hal_cortex.o
 .debug_info    0x000000000000645d      0x969 Drivers/STM32G4xx_HAL_Driver/Src/stm32g4xx_hal_gpio.o
 .debug_info    0x0000000000006dc6      0xa9c Drivers/STM32G4xx_HAL_Driver/Src/stm32g4xx_hal_pwr_ex.o
 .debug_info    0x0000000000007862      0xd03 Drivers/STM32G4xx_HAL_Driver/Src/stm32g4xx_hal_rcc.o
 .debug_info    0x0000000000008565      0xdc2 Drivers/STM32G4xx_HAL_Driver/Src/stm32g4xx_hal_rcc_ex.o
 .debug_info    0x0000000000009327     0x2b5b Drivers/STM32G4xx_HAL_Driver/Src/stm32g4xx_hal_tim.o
 .debug_info    0x000000000000be82     0x1ca9 Drivers/STM32G4xx_HAL_Driver/Src/stm32g4xx_hal_tim_ex.o
 .debug_info    0x000000000000db2b     0x19d5 Drivers/STM32G4xx_HAL_Driver/Src/stm32g4xx_hal_uart.o
 .debug_info    0x000000000000f500      0xc7a Drivers/STM32G4xx_HAL_Driver/Src/stm32g4xx_hal_uart_ex.o
 .debug_info    0x000000000001017a     0x401f Middlewares/Third_Party/FreeRTOS/Source/CMSIS_RTOS_V2/cmsis_os2.o
 .debug_info    0x0000000000014199      0xacb Middlewares/Third_Party/FreeRTOS/Source/list.o
 .debug_info    0x0000000000014c64     0x239c Middlewares/Third_Party/FreeRTOS/Source/queue.o
 .debug_info    0x0000000000017000     0x29c5 Middlewares/Third_Party/FreeRTOS/Source/tasks.o
 .debug_info    0x00000000000199c5     0x1aba Middlewares/Third_Party/FreeRTOS/Source/timers.o
 .debug_info    0x000000000001b47f      0x533 Middlewares/Third_Party/FreeRTOS/Source/portable/GCC/ARM_CM4F/port.o
 .debug_info    0x000000000001b9b2      0xbea Middlewares/Third_Party/FreeRTOS/Source/portable/MemMang/heap_4.o

.debug_abbrev   0x0000000000000000     0x31d4
 .debug_abbrev  0x0000000000000000      0x269 Core/Src/main.o
 .debug_abbrev  0x0000000000000269      0x193 Core/Src/stm32g4xx_hal_msp.o
 .debug_abbrev  0x00000000000003fc      0x1c8 Core/Src/stm32g4xx_hal_timebase_tim.o
 .debug_abbrev  0x00000000000005c4      0x185 Core/Src/stm32g4xx_it.o
 .debug_abbrev  0x0000000000000749      0x147 Core/Src/system_stm32g4xx.o
 .debug_abbrev  0x0000000000000890       0x12 Core/Startup/startup_stm32g474retx.o
 .debug_abbrev  0x00000000000008a2      0x1fb Drivers/STM32G4xx_HAL_Driver/Src/stm32g4xx_hal.o
 .debug_abbrev  0x0000000000000a9d      0x2f1 Drivers/STM32G4xx_HAL_Driver/Src/stm32g4xx_hal_cortex.o
 .debug_abbrev  0x0000000000000d8e      0x1c0 Drivers/STM32G4xx_HAL_Driver/Src/stm32g4xx_hal_gpio.o
 .debug_abbrev  0x0000000000000f4e      0x1fd Drivers/STM32G4xx_HAL_Driver/Src/stm32g4xx_hal_pwr_ex.o
 .debug_abbrev  0x000000000000114b      0x245 Drivers/STM32G4xx_HAL_Driver/Src/stm32g4xx_hal_rcc.o
 .debug_abbrev  0x0000000000001390      0x204 Drivers/STM32G4xx_HAL_Driver/Src/stm32g4xx_hal_rcc_ex.o
 .debug_abbrev  0x0000000000001594      0x25b Drivers/STM32G4xx_HAL_Driver/Src/stm32g4xx_hal_tim.o
 .debug_abbrev  0x00000000000017ef      0x261 Drivers/STM32G4xx_HAL_Driver/Src/stm32g4xx_hal_tim_ex.o
 .debug_abbrev  0x0000000000001a50      0x205 Drivers/STM32G4xx_HAL_Driver/Src/stm32g4xx_hal_uart.o
 .debug_abbrev  0x0000000000001c55      0x1e2 Drivers/STM32G4xx_HAL_Driver/Src/stm32g4xx_hal_uart_ex.o
 .debug_abbrev  0x0000000000001e37      0x3c3 Middlewares/Third_Party/FreeRTOS/Source/CMSIS_RTOS_V2/cmsis_os2.o
 .debug_abbrev  0x00000000000021fa      0x1cf Middlewares/Third_Party/FreeRTOS/Source/list.o
 .debug_abbrev  0x00000000000023c9      0x336 Middlewares/Third_Party/FreeRTOS/Source/queue.o
 .debug_abbrev  0x00000000000026ff      0x350 Middlewares/Third_Party/FreeRTOS/Source/tasks.o
 .debug_abbrev  0x0000000000002a4f      0x2d7 Middlewares/Third_Party/FreeRTOS/Source/timers.o
 .debug_abbrev  0x0000000000002d26      0x210 Middlewares/Third_Party/FreeRTOS/Source/portable/GCC/ARM_CM4F/port.o
 .debug_abbrev  0x0000000000002f36      0x29e Middlewares/Third_Party/FreeRTOS/Source/portable/MemMang/heap_4.o

.debug_aranges  0x0000000000000000     0x16c0
 .debug_aranges
                0x0000000000000000       0x58 Core/Src/main.o
 .debug_aranges
                0x0000000000000058       0x38 Core/Src/stm32g4xx_hal_msp.o
 .debug_aranges
                0x0000000000000090       0x30 Core/Src/stm32g4xx_hal_timebase_tim.o
 .debug_aranges
                0x00000000000000c0       0x58 Core/Src/stm32g4xx_it.o
 .debug_aranges
                0x0000000000000118       0x28 Core/Src/system_stm32g4xx.o
 .debug_aranges
                0x0000000000000140       0x28 Core/Startup/startup_stm32g474retx.o
 .debug_aranges
                0x0000000000000168      0x130 Drivers/STM32G4xx_HAL_Driver/Src/stm32g4xx_hal.o
 .debug_aranges
                0x0000000000000298      0x118 Drivers/STM32G4xx_HAL_Driver/Src/stm32g4xx_hal_cortex.o
 .debug_aranges
                0x00000000000003b0       0x58 Drivers/STM32G4xx_HAL_Driver/Src/stm32g4xx_hal_gpio.o
 .debug_aranges
                0x0000000000000408      0x140 Drivers/STM32G4xx_HAL_Driver/Src/stm32g4xx_hal_pwr_ex.o
 .debug_aranges
                0x0000000000000548       0x98 Drivers/STM32G4xx_HAL_Driver/Src/stm32g4xx_hal_rcc.o
 .debug_aranges
                0x00000000000005e0       0xb0 Drivers/STM32G4xx_HAL_Driver/Src/stm32g4xx_hal_rcc_ex.o
 .debug_aranges
                0x0000000000000690      0x3e0 Drivers/STM32G4xx_HAL_Driver/Src/stm32g4xx_hal_tim.o
 .debug_aranges
                0x0000000000000a70      0x240 Drivers/STM32G4xx_HAL_Driver/Src/stm32g4xx_hal_tim_ex.o
 .debug_aranges
                0x0000000000000cb0      0x218 Drivers/STM32G4xx_HAL_Driver/Src/stm32g4xx_hal_uart.o
 .debug_aranges
                0x0000000000000ec8       0x88 Drivers/STM32G4xx_HAL_Driver/Src/stm32g4xx_hal_uart_ex.o
 .debug_aranges
                0x0000000000000f50      0x228 Middlewares/Third_Party/FreeRTOS/Source/CMSIS_RTOS_V2/cmsis_os2.o
 .debug_aranges
                0x0000000000001178       0x40 Middlewares/Third_Party/FreeRTOS/Source/list.o
 .debug_aranges
                0x00000000000011b8      0x158 Middlewares/Third_Party/FreeRTOS/Source/queue.o
 .debug_aranges
                0x0000000000001310      0x1f8 Middlewares/Third_Party/FreeRTOS/Source/tasks.o
 .debug_aranges
                0x0000000000001508       0xe8 Middlewares/Third_Party/FreeRTOS/Source/timers.o
 .debug_aranges
                0x00000000000015f0       0x80 Middlewares/Third_Party/FreeRTOS/Source/portable/GCC/ARM_CM4F/port.o
 .debug_aranges
                0x0000000000001670       0x50 Middlewares/Third_Party/FreeRTOS/Source/portable/MemMang/heap_4.o

.debug_ranges   0x0000000000000000     0x1558
 .debug_ranges  0x0000000000000000       0x48 Core/Src/main.o
 .debug_ranges  0x0000000000000048       0x28 Core/Src/stm32g4xx_hal_msp.o
 .debug_ranges  0x0000000000000070       0x20 Core/Src/stm32g4xx_hal_timebase_tim.o
 .debug_ranges  0x0000000000000090       0x48 Core/Src/stm32g4xx_it.o
 .debug_ranges  0x00000000000000d8       0x18 Core/Src/system_stm32g4xx.o
 .debug_ranges  0x00000000000000f0       0x20 Core/Startup/startup_stm32g474retx.o
 .debug_ranges  0x0000000000000110      0x120 Drivers/STM32G4xx_HAL_Driver/Src/stm32g4xx_hal.o
 .debug_ranges  0x0000000000000230      0x108 Drivers/STM32G4xx_HAL_Driver/Src/stm32g4xx_hal_cortex.o
 .debug_ranges  0x0000000000000338       0x48 Drivers/STM32G4xx_HAL_Driver/Src/stm32g4xx_hal_gpio.o
 .debug_ranges  0x0000000000000380      0x130 Drivers/STM32G4xx_HAL_Driver/Src/stm32g4xx_hal_pwr_ex.o
 .debug_ranges  0x00000000000004b0       0x88 Drivers/STM32G4xx_HAL_Driver/Src/stm32g4xx_hal_rcc.o
 .debug_ranges  0x0000000000000538       0xa0 Drivers/STM32G4xx_HAL_Driver/Src/stm32g4xx_hal_rcc_ex.o
 .debug_ranges  0x00000000000005d8      0x3d0 Drivers/STM32G4xx_HAL_Driver/Src/stm32g4xx_hal_tim.o
 .debug_ranges  0x00000000000009a8      0x230 Drivers/STM32G4xx_HAL_Driver/Src/stm32g4xx_hal_tim_ex.o
 .debug_ranges  0x0000000000000bd8      0x208 Drivers/STM32G4xx_HAL_Driver/Src/stm32g4xx_hal_uart.o
 .debug_ranges  0x0000000000000de0       0x78 Drivers/STM32G4xx_HAL_Driver/Src/stm32g4xx_hal_uart_ex.o
 .debug_ranges  0x0000000000000e58      0x218 Middlewares/Third_Party/FreeRTOS/Source/CMSIS_RTOS_V2/cmsis_os2.o
 .debug_ranges  0x0000000000001070       0x30 Middlewares/Third_Party/FreeRTOS/Source/list.o
 .debug_ranges  0x00000000000010a0      0x148 Middlewares/Third_Party/FreeRTOS/Source/queue.o
 .debug_ranges  0x00000000000011e8      0x1e8 Middlewares/Third_Party/FreeRTOS/Source/tasks.o
 .debug_ranges  0x00000000000013d0       0xd8 Middlewares/Third_Party/FreeRTOS/Source/timers.o
 .debug_ranges  0x00000000000014a8       0x70 Middlewares/Third_Party/FreeRTOS/Source/portable/GCC/ARM_CM4F/port.o
 .debug_ranges  0x0000000000001518       0x40 Middlewares/Third_Party/FreeRTOS/Source/portable/MemMang/heap_4.o

.debug_macro    0x0000000000000000     0x31ef
 .debug_macro   0x0000000000000000      0x276 Core/Src/main.o
 .debug_macro   0x0000000000000276      0x137 Core/Src/main.o
 .debug_macro   0x00000000000003ad       0x66 Core/Src/main.o
 .debug_macro   0x0000000000000413       0x74 Core/Src/main.o
 .debug_macro   0x0000000000000487       0xdd Core/Src/main.o
 .debug_macro   0x0000000000000564      0x1e6 Core/Src/stm32g4xx_hal_msp.o
 .debug_macro   0x000000000000074a      0x1ce Core/Src/stm32g4xx_hal_timebase_tim.o
 .debug_macro   0x0000000000000918      0x258 Core/Src/stm32g4xx_it.o
 .debug_macro   0x0000000000000b70      0x1d4 Core/Src/system_stm32g4xx.o
 .debug_macro   0x0000000000000d44      0x21c Drivers/STM32G4xx_HAL_Driver/Src/stm32g4xx_hal.o
 .debug_macro   0x0000000000000f60      0x1ce Drivers/STM32G4xx_HAL_Driver/Src/stm32g4xx_hal_cortex.o
 .debug_macro   0x000000000000112e      0x206 Drivers/STM32G4xx_HAL_Driver/Src/stm32g4xx_hal_gpio.o
 .debug_macro   0x0000000000001334      0x1f8 Drivers/STM32G4xx_HAL_Driver/Src/stm32g4xx_hal_pwr_ex.o
 .debug_macro   0x000000000000152c      0x20a Drivers/STM32G4xx_HAL_Driver/Src/stm32g4xx_hal_rcc.o
 .debug_macro   0x0000000000001736      0x1f8 Drivers/STM32G4xx_HAL_Driver/Src/stm32g4xx_hal_rcc_ex.o
 .debug_macro   0x000000000000192e      0x1d6 Drivers/STM32G4xx_HAL_Driver/Src/stm32g4xx_hal_tim.o
 .debug_macro   0x0000000000001b04      0x1d4 Drivers/STM32G4xx_HAL_Driver/Src/stm32g4xx_hal_tim_ex.o
 .debug_macro   0x0000000000001cd8      0x1f9 Drivers/STM32G4xx_HAL_Driver/Src/stm32g4xx_hal_uart.o
 .debug_macro   0x0000000000001ed1      0x1da Drivers/STM32G4xx_HAL_Driver/Src/stm32g4xx_hal_uart_ex.o
 .debug_macro   0x00000000000020ab      0x23a Middlewares/Third_Party/FreeRTOS/Source/CMSIS_RTOS_V2/cmsis_os2.o
 .debug_macro   0x00000000000022e5       0x10 Middlewares/Third_Party/FreeRTOS/Source/CMSIS_RTOS_V2/cmsis_os2.o
 .debug_macro   0x00000000000022f5       0x20 Middlewares/Third_Party/FreeRTOS/Source/CMSIS_RTOS_V2/cmsis_os2.o
 .debug_macro   0x0000000000002315       0x10 Middlewares/Third_Party/FreeRTOS/Source/CMSIS_RTOS_V2/cmsis_os2.o
 .debug_macro   0x0000000000002325       0xd3 Middlewares/Third_Party/FreeRTOS/Source/CMSIS_RTOS_V2/cmsis_os2.o
 .debug_macro   0x00000000000023f8       0x91 Middlewares/Third_Party/FreeRTOS/Source/CMSIS_RTOS_V2/cmsis_os2.o
 .debug_macro   0x0000000000002489       0x8d Middlewares/Third_Party/FreeRTOS/Source/CMSIS_RTOS_V2/cmsis_os2.o
 .debug_macro   0x0000000000002516       0x9a Middlewares/Third_Party/FreeRTOS/Source/CMSIS_RTOS_V2/cmsis_os2.o
 .debug_macro   0x00000000000025b0      0x17a Middlewares/Third_Party/FreeRTOS/Source/list.o
 .debug_macro   0x000000000000272a      0x209 Middlewares/Third_Party/FreeRTOS/Source/queue.o
 .debug_macro   0x0000000000002933       0x16 Middlewares/Third_Party/FreeRTOS/Source/queue.o
 .debug_macro   0x0000000000002949       0x87 Middlewares/Third_Party/FreeRTOS/Source/queue.o
 .debug_macro   0x00000000000029d0      0x272 Middlewares/Third_Party/FreeRTOS/Source/tasks.o
 .debug_macro   0x0000000000002c42       0x10 Middlewares/Third_Party/FreeRTOS/Source/tasks.o
 .debug_macro   0x0000000000002c52      0x1cf Middlewares/Third_Party/FreeRTOS/Source/timers.o
 .debug_macro   0x0000000000002e21       0x97 Middlewares/Third_Party/FreeRTOS/Source/timers.o
 .debug_macro   0x0000000000002eb8      0x196 Middlewares/Third_Party/FreeRTOS/Source/portable/GCC/ARM_CM4F/port.o
 .debug_macro   0x000000000000304e      0x1a1 Middlewares/Third_Party/FreeRTOS/Source/portable/MemMang/heap_4.o

.debug_line     0x0000000000000000    0x12e1f
 .debug_line    0x0000000000000000      0x953 Core/Src/main.o
 .debug_line    0x0000000000000953      0x76b Core/Src/stm32g4xx_hal_msp.o
 .debug_line    0x00000000000010be      0x740 Core/Src/stm32g4xx_hal_timebase_tim.o
 .debug_line    0x00000000000017fe      0x8b9 Core/Src/stm32g4xx_it.o
 .debug_line    0x00000000000020b7      0x726 Core/Src/system_stm32g4xx.o
 .debug_line    0x00000000000027dd       0x89 Core/Startup/startup_stm32g474retx.o
 .debug_line    0x0000000000002866      0x9ac Drivers/STM32G4xx_HAL_Driver/Src/stm32g4xx_hal.o
 .debug_line    0x0000000000003212      0xa32 Drivers/STM32G4xx_HAL_Driver/Src/stm32g4xx_hal_cortex.o
 .debug_line    0x0000000000003c44      0x8b0 Drivers/STM32G4xx_HAL_Driver/Src/stm32g4xx_hal_gpio.o
 .debug_line    0x00000000000044f4      0xa97 Drivers/STM32G4xx_HAL_Driver/Src/stm32g4xx_hal_pwr_ex.o
 .debug_line    0x0000000000004f8b      0x9eb Drivers/STM32G4xx_HAL_Driver/Src/stm32g4xx_hal_rcc.o
 .debug_line    0x0000000000005976      0xc25 Drivers/STM32G4xx_HAL_Driver/Src/stm32g4xx_hal_rcc_ex.o
 .debug_line    0x000000000000659b     0x2787 Drivers/STM32G4xx_HAL_Driver/Src/stm32g4xx_hal_tim.o
 .debug_line    0x0000000000008d22     0x176d Drivers/STM32G4xx_HAL_Driver/Src/stm32g4xx_hal_tim_ex.o
 .debug_line    0x000000000000a48f     0x1c73 Drivers/STM32G4xx_HAL_Driver/Src/stm32g4xx_hal_uart.o
 .debug_line    0x000000000000c102      0x97b Drivers/STM32G4xx_HAL_Driver/Src/stm32g4xx_hal_uart_ex.o
 .debug_line    0x000000000000ca7d     0x1e5c Middlewares/Third_Party/FreeRTOS/Source/CMSIS_RTOS_V2/cmsis_os2.o
 .debug_line    0x000000000000e8d9      0x6a8 Middlewares/Third_Party/FreeRTOS/Source/list.o
 .debug_line    0x000000000000ef81     0x113d Middlewares/Third_Party/FreeRTOS/Source/queue.o
 .debug_line    0x00000000000100be     0x1445 Middlewares/Third_Party/FreeRTOS/Source/tasks.o
 .debug_line    0x0000000000011503      0xabb Middlewares/Third_Party/FreeRTOS/Source/timers.o
 .debug_line    0x0000000000011fbe      0x6d3 Middlewares/Third_Party/FreeRTOS/Source/portable/GCC/ARM_CM4F/port.o
 .debug_line    0x0000000000012691      0x78e Middlewares/Third_Party/FreeRTOS/Source/portable/MemMang/heap_4.o

.debug_str      0x0000000000000000   0x10279d
 .debug_str     0x0000000000000000    0xf632d Core/Src/main.o
                                      0xf671c (size before relaxing)
 .debug_str     0x00000000000f632d       0xb6 Core/Src/stm32g4xx_hal_msp.o
                                      0xf1460 (size before relaxing)
 .debug_str     0x00000000000f63e3       0xaa Core/Src/stm32g4xx_hal_timebase_tim.o
                                      0xf07cd (size before relaxing)
 .debug_str     0x00000000000f648d       0xb7 Core/Src/stm32g4xx_it.o
                                      0xf49ba (size before relaxing)
 .debug_str     0x00000000000f6544       0xc6 Core/Src/system_stm32g4xx.o
                                      0xefb71 (size before relaxing)
 .debug_str     0x00000000000f660a       0x36 Core/Startup/startup_stm32g474retx.o
                                         0x87 (size before relaxing)
 .debug_str     0x00000000000f6640      0x550 Drivers/STM32G4xx_HAL_Driver/Src/stm32g4xx_hal.o
                                      0xf0802 (size before relaxing)
 .debug_str     0x00000000000f6b90      0x389 Drivers/STM32G4xx_HAL_Driver/Src/stm32g4xx_hal_cortex.o
                                      0xf0509 (size before relaxing)
 .debug_str     0x00000000000f6f19      0x21c Drivers/STM32G4xx_HAL_Driver/Src/stm32g4xx_hal_gpio.o
                                      0xefdde (size before relaxing)
 .debug_str     0x00000000000f7135      0x476 Drivers/STM32G4xx_HAL_Driver/Src/stm32g4xx_hal_pwr_ex.o
                                      0xf0054 (size before relaxing)
 .debug_str     0x00000000000f75ab      0x3c7 Drivers/STM32G4xx_HAL_Driver/Src/stm32g4xx_hal_rcc.o
                                      0xf0110 (size before relaxing)
 .debug_str     0x00000000000f7972      0x3f2 Drivers/STM32G4xx_HAL_Driver/Src/stm32g4xx_hal_rcc_ex.o
                                      0xf0252 (size before relaxing)
 .debug_str     0x00000000000f7d64      0xeb3 Drivers/STM32G4xx_HAL_Driver/Src/stm32g4xx_hal_tim.o
                                      0xf0f2d (size before relaxing)
 .debug_str     0x00000000000f8c17      0xa9c Drivers/STM32G4xx_HAL_Driver/Src/stm32g4xx_hal_tim_ex.o
                                      0xf0bea (size before relaxing)
 .debug_str     0x00000000000f96b3      0x8a1 Drivers/STM32G4xx_HAL_Driver/Src/stm32g4xx_hal_uart.o
                                      0xf08d3 (size before relaxing)
 .debug_str     0x00000000000f9f54      0x286 Drivers/STM32G4xx_HAL_Driver/Src/stm32g4xx_hal_uart_ex.o
                                      0xf0142 (size before relaxing)
 .debug_str     0x00000000000fa1da     0x57b4 Middlewares/Third_Party/FreeRTOS/Source/CMSIS_RTOS_V2/cmsis_os2.o
                                       0xe369 (size before relaxing)
 .debug_str     0x00000000000ff98e      0x219 Middlewares/Third_Party/FreeRTOS/Source/list.o
                                       0xa68a (size before relaxing)
 .debug_str     0x00000000000ffba7      0x92e Middlewares/Third_Party/FreeRTOS/Source/queue.o
                                       0xbfe9 (size before relaxing)
 .debug_str     0x00000000001004d5     0x1269 Middlewares/Third_Party/FreeRTOS/Source/tasks.o
                                       0xcb20 (size before relaxing)
 .debug_str     0x000000000010173e      0x60b Middlewares/Third_Party/FreeRTOS/Source/timers.o
                                       0xc566 (size before relaxing)
 .debug_str     0x0000000000101d49      0x803 Middlewares/Third_Party/FreeRTOS/Source/portable/GCC/ARM_CM4F/port.o
                                       0x8453 (size before relaxing)
 .debug_str     0x000000000010254c      0x251 Middlewares/Third_Party/FreeRTOS/Source/portable/MemMang/heap_4.o
                                       0xae7d (size before relaxing)

.comment        0x0000000000000000       0x7b
 .comment       0x0000000000000000       0x7b Core/Src/main.o
                                         0x7c (size before relaxing)
 .comment       0x000000000000007b       0x7c Core/Src/stm32g4xx_hal_msp.o
 .comment       0x000000000000007b       0x7c Core/Src/stm32g4xx_hal_timebase_tim.o
 .comment       0x000000000000007b       0x7c Core/Src/stm32g4xx_it.o
 .comment       0x000000000000007b       0x7c Core/Src/system_stm32g4xx.o
 .comment       0x000000000000007b       0x7c Drivers/STM32G4xx_HAL_Driver/Src/stm32g4xx_hal.o
 .comment       0x000000000000007b       0x7c Drivers/STM32G4xx_HAL_Driver/Src/stm32g4xx_hal_cortex.o
 .comment       0x000000000000007b       0x7c Drivers/STM32G4xx_HAL_Driver/Src/stm32g4xx_hal_gpio.o
 .comment       0x000000000000007b       0x7c Drivers/STM32G4xx_HAL_Driver/Src/stm32g4xx_hal_pwr_ex.o
 .comment       0x000000000000007b       0x7c Drivers/STM32G4xx_HAL_Driver/Src/stm32g4xx_hal_rcc.o
 .comment       0x000000000000007b       0x7c Drivers/STM32G4xx_HAL_Driver/Src/stm32g4xx_hal_rcc_ex.o
 .comment       0x000000000000007b       0x7c Drivers/STM32G4xx_HAL_Driver/Src/stm32g4xx_hal_tim.o
 .comment       0x000000000000007b       0x7c Drivers/STM32G4xx_HAL_Driver/Src/stm32g4xx_hal_tim_ex.o
 .comment       0x000000000000007b       0x7c Drivers/STM32G4xx_HAL_Driver/Src/stm32g4xx_hal_uart.o
 .comment       0x000000000000007b       0x7c Drivers/STM32G4xx_HAL_Driver/Src/stm32g4xx_hal_uart_ex.o
 .comment       0x000000000000007b       0x7c Middlewares/Third_Party/FreeRTOS/Source/CMSIS_RTOS_V2/cmsis_os2.o
 .comment       0x000000000000007b       0x7c Middlewares/Third_Party/FreeRTOS/Source/list.o
 .comment       0x000000000000007b       0x7c Middlewares/Third_Party/FreeRTOS/Source/queue.o
 .comment       0x000000000000007b       0x7c Middlewares/Third_Party/FreeRTOS/Source/tasks.o
 .comment       0x000000000000007b       0x7c Middlewares/Third_Party/FreeRTOS/Source/timers.o
 .comment       0x000000000000007b       0x7c Middlewares/Third_Party/FreeRTOS/Source/portable/GCC/ARM_CM4F/port.o
 .comment       0x000000000000007b       0x7c Middlewares/Third_Party/FreeRTOS/Source/portable/MemMang/heap_4.o

.debug_frame    0x0000000000000000     0x6058
 .debug_frame   0x0000000000000000      0x118 Core/Src/main.o
 .debug_frame   0x0000000000000118       0x9c Core/Src/stm32g4xx_hal_msp.o
 .debug_frame   0x00000000000001b4       0x74 Core/Src/stm32g4xx_hal_timebase_tim.o
 .debug_frame   0x0000000000000228       0xe8 Core/Src/stm32g4xx_it.o
 .debug_frame   0x0000000000000310       0x58 Core/Src/system_stm32g4xx.o
 .debug_frame   0x0000000000000368      0x4a0 Drivers/STM32G4xx_HAL_Driver/Src/stm32g4xx_hal.o
 .debug_frame   0x0000000000000808      0x498 Drivers/STM32G4xx_HAL_Driver/Src/stm32g4xx_hal_cortex.o
 .debug_frame   0x0000000000000ca0      0x14c Drivers/STM32G4xx_HAL_Driver/Src/stm32g4xx_hal_gpio.o
 .debug_frame   0x0000000000000dec      0x4fc Drivers/STM32G4xx_HAL_Driver/Src/stm32g4xx_hal_pwr_ex.o
 .debug_frame   0x00000000000012e8      0x23c Drivers/STM32G4xx_HAL_Driver/Src/stm32g4xx_hal_rcc.o
 .debug_frame   0x0000000000001524      0x2ac Drivers/STM32G4xx_HAL_Driver/Src/stm32g4xx_hal_rcc_ex.o
 .debug_frame   0x00000000000017d0     0x121c Drivers/STM32G4xx_HAL_Driver/Src/stm32g4xx_hal_tim.o
 .debug_frame   0x00000000000029ec      0xa68 Drivers/STM32G4xx_HAL_Driver/Src/stm32g4xx_hal_tim_ex.o
 .debug_frame   0x0000000000003454      0x994 Drivers/STM32G4xx_HAL_Driver/Src/stm32g4xx_hal_uart.o
 .debug_frame   0x0000000000003de8      0x22c Drivers/STM32G4xx_HAL_Driver/Src/stm32g4xx_hal_uart_ex.o
 .debug_frame   0x0000000000004014      0x978 Middlewares/Third_Party/FreeRTOS/Source/CMSIS_RTOS_V2/cmsis_os2.o
 .debug_frame   0x000000000000498c       0xd8 Middlewares/Third_Party/FreeRTOS/Source/list.o
 .debug_frame   0x0000000000004a64      0x5ec Middlewares/Third_Party/FreeRTOS/Source/queue.o
 .debug_frame   0x0000000000005050      0x8a8 Middlewares/Third_Party/FreeRTOS/Source/tasks.o
 .debug_frame   0x00000000000058f8      0x3dc Middlewares/Third_Party/FreeRTOS/Source/timers.o
 .debug_frame   0x0000000000005cd4      0x1a8 Middlewares/Third_Party/FreeRTOS/Source/portable/GCC/ARM_CM4F/port.o
 .debug_frame   0x0000000000005e7c      0x108 Middlewares/Third_Party/FreeRTOS/Source/portable/MemMang/heap_4.o
 .debug_frame   0x0000000000005f84       0x2c c:/programdata/st/stm32cubeide_1.3.0/stm32cubeide/plugins/com.st.stm32cube.ide.mcu.externaltools.gnu-tools-for-stm32.7-2018-q2-update.win32_1.0.0.201904181610/tools/bin/../lib/gcc/arm-none-eabi/7.3.1/../../../../arm-none-eabi/lib/thumb/v7e-m/fpv4-sp/hard\libc_nano.a(lib_a-init.o)
 .debug_frame   0x0000000000005fb0       0x28 c:/programdata/st/stm32cubeide_1.3.0/stm32cubeide/plugins/com.st.stm32cube.ide.mcu.externaltools.gnu-tools-for-stm32.7-2018-q2-update.win32_1.0.0.201904181610/tools/bin/../lib/gcc/arm-none-eabi/7.3.1/../../../../arm-none-eabi/lib/thumb/v7e-m/fpv4-sp/hard\libc_nano.a(lib_a-memcpy-stub.o)
 .debug_frame   0x0000000000005fd8       0x20 c:/programdata/st/stm32cubeide_1.3.0/stm32cubeide/plugins/com.st.stm32cube.ide.mcu.externaltools.gnu-tools-for-stm32.7-2018-q2-update.win32_1.0.0.201904181610/tools/bin/../lib/gcc/arm-none-eabi/7.3.1/../../../../arm-none-eabi/lib/thumb/v7e-m/fpv4-sp/hard\libc_nano.a(lib_a-memset.o)
 .debug_frame   0x0000000000005ff8       0x2c c:/programdata/st/stm32cubeide_1.3.0/stm32cubeide/plugins/com.st.stm32cube.ide.mcu.externaltools.gnu-tools-for-stm32.7-2018-q2-update.win32_1.0.0.201904181610/tools/bin/../lib/gcc/arm-none-eabi/7.3.1/thumb/v7e-m/fpv4-sp/hard\libgcc.a(_aeabi_uldivmod.o)
 .debug_frame   0x0000000000006024       0x34 c:/programdata/st/stm32cubeide_1.3.0/stm32cubeide/plugins/com.st.stm32cube.ide.mcu.externaltools.gnu-tools-for-stm32.7-2018-q2-update.win32_1.0.0.201904181610/tools/bin/../lib/gcc/arm-none-eabi/7.3.1/thumb/v7e-m/fpv4-sp/hard\libgcc.a(_udivmoddi4.o)
