Archive member included to satisfy reference by file (symbol)

c:/programdata/st/stm32cubeide_1.3.0/stm32cubeide/plugins/com.st.stm32cube.ide.mcu.externaltools.gnu-tools-for-stm32.7-2018-q2-update.win32_1.0.0.201904181610/tools/bin/../lib/gcc/arm-none-eabi/7.3.1/../../../../arm-none-eabi/lib/thumb/v7e-m/fpv5/hard\libc_nano.a(lib_a-errno.o)
                              Core/Src/syscalls.o (__errno)
c:/programdata/st/stm32cubeide_1.3.0/stm32cubeide/plugins/com.st.stm32cube.ide.mcu.externaltools.gnu-tools-for-stm32.7-2018-q2-update.win32_1.0.0.201904181610/tools/bin/../lib/gcc/arm-none-eabi/7.3.1/../../../../arm-none-eabi/lib/thumb/v7e-m/fpv5/hard\libc_nano.a(lib_a-exit.o)
                              c:/programdata/st/stm32cubeide_1.3.0/stm32cubeide/plugins/com.st.stm32cube.ide.mcu.externaltools.gnu-tools-for-stm32.7-2018-q2-update.win32_1.0.0.201904181610/tools/bin/../lib/gcc/arm-none-eabi/7.3.1/../../../../arm-none-eabi/lib/thumb/v7e-m/fpv5/hard/crt0.o (exit)
c:/programdata/st/stm32cubeide_1.3.0/stm32cubeide/plugins/com.st.stm32cube.ide.mcu.externaltools.gnu-tools-for-stm32.7-2018-q2-update.win32_1.0.0.201904181610/tools/bin/../lib/gcc/arm-none-eabi/7.3.1/../../../../arm-none-eabi/lib/thumb/v7e-m/fpv5/hard\libc_nano.a(lib_a-impure.o)
                              c:/programdata/st/stm32cubeide_1.3.0/stm32cubeide/plugins/com.st.stm32cube.ide.mcu.externaltools.gnu-tools-for-stm32.7-2018-q2-update.win32_1.0.0.201904181610/tools/bin/../lib/gcc/arm-none-eabi/7.3.1/../../../../arm-none-eabi/lib/thumb/v7e-m/fpv5/hard\libc_nano.a(lib_a-exit.o) (_global_impure_ptr)
c:/programdata/st/stm32cubeide_1.3.0/stm32cubeide/plugins/com.st.stm32cube.ide.mcu.externaltools.gnu-tools-for-stm32.7-2018-q2-update.win32_1.0.0.201904181610/tools/bin/../lib/gcc/arm-none-eabi/7.3.1/../../../../arm-none-eabi/lib/thumb/v7e-m/fpv5/hard\libc_nano.a(lib_a-init.o)
                              c:/programdata/st/stm32cubeide_1.3.0/stm32cubeide/plugins/com.st.stm32cube.ide.mcu.externaltools.gnu-tools-for-stm32.7-2018-q2-update.win32_1.0.0.201904181610/tools/bin/../lib/gcc/arm-none-eabi/7.3.1/../../../../arm-none-eabi/lib/thumb/v7e-m/fpv5/hard/crt0.o (__libc_init_array)
c:/programdata/st/stm32cubeide_1.3.0/stm32cubeide/plugins/com.st.stm32cube.ide.mcu.externaltools.gnu-tools-for-stm32.7-2018-q2-update.win32_1.0.0.201904181610/tools/bin/../lib/gcc/arm-none-eabi/7.3.1/../../../../arm-none-eabi/lib/thumb/v7e-m/fpv5/hard\libc_nano.a(lib_a-malloc.o)
                              Middlewares/ST/STM32_USB_Device_Library/Class/MSC/Src/usbd_msc.o (malloc)
c:/programdata/st/stm32cubeide_1.3.0/stm32cubeide/plugins/com.st.stm32cube.ide.mcu.externaltools.gnu-tools-for-stm32.7-2018-q2-update.win32_1.0.0.201904181610/tools/bin/../lib/gcc/arm-none-eabi/7.3.1/../../../../arm-none-eabi/lib/thumb/v7e-m/fpv5/hard\libc_nano.a(lib_a-memcpy-stub.o)
                              Middlewares/Third_Party/FreeRTOS/Source/queue.o (memcpy)
c:/programdata/st/stm32cubeide_1.3.0/stm32cubeide/plugins/com.st.stm32cube.ide.mcu.externaltools.gnu-tools-for-stm32.7-2018-q2-update.win32_1.0.0.201904181610/tools/bin/../lib/gcc/arm-none-eabi/7.3.1/../../../../arm-none-eabi/lib/thumb/v7e-m/fpv5/hard\libc_nano.a(lib_a-memset.o)
                              c:/programdata/st/stm32cubeide_1.3.0/stm32cubeide/plugins/com.st.stm32cube.ide.mcu.externaltools.gnu-tools-for-stm32.7-2018-q2-update.win32_1.0.0.201904181610/tools/bin/../lib/gcc/arm-none-eabi/7.3.1/../../../../arm-none-eabi/lib/thumb/v7e-m/fpv5/hard/crt0.o (memset)
c:/programdata/st/stm32cubeide_1.3.0/stm32cubeide/plugins/com.st.stm32cube.ide.mcu.externaltools.gnu-tools-for-stm32.7-2018-q2-update.win32_1.0.0.201904181610/tools/bin/../lib/gcc/arm-none-eabi/7.3.1/../../../../arm-none-eabi/lib/thumb/v7e-m/fpv5/hard\libc_nano.a(lib_a-nano-freer.o)
                              c:/programdata/st/stm32cubeide_1.3.0/stm32cubeide/plugins/com.st.stm32cube.ide.mcu.externaltools.gnu-tools-for-stm32.7-2018-q2-update.win32_1.0.0.201904181610/tools/bin/../lib/gcc/arm-none-eabi/7.3.1/../../../../arm-none-eabi/lib/thumb/v7e-m/fpv5/hard\libc_nano.a(lib_a-malloc.o) (_free_r)
c:/programdata/st/stm32cubeide_1.3.0/stm32cubeide/plugins/com.st.stm32cube.ide.mcu.externaltools.gnu-tools-for-stm32.7-2018-q2-update.win32_1.0.0.201904181610/tools/bin/../lib/gcc/arm-none-eabi/7.3.1/../../../../arm-none-eabi/lib/thumb/v7e-m/fpv5/hard\libc_nano.a(lib_a-nano-mallocr.o)
                              c:/programdata/st/stm32cubeide_1.3.0/stm32cubeide/plugins/com.st.stm32cube.ide.mcu.externaltools.gnu-tools-for-stm32.7-2018-q2-update.win32_1.0.0.201904181610/tools/bin/../lib/gcc/arm-none-eabi/7.3.1/../../../../arm-none-eabi/lib/thumb/v7e-m/fpv5/hard\libc_nano.a(lib_a-malloc.o) (_malloc_r)
c:/programdata/st/stm32cubeide_1.3.0/stm32cubeide/plugins/com.st.stm32cube.ide.mcu.externaltools.gnu-tools-for-stm32.7-2018-q2-update.win32_1.0.0.201904181610/tools/bin/../lib/gcc/arm-none-eabi/7.3.1/../../../../arm-none-eabi/lib/thumb/v7e-m/fpv5/hard\libc_nano.a(lib_a-sbrkr.o)
[...]
Memory Configuration

Name             Origin             Length             Attributes
RAM              0x0000000020000000 0x0000000000080000 xrw
FLASH            0x0000000008000000 0x0000000000200000 xr
*default*        0x0000000000000000 0xffffffffffffffff

Linker script and memory map

LOAD c:/programdata/st/stm32cubeide_1.3.0/stm32cubeide/plugins/com.st.stm32cube.ide.mcu.externaltools.gnu-tools-for-stm32.7-2018-q2-update.win32_1.0.0.201904181610/tools/bin/../lib/gcc/arm-none-eabi/7.3.1/thumb/v7e-m/fpv5/hard/crti.o
LOAD c:/programdata/st/stm32cubeide_1.3.0/stm32cubeide/plugins/com.st.stm32cube.ide.mcu.externaltools.gnu-tools-for-stm32.7-2018-q2-update.win32_1.0.0.201904181610/tools/bin/../lib/gcc/arm-none-eabi/7.3.1/thumb/v7e-m/fpv5/hard/crtbegin.o
LOAD c:/programdata/st/stm32cubeide_1.3.0/stm32cubeide/plugins/com.st.stm32cube.ide.mcu.externaltools.gnu-tools-for-stm32.7-2018-q2-update.win32_1.0.0.201904181610/tools/bin/../lib/gcc/arm-none-eabi/7.3.1/../../../../arm-none-eabi/lib/thumb/v7e-m/fpv5/hard/crt0.o
LOAD Core/Src/freertos.o
LOAD Core/Src/main.o
LOAD Core/Src/stm32f7xx_hal_msp.o
LOAD Core/Src/stm32f7xx_hal_timebase_tim.o
LOAD Core/Src/stm32f7xx_it.o
LOAD Core/Src/syscalls.o
LOAD Core/Src/sysmem.o
LOAD Core/Src/system_stm32f7xx.o
LOAD Core/Startup/startup_stm32f767zitx.o
LOAD Drivers/STM32F7xx_HAL_Driver/Src/stm32f7xx_hal.o
LOAD Drivers/STM32F7xx_HAL_Driver/Src/stm32f7xx_hal_can.o
LOAD Drivers/STM32F7xx_HAL_Driver/Src/stm32f7xx_hal_cortex.o
LOAD Drivers/STM32F7xx_HAL_Driver/Src/stm32f7xx_hal_dma.o
LOAD Drivers/STM32F7xx_HAL_Driver/Src/stm32f7xx_hal_dma_ex.o
LOAD Drivers/STM32F7xx_HAL_Driver/Src/stm32f7xx_hal_exti.o
LOAD Drivers/STM32F7xx_HAL_Driver/Src/stm32f7xx_hal_flash.o
LOAD Drivers/STM32F7xx_HAL_Driver/Src/stm32f7xx_hal_flash_ex.o
LOAD Drivers/STM32F7xx_HAL_Driver/Src/stm32f7xx_hal_gpio.o
LOAD Drivers/STM32F7xx_HAL_Driver/Src/stm32f7xx_hal_i2c.o
LOAD Drivers/STM32F7xx_HAL_Driver/Src/stm32f7xx_hal_i2c_ex.o
LOAD Drivers/STM32F7xx_HAL_Driver/Src/stm32f7xx_hal_pcd.o
LOAD Drivers/STM32F7xx_HAL_Driver/Src/stm32f7xx_hal_pcd_ex.o
LOAD Drivers/STM32F7xx_HAL_Driver/Src/stm32f7xx_hal_pwr.o
LOAD Drivers/STM32F7xx_HAL_Driver/Src/stm32f7xx_hal_pwr_ex.o
LOAD Drivers/STM32F7xx_HAL_Driver/Src/stm32f7xx_hal_rcc.o
LOAD Drivers/STM32F7xx_HAL_Driver/Src/stm32f7xx_hal_rcc_ex.o
LOAD Drivers/STM32F7xx_HAL_Driver/Src/stm32f7xx_hal_sd.o
LOAD Drivers/STM32F7xx_HAL_Driver/Src/stm32f7xx_hal_tim.o
LOAD Drivers/STM32F7xx_HAL_Driver/Src/stm32f7xx_hal_tim_ex.o
LOAD Drivers/STM32F7xx_HAL_Driver/Src/stm32f7xx_hal_uart.o
LOAD Drivers/STM32F7xx_HAL_Driver/Src/stm32f7xx_hal_uart_ex.o
LOAD Drivers/STM32F7xx_HAL_Driver/Src/stm32f7xx_ll_sdmmc.o
LOAD Drivers/STM32F7xx_HAL_Driver/Src/stm32f7xx_ll_usb.o
LOAD FATFS/App/fatfs.o
LOAD FATFS/Target/bsp_driver_sd.o
LOAD FATFS/Target/fatfs_platform.o
LOAD FATFS/Target/sd_diskio.o
LOAD Middlewares/ST/STM32_USB_Device_Library/Class/MSC/Src/usbd_msc.o
LOAD Middlewares/ST/STM32_USB_Device_Library/Class/MSC/Src/usbd_msc_bot.o
LOAD Middlewares/ST/STM32_USB_Device_Library/Class/MSC/Src/usbd_msc_data.o
LOAD Middlewares/ST/STM32_USB_Device_Library/Class/MSC/Src/usbd_msc_scsi.o
LOAD Middlewares/ST/STM32_USB_Device_Library/Core/Src/usbd_core.o
LOAD Middlewares/ST/STM32_USB_Device_Library/Core/Src/usbd_ctlreq.o
LOAD Middlewares/ST/STM32_USB_Device_Library/Core/Src/usbd_ioreq.o
LOAD Middlewares/Third_Party/FatFs/src/diskio.o
LOAD Middlewares/Third_Party/FatFs/src/ff.o
LOAD Middlewares/Third_Party/FatFs/src/ff_gen_drv.o
LOAD Middlewares/Third_Party/FatFs/src/option/ccsbcs.o
LOAD Middlewares/Third_Party/FatFs/src/option/syscall.o
LOAD Middlewares/Third_Party/FreeRTOS/Source/CMSIS_RTOS/cmsis_os.o
LOAD Middlewares/Third_Party/FreeRTOS/Source/croutine.o
LOAD Middlewares/Third_Party/FreeRTOS/Source/event_groups.o
LOAD Middlewares/Third_Party/FreeRTOS/Source/list.o
LOAD Middlewares/Third_Party/FreeRTOS/Source/queue.o
LOAD Middlewares/Third_Party/FreeRTOS/Source/stream_buffer.o
LOAD Middlewares/Third_Party/FreeRTOS/Source/tasks.o
LOAD Middlewares/Third_Party/FreeRTOS/Source/timers.o
LOAD Middlewares/Third_Party/FreeRTOS/Source/portable/GCC/ARM_CM7/r0p1/port.o
LOAD Middlewares/Third_Party/FreeRTOS/Source/portable/MemMang/heap_4.o
LOAD USB_DEVICE/App/usb_device.o
LOAD USB_DEVICE/App/usbd_desc.o
LOAD USB_DEVICE/App/usbd_storage_if.o
LOAD USB_DEVICE/Target/usbd_conf.o
START GROUP
LOAD c:/programdata/st/stm32cubeide_1.3.0/stm32cubeide/plugins/com.st.stm32cube.ide.mcu.externaltools.gnu-tools-for-stm32.7-2018-q2-update.win32_1.0.0.201904181610/tools/bin/../lib/gcc/arm-none-eabi/7.3.1/../../../../arm-none-eabi/lib/thumb/v7e-m/fpv5/hard\libc_nano.a
LOAD c:/programdata/st/stm32cubeide_1.3.0/stm32cubeide/plugins/com.st.stm32cube.ide.mcu.externaltools.gnu-tools-for-stm32.7-2018-q2-update.win32_1.0.0.201904181610/tools/bin/../lib/gcc/arm-none-eabi/7.3.1/../../../../arm-none-eabi/lib/thumb/v7e-m/fpv5/hard\libm.a
END GROUP
START GROUP
LOAD c:/programdata/st/stm32cubeide_1.3.0/stm32cubeide/plugins/com.st.stm32cube.ide.mcu.externaltools.gnu-tools-for-stm32.7-2018-q2-update.win32_1.0.0.201904181610/tools/bin/../lib/gcc/arm-none-eabi/7.3.1/thumb/v7e-m/fpv5/hard\libgcc.a
LOAD c:/programdata/st/stm32cubeide_1.3.0/stm32cubeide/plugins/com.st.stm32cube.ide.mcu.externaltools.gnu-tools-for-stm32.7-2018-q2-update.win32_1.0.0.201904181610/tools/bin/../lib/gcc/arm-none-eabi/7.3.1/../../../../arm-none-eabi/lib/thumb/v7e-m/fpv5/hard\libc_nano.a
END GROUP
START GROUP
LOAD c:/programdata/st/stm32cubeide_1.3.0/stm32cubeide/plugins/com.st.stm32cube.ide.mcu.externaltools.gnu-tools-for-stm32.7-2018-q2-update.win32_1.0.0.201904181610/tools/bin/../lib/gcc/arm-none-eabi/7.3.1/thumb/v7e-m/fpv5/hard\libgcc.a
LOAD c:/programdata/st/stm32cubeide_1.3.0/stm32cubeide/plugins/com.st.stm32cube.ide.mcu.externaltools.gnu-tools-for-stm32.7-2018-q2-update.win32_1.0.0.201904181610/tools/bin/../lib/gcc/arm-none-eabi/7.3.1/../../../../arm-none-eabi/lib/thumb/v7e-m/fpv5/hard\libc_nano.a
LOAD c:/programdata/st/stm32cubeide_1.3.0/stm32cubeide/plugins/com.st.stm32cube.ide.mcu.externaltools.gnu-tools-for-stm32.7-2018-q2-update.win32_1.0.0.201904181610/tools/bin/../lib/gcc/arm-none-eabi/7.3.1/../../../../arm-none-eabi/lib/thumb/v7e-m/fpv5/hard\libnosys.a
END GROUP
START GROUP
LOAD c:/programdata/st/stm32cubeide_1.3.0/stm32cubeide/plugins/com.st.stm32cube.ide.mcu.externaltools.gnu-tools-for-stm32.7-2018-q2-update.win32_1.0.0.201904181610/tools/bin/../lib/gcc/arm-none-eabi/7.3.1/thumb/v7e-m/fpv5/hard\libgcc.a
LOAD c:/programdata/st/stm32cubeide_1.3.0/stm32cubeide/plugins/com.st.stm32cube.ide.mcu.externaltools.gnu-tools-for-stm32.7-2018-q2-update.win32_1.0.0.201904181610/tools/bin/../lib/gcc/arm-none-eabi/7.3.1/../../../../arm-none-eabi/lib/thumb/v7e-m/fpv5/hard\libc_nano.a
LOAD c:/programdata/st/stm32cubeide_1.3.0/stm32cubeide/plugins/com.st.stm32cube.ide.mcu.externaltools.gnu-tools-for-stm32.7-2018-q2-update.win32_1.0.0.201904181610/tools/bin/../lib/gcc/arm-none-eabi/7.3.1/../../../../arm-none-eabi/lib/thumb/v7e-m/fpv5/hard\libnosys.a
END GROUP
LOAD c:/programdata/st/stm32cubeide_1.3.0/stm32cubeide/plugins/com.st.stm32cube.ide.mcu.externaltools.gnu-tools-for-stm32.7-2018-q2-update.win32_1.0.0.201904181610/tools/bin/../lib/gcc/arm-none-eabi/7.3.1/thumb/v7e-m/fpv5/hard/crtend.o
LOAD c:/programdata/st/stm32cubeide_1.3.0/stm32cubeide/plugins/com.st.stm32cube.ide.mcu.externaltools.gnu-tools-for-stm32.7-2018-q2-update.win32_1.0.0.201904181610/tools/bin/../lib/gcc/arm-none-eabi/7.3.1/thumb/v7e-m/fpv5/hard/crtn.o
                0x0000000020080000                _estack = (ORIGIN (RAM) + LENGTH (RAM))
                0x0000000000000200                _Min_Heap_Size = 0x200
                0x0000000000000400                _Min_Stack_Size = 0x400

.isr_vector     0x0000000008000000      0x1f8
                0x0000000008000000                . = ALIGN (0x4)
 *(.isr_vector)
 .isr_vector    0x0000000008000000      0x1f8 Core/Startup/startup_stm32f767zitx.o
                0x0000000008000000                g_pfnVectors
                0x00000000080001f8                . = ALIGN (0x4)

.text           0x0000000008000200    0x1525c
                0x0000000008000200                . = ALIGN (0x4)
 *(.text)
 .text          0x0000000008000200       0x40 c:/programdata/st/stm32cubeide_1.3.0/stm32cubeide/plugins/com.st.stm32cube.ide.mcu.externaltools.gnu-tools-for-stm32.7-2018-q2-update.win32_1.0.0.201904181610/tools/bin/../lib/gcc/arm-none-eabi/7.3.1/thumb/v7e-m/fpv5/hard/crtbegin.o
 .text          0x0000000008000240       0x30 c:/programdata/st/stm32cubeide_1.3.0/stm32cubeide/plugins/com.st.stm32cube.ide.mcu.externaltools.gnu-tools-for-stm32.7-2018-q2-update.win32_1.0.0.201904181610/tools/bin/../lib/gcc/arm-none-eabi/7.3.1/thumb/v7e-m/fpv5/hard\libgcc.a(_aeabi_uldivmod.o)
                0x0000000008000240                __aeabi_uldivmod
 .text          0x0000000008000270      0x2cc c:/programdata/st/stm32cubeide_1.3.0/stm32cubeide/plugins/com.st.stm32cube.ide.mcu.externaltools.gnu-tools-for-stm32.7-2018-q2-update.win32_1.0.0.201904181610/tools/bin/../lib/gcc/arm-none-eabi/7.3.1/thumb/v7e-m/fpv5/hard\libgcc.a(_udivmoddi4.o)
                0x0000000008000270                __udivmoddi4
 .text          0x000000000800053c        0x4 c:/programdata/st/stm32cubeide_1.3.0/stm32cubeide/plugins/com.st.stm32cube.ide.mcu.externaltools.gnu-tools-for-stm32.7-2018-q2-update.win32_1.0.0.201904181610/tools/bin/../lib/gcc/arm-none-eabi/7.3.1/thumb/v7e-m/fpv5/hard\libgcc.a(_dvmd_tls.o)
                0x000000000800053c                __aeabi_idiv0
                0x000000000800053c                __aeabi_ldiv0
 *(.text*)
 .text.vApplicationGetIdleTaskMemory
                0x0000000008000540       0x34 Core/Src/freertos.o
                0x0000000008000540                vApplicationGetIdleTaskMemory
 .text.__NVIC_EnableIRQ
                0x0000000008000574       0x3c Core/Src/main.o
 .text.__NVIC_DisableIRQ
                0x00000000080005b0       0x44 Core/Src/main.o
 .text.main     0x00000000080005f4       0x68 Core/Src/main.o
                0x00000000080005f4                main
 .text.SystemClock_Config
                0x000000000800065c      0x130 Core/Src/main.o
                0x000000000800065c                SystemClock_Config
 .text.MX_NVIC_Init
                0x000000000800078c       0x18 Core/Src/main.o
 .text.MX_CAN1_Init
                0x00000000080007a4       0x6c Core/Src/main.o
 .text.MX_SDMMC1_SD_Init
                0x0000000008000810       0x4c Core/Src/main.o
 .text.MX_USART3_UART_Init
                0x000000000800085c       0x60 Core/Src/main.o
 .text.MX_DMA_Init
                0x00000000080008bc       0x4c Core/Src/main.o
 .text.MX_GPIO_Init
                0x0000000008000908      0x210 Core/Src/main.o
 .text.HAL_CAN_RxFifo0MsgPendingCallback
                0x0000000008000b18       0xbc Core/Src/main.o
                0x0000000008000b18                HAL_CAN_RxFifo0MsgPendingCallback
 .text.Get_Data
                0x0000000008000bd4      0x1e4 Core/Src/main.o
                0x0000000008000bd4                Get_Data
 .text.CAN_Config
                0x0000000008000db8       0x6c Core/Src/main.o
                0x0000000008000db8                CAN_Config
 .text.StartDefaultTask
                0x0000000008000e24      0x12c Core/Src/main.o
                0x0000000008000e24                StartDefaultTask
 .text.HAL_TIM_PeriodElapsedCallback
                0x0000000008000f50       0x60 Core/Src/main.o
                0x0000000008000f50                HAL_TIM_PeriodElapsedCallback
 .text.Error_Handler
                0x0000000008000fb0       0x1c Core/Src/main.o
                0x0000000008000fb0                Error_Handler
 .text.HAL_MspInit
                0x0000000008000fcc       0x50 Core/Src/stm32f7xx_hal_msp.o
                0x0000000008000fcc                HAL_MspInit
 .text.HAL_CAN_MspInit
                0x000000000800101c       0x88 Core/Src/stm32f7xx_hal_msp.o
                0x000000000800101c                HAL_CAN_MspInit
 .text.HAL_SD_MspInit
                0x00000000080010a4      0x1d4 Core/Src/stm32f7xx_hal_msp.o
                0x00000000080010a4                HAL_SD_MspInit
 .text.HAL_UART_MspInit
                0x0000000008001278       0x88 Core/Src/stm32f7xx_hal_msp.o
                0x0000000008001278                HAL_UART_MspInit
 .text.HAL_InitTick
                0x0000000008001300       0xb0 Core/Src/stm32f7xx_hal_timebase_tim.o
                0x0000000008001300                HAL_InitTick
 .text.NMI_Handler
                0x00000000080013b0        0xe Core/Src/stm32f7xx_it.o
                0x00000000080013b0                NMI_Handler
 .text.HardFault_Handler
                0x00000000080013be        0x6 Core/Src/stm32f7xx_it.o
                0x00000000080013be                HardFault_Handler
 .text.MemManage_Handler
                0x00000000080013c4        0x6 Core/Src/stm32f7xx_it.o
                0x00000000080013c4                MemManage_Handler
 .text.BusFault_Handler
                0x00000000080013ca        0x6 Core/Src/stm32f7xx_it.o
                0x00000000080013ca                BusFault_Handler
 .text.UsageFault_Handler
                0x00000000080013d0        0x6 Core/Src/stm32f7xx_it.o
                0x00000000080013d0                UsageFault_Handler
 .text.DebugMon_Handler
                0x00000000080013d6        0xe Core/Src/stm32f7xx_it.o
                0x00000000080013d6                DebugMon_Handler
 .text.CAN1_RX0_IRQHandler
                0x00000000080013e4       0x14 Core/Src/stm32f7xx_it.o
                0x00000000080013e4                CAN1_RX0_IRQHandler
 .text.SDMMC1_IRQHandler
                0x00000000080013f8       0x14 Core/Src/stm32f7xx_it.o
                0x00000000080013f8                SDMMC1_IRQHandler
 .text.TIM6_DAC_IRQHandler
                0x000000000800140c       0x14 Core/Src/stm32f7xx_it.o
                0x000000000800140c                TIM6_DAC_IRQHandler
 .text.DMA2_Stream3_IRQHandler
                0x0000000008001420       0x14 Core/Src/stm32f7xx_it.o
                0x0000000008001420                DMA2_Stream3_IRQHandler
 .text.OTG_FS_IRQHandler
                0x0000000008001434       0x14 Core/Src/stm32f7xx_it.o
                0x0000000008001434                OTG_FS_IRQHandler
 .text.DMA2_Stream6_IRQHandler
                0x0000000008001448       0x14 Core/Src/stm32f7xx_it.o
                0x0000000008001448                DMA2_Stream6_IRQHandler
 .text._sbrk    0x000000000800145c       0x58 Core/Src/sysmem.o
                0x000000000800145c                _sbrk
 .text.SystemInit
                0x00000000080014b4       0x2c Core/Src/system_stm32f7xx.o
                0x00000000080014b4                SystemInit
 .text.Reset_Handler
                0x00000000080014e0       0x50 Core/Startup/startup_stm32f767zitx.o
                0x00000000080014e0                Reset_Handler
 .text.Default_Handler
                0x0000000008001530        0x2 Core/Startup/startup_stm32f767zitx.o
                0x0000000008001530                RTC_Alarm_IRQHandler
                0x0000000008001530                EXTI2_IRQHandler
                0x0000000008001530                TIM8_CC_IRQHandler
                0x0000000008001530                UART8_IRQHandler
                0x0000000008001530                SPI4_IRQHandler
                0x0000000008001530                TIM1_CC_IRQHandler
                0x0000000008001530                DMA2_Stream5_IRQHandler
                0x0000000008001530                JPEG_IRQHandler
                0x0000000008001530                DMA1_Stream5_IRQHandler
                0x0000000008001530                CAN3_RX1_IRQHandler
                0x0000000008001530                PVD_IRQHandler
                0x0000000008001530                TAMP_STAMP_IRQHandler
                0x0000000008001530                CAN2_RX1_IRQHandler
                0x0000000008001530                EXTI3_IRQHandler
                0x0000000008001530                TIM8_TRG_COM_TIM14_IRQHandler
                0x0000000008001530                DFSDM1_FLT1_IRQHandler
                0x0000000008001530                TIM1_UP_TIM10_IRQHandler
                0x0000000008001530                TIM8_UP_TIM13_IRQHandler
                0x0000000008001530                I2C3_ER_IRQHandler
                0x0000000008001530                DFSDM1_FLT2_IRQHandler
                0x0000000008001530                EXTI0_IRQHandler
                0x0000000008001530                I2C2_EV_IRQHandler
                0x0000000008001530                DMA1_Stream2_IRQHandler
                0x0000000008001530                FPU_IRQHandler
                0x0000000008001530                OTG_HS_WKUP_IRQHandler
                0x0000000008001530                CAN3_SCE_IRQHandler
                0x0000000008001530                LTDC_ER_IRQHandler
                0x0000000008001530                CAN2_SCE_IRQHandler
                0x0000000008001530                DMA2_Stream2_IRQHandler
                0x0000000008001530                SPI1_IRQHandler
                0x0000000008001530                TIM1_BRK_TIM9_IRQHandler
                0x0000000008001530                DCMI_IRQHandler
                0x0000000008001530                CAN2_RX0_IRQHandler
                0x0000000008001530                SAI2_IRQHandler
                0x0000000008001530                DFSDM1_FLT3_IRQHandler
                0x0000000008001530                USART6_IRQHandler
                0x0000000008001530                CAN3_RX0_IRQHandler
                0x0000000008001530                USART3_IRQHandler
                0x0000000008001530                CAN1_RX1_IRQHandler
                0x0000000008001530                UART5_IRQHandler
                0x0000000008001530                DMA2_Stream0_IRQHandler
                0x0000000008001530                TIM4_IRQHandler
                0x0000000008001530                QUADSPI_IRQHandler
                0x0000000008001530                I2C1_EV_IRQHandler
                0x0000000008001530                DMA1_Stream6_IRQHandler
                0x0000000008001530                DMA1_Stream1_IRQHandler
                0x0000000008001530                UART4_IRQHandler
                0x0000000008001530                TIM3_IRQHandler
                0x0000000008001530                RCC_IRQHandler
                0x0000000008001530                TIM8_BRK_TIM12_IRQHandler
                0x0000000008001530                Default_Handler
                0x0000000008001530                CEC_IRQHandler
                0x0000000008001530                EXTI15_10_IRQHandler
                0x0000000008001530                ADC_IRQHandler
                0x0000000008001530                DMA1_Stream7_IRQHandler
                0x0000000008001530                SPI5_IRQHandler
                0x0000000008001530                TIM7_IRQHandler
                0x0000000008001530                CAN2_TX_IRQHandler
                0x0000000008001530                TIM5_IRQHandler
                0x0000000008001530                DMA2_Stream7_IRQHandler
                0x0000000008001530                I2C3_EV_IRQHandler
                0x0000000008001530                EXTI9_5_IRQHandler
                0x0000000008001530                RTC_WKUP_IRQHandler
                0x0000000008001530                LTDC_IRQHandler
                0x0000000008001530                ETH_WKUP_IRQHandler
                0x0000000008001530                SPDIF_RX_IRQHandler
                0x0000000008001530                SPI2_IRQHandler
                0x0000000008001530                OTG_HS_EP1_IN_IRQHandler
                0x0000000008001530                DMA1_Stream0_IRQHandler
                0x0000000008001530                CAN1_TX_IRQHandler
                0x0000000008001530                EXTI4_IRQHandler
                0x0000000008001530                RNG_IRQHandler
                0x0000000008001530                ETH_IRQHandler
                0x0000000008001530                OTG_HS_EP1_OUT_IRQHandler
                0x0000000008001530                WWDG_IRQHandler
                0x0000000008001530                SPI6_IRQHandler
                0x0000000008001530                MDIOS_IRQHandler
                0x0000000008001530                I2C4_EV_IRQHandler
                0x0000000008001530                CAN3_TX_IRQHandler
                0x0000000008001530                TIM2_IRQHandler
                0x0000000008001530                OTG_FS_WKUP_IRQHandler
                0x0000000008001530                TIM1_TRG_COM_TIM11_IRQHandler
                0x0000000008001530                OTG_HS_IRQHandler
                0x0000000008001530                DMA2D_IRQHandler
                0x0000000008001530                EXTI1_IRQHandler
                0x0000000008001530                SDMMC2_IRQHandler
                0x0000000008001530                UART7_IRQHandler
                0x0000000008001530                USART2_IRQHandler
                0x0000000008001530                DFSDM1_FLT0_IRQHandler
                0x0000000008001530                I2C2_ER_IRQHandler
                0x0000000008001530                DMA2_Stream1_IRQHandler
                0x0000000008001530                CAN1_SCE_IRQHandler
                0x0000000008001530                FLASH_IRQHandler
                0x0000000008001530                DMA2_Stream4_IRQHandler
                0x0000000008001530                USART1_IRQHandler
                0x0000000008001530                SPI3_IRQHandler
                0x0000000008001530                DMA1_Stream4_IRQHandler
                0x0000000008001530                I2C1_ER_IRQHandler
                0x0000000008001530                FMC_IRQHandler
                0x0000000008001530                LPTIM1_IRQHandler
                0x0000000008001530                I2C4_ER_IRQHandler
                0x0000000008001530                SAI1_IRQHandler
                0x0000000008001530                DMA1_Stream3_IRQHandler
 .text.HAL_Init
                0x0000000008001532       0x1a Drivers/STM32F7xx_HAL_Driver/Src/stm32f7xx_hal.o
                0x0000000008001532                HAL_Init
 .text.HAL_IncTick
                0x000000000800154c       0x28 Drivers/STM32F7xx_HAL_Driver/Src/stm32f7xx_hal.o
                0x000000000800154c                HAL_IncTick
 .text.HAL_GetTick
                0x0000000008001574       0x18 Drivers/STM32F7xx_HAL_Driver/Src/stm32f7xx_hal.o
                0x0000000008001574                HAL_GetTick
 .text.HAL_Delay
                0x000000000800158c       0x44 Drivers/STM32F7xx_HAL_Driver/Src/stm32f7xx_hal.o
                0x000000000800158c                HAL_Delay
 .text.HAL_CAN_Init
                0x00000000080015d0      0x1f6 Drivers/STM32F7xx_HAL_Driver/Src/stm32f7xx_hal_can.o
                0x00000000080015d0                HAL_CAN_Init
 *fill*         0x00000000080017c6        0x2 
 .text.HAL_CAN_ConfigFilter
                0x00000000080017c8      0x1d8 Drivers/STM32F7xx_HAL_Driver/Src/stm32f7xx_hal_can.o
                0x00000000080017c8                HAL_CAN_ConfigFilter
 .text.HAL_CAN_Start
                0x00000000080019a0       0x88 Drivers/STM32F7xx_HAL_Driver/Src/stm32f7xx_hal_can.o
                0x00000000080019a0                HAL_CAN_Start
 .text.HAL_CAN_AddTxMessage
                0x0000000008001a28      0x1b6 Drivers/STM32F7xx_HAL_Driver/Src/stm32f7xx_hal_can.o
                0x0000000008001a28                HAL_CAN_AddTxMessage
 .text.HAL_CAN_GetRxMessage
                0x0000000008001bde      0x224 Drivers/STM32F7xx_HAL_Driver/Src/stm32f7xx_hal_can.o
                0x0000000008001bde                HAL_CAN_GetRxMessage
 .text.HAL_CAN_ActivateNotification
                0x0000000008001e02       0x4c Drivers/STM32F7xx_HAL_Driver/Src/stm32f7xx_hal_can.o
                0x0000000008001e02                HAL_CAN_ActivateNotification
 .text.HAL_CAN_DeactivateNotification
                0x0000000008001e4e       0x4e Drivers/STM32F7xx_HAL_Driver/Src/stm32f7xx_hal_can.o
                0x0000000008001e4e                HAL_CAN_DeactivateNotification
 .text.HAL_CAN_IRQHandler
                0x0000000008001e9c      0x362 Drivers/STM32F7xx_HAL_Driver/Src/stm32f7xx_hal_can.o
                0x0000000008001e9c                HAL_CAN_IRQHandler
 .text.HAL_CAN_TxMailbox0CompleteCallback
                0x00000000080021fe       0x14 Drivers/STM32F7xx_HAL_Driver/Src/stm32f7xx_hal_can.o
                0x00000000080021fe                HAL_CAN_TxMailbox0CompleteCallback
 .text.HAL_CAN_TxMailbox1CompleteCallback
                0x0000000008002212       0x14 Drivers/STM32F7xx_HAL_Driver/Src/stm32f7xx_hal_can.o
                0x0000000008002212                HAL_CAN_TxMailbox1CompleteCallback
 .text.HAL_CAN_TxMailbox2CompleteCallback
                0x0000000008002226       0x14 Drivers/STM32F7xx_HAL_Driver/Src/stm32f7xx_hal_can.o
                0x0000000008002226                HAL_CAN_TxMailbox2CompleteCallback
 .text.HAL_CAN_TxMailbox0AbortCallback
                0x000000000800223a       0x14 Drivers/STM32F7xx_HAL_Driver/Src/stm32f7xx_hal_can.o
                0x000000000800223a                HAL_CAN_TxMailbox0AbortCallback
 .text.HAL_CAN_TxMailbox1AbortCallback
                0x000000000800224e       0x14 Drivers/STM32F7xx_HAL_Driver/Src/stm32f7xx_hal_can.o
                0x000000000800224e                HAL_CAN_TxMailbox1AbortCallback
 .text.HAL_CAN_TxMailbox2AbortCallback
                0x0000000008002262       0x14 Drivers/STM32F7xx_HAL_Driver/Src/stm32f7xx_hal_can.o
                0x0000000008002262                HAL_CAN_TxMailbox2AbortCallback
 .text.HAL_CAN_RxFifo0FullCallback
                0x0000000008002276       0x14 Drivers/STM32F7xx_HAL_Driver/Src/stm32f7xx_hal_can.o
                0x0000000008002276                HAL_CAN_RxFifo0FullCallback
 .text.HAL_CAN_RxFifo1MsgPendingCallback
                0x000000000800228a       0x14 Drivers/STM32F7xx_HAL_Driver/Src/stm32f7xx_hal_can.o
                0x000000000800228a                HAL_CAN_RxFifo1MsgPendingCallback
 .text.HAL_CAN_RxFifo1FullCallback
                0x000000000800229e       0x14 Drivers/STM32F7xx_HAL_Driver/Src/stm32f7xx_hal_can.o
                0x000000000800229e                HAL_CAN_RxFifo1FullCallback
 .text.HAL_CAN_SleepCallback
                0x00000000080022b2       0x14 Drivers/STM32F7xx_HAL_Driver/Src/stm32f7xx_hal_can.o
                0x00000000080022b2                HAL_CAN_SleepCallback
 .text.HAL_CAN_WakeUpFromRxMsgCallback
                0x00000000080022c6       0x14 Drivers/STM32F7xx_HAL_Driver/Src/stm32f7xx_hal_can.o
                0x00000000080022c6                HAL_CAN_WakeUpFromRxMsgCallback
 .text.HAL_CAN_ErrorCallback
                0x00000000080022da       0x14 Drivers/STM32F7xx_HAL_Driver/Src/stm32f7xx_hal_can.o
                0x00000000080022da                HAL_CAN_ErrorCallback
 *fill*         0x00000000080022ee        0x2 
 .text.__NVIC_SetPriorityGrouping
                0x00000000080022f0       0x48 Drivers/STM32F7xx_HAL_Driver/Src/stm32f7xx_hal_cortex.o
 .text.__NVIC_GetPriorityGrouping
                0x0000000008002338       0x1c Drivers/STM32F7xx_HAL_Driver/Src/stm32f7xx_hal_cortex.o
 .text.__NVIC_EnableIRQ
                0x0000000008002354       0x3c Drivers/STM32F7xx_HAL_Driver/Src/stm32f7xx_hal_cortex.o
 .text.__NVIC_SetPriority
                0x0000000008002390       0x54 Drivers/STM32F7xx_HAL_Driver/Src/stm32f7xx_hal_cortex.o
 .text.NVIC_EncodePriority
                0x00000000080023e4       0x66 Drivers/STM32F7xx_HAL_Driver/Src/stm32f7xx_hal_cortex.o
 .text.HAL_NVIC_SetPriorityGrouping
                0x000000000800244a       0x16 Drivers/STM32F7xx_HAL_Driver/Src/stm32f7xx_hal_cortex.o
                0x000000000800244a                HAL_NVIC_SetPriorityGrouping
 .text.HAL_NVIC_SetPriority
                0x0000000008002460       0x38 Drivers/STM32F7xx_HAL_Driver/Src/stm32f7xx_hal_cortex.o
                0x0000000008002460                HAL_NVIC_SetPriority
 .text.HAL_NVIC_EnableIRQ
                0x0000000008002498       0x1c Drivers/STM32F7xx_HAL_Driver/Src/stm32f7xx_hal_cortex.o
                0x0000000008002498                HAL_NVIC_EnableIRQ
 .text.HAL_DMA_Init
                0x00000000080024b4      0x15c Drivers/STM32F7xx_HAL_Driver/Src/stm32f7xx_hal_dma.o
                0x00000000080024b4                HAL_DMA_Init
 .text.HAL_DMA_Start_IT
                0x0000000008002610       0xc0 Drivers/STM32F7xx_HAL_Driver/Src/stm32f7xx_hal_dma.o
                0x0000000008002610                HAL_DMA_Start_IT
 .text.HAL_DMA_Abort_IT
                0x00000000080026d0       0x44 Drivers/STM32F7xx_HAL_Driver/Src/stm32f7xx_hal_dma.o
                0x00000000080026d0                HAL_DMA_Abort_IT
 .text.HAL_DMA_IRQHandler
                0x0000000008002714      0x314 Drivers/STM32F7xx_HAL_Driver/Src/stm32f7xx_hal_dma.o
                0x0000000008002714                HAL_DMA_IRQHandler
 .text.HAL_DMA_GetError
                0x0000000008002a28       0x18 Drivers/STM32F7xx_HAL_Driver/Src/stm32f7xx_hal_dma.o
                0x0000000008002a28                HAL_DMA_GetError
 .text.DMA_SetConfig
                0x0000000008002a40       0x5c Drivers/STM32F7xx_HAL_Driver/Src/stm32f7xx_hal_dma.o
 .text.DMA_CalcBaseAndBitshift
                0x0000000008002a9c       0x6c Drivers/STM32F7xx_HAL_Driver/Src/stm32f7xx_hal_dma.o
 .text.DMA_CheckFifoParam
                0x0000000008002b08       0xf4 Drivers/STM32F7xx_HAL_Driver/Src/stm32f7xx_hal_dma.o
 .text.HAL_GPIO_Init
                0x0000000008002bfc      0x354 Drivers/STM32F7xx_HAL_Driver/Src/stm32f7xx_hal_gpio.o
                0x0000000008002bfc                HAL_GPIO_Init
 .text.HAL_GPIO_ReadPin
                0x0000000008002f50       0x30 Drivers/STM32F7xx_HAL_Driver/Src/stm32f7xx_hal_gpio.o
                0x0000000008002f50                HAL_GPIO_ReadPin
 .text.HAL_GPIO_WritePin
                0x0000000008002f80       0x32 Drivers/STM32F7xx_HAL_Driver/Src/stm32f7xx_hal_gpio.o
                0x0000000008002f80                HAL_GPIO_WritePin
 .text.HAL_GPIO_TogglePin
                0x0000000008002fb2       0x34 Drivers/STM32F7xx_HAL_Driver/Src/stm32f7xx_hal_gpio.o
                0x0000000008002fb2                HAL_GPIO_TogglePin
 .text.HAL_PCD_Init
                0x0000000008002fe6      0x248 Drivers/STM32F7xx_HAL_Driver/Src/stm32f7xx_hal_pcd.o
                0x0000000008002fe6                HAL_PCD_Init
 .text.HAL_PCD_Start
                0x000000000800322e       0x44 Drivers/STM32F7xx_HAL_Driver/Src/stm32f7xx_hal_pcd.o
                0x000000000800322e                HAL_PCD_Start
 .text.HAL_PCD_IRQHandler
                0x0000000008003272      0x7be Drivers/STM32F7xx_HAL_Driver/Src/stm32f7xx_hal_pcd.o
                0x0000000008003272                HAL_PCD_IRQHandler
 .text.HAL_PCD_SetAddress
                0x0000000008003a30       0x4a Drivers/STM32F7xx_HAL_Driver/Src/stm32f7xx_hal_pcd.o
                0x0000000008003a30                HAL_PCD_SetAddress
 .text.HAL_PCD_EP_Open
                0x0000000008003a7a       0xd0 Drivers/STM32F7xx_HAL_Driver/Src/stm32f7xx_hal_pcd.o
                0x0000000008003a7a                HAL_PCD_EP_Open
 .text.HAL_PCD_EP_Close
                0x0000000008003b4a       0x94 Drivers/STM32F7xx_HAL_Driver/Src/stm32f7xx_hal_pcd.o
                0x0000000008003b4a                HAL_PCD_EP_Close
 .text.HAL_PCD_EP_Receive
                0x0000000008003bde       0x96 Drivers/STM32F7xx_HAL_Driver/Src/stm32f7xx_hal_pcd.o
                0x0000000008003bde                HAL_PCD_EP_Receive
 .text.HAL_PCD_EP_GetRxCount
                0x0000000008003c74       0x30 Drivers/STM32F7xx_HAL_Driver/Src/stm32f7xx_hal_pcd.o
                0x0000000008003c74                HAL_PCD_EP_GetRxCount
 .text.HAL_PCD_EP_Transmit
                0x0000000008003ca4       0x94 Drivers/STM32F7xx_HAL_Driver/Src/stm32f7xx_hal_pcd.o
                0x0000000008003ca4                HAL_PCD_EP_Transmit
 .text.HAL_PCD_EP_SetStall
                0x0000000008003d38       0xc8 Drivers/STM32F7xx_HAL_Driver/Src/stm32f7xx_hal_pcd.o
                0x0000000008003d38                HAL_PCD_EP_SetStall
 .text.HAL_PCD_EP_ClrStall
                0x0000000008003e00       0xac Drivers/STM32F7xx_HAL_Driver/Src/stm32f7xx_hal_pcd.o
                0x0000000008003e00                HAL_PCD_EP_ClrStall
 .text.HAL_PCD_EP_Flush
                0x0000000008003eac       0x5a Drivers/STM32F7xx_HAL_Driver/Src/stm32f7xx_hal_pcd.o
                0x0000000008003eac                HAL_PCD_EP_Flush
 .text.PCD_WriteEmptyTxFifo
                0x0000000008003f06      0x11a Drivers/STM32F7xx_HAL_Driver/Src/stm32f7xx_hal_pcd.o
 .text.PCD_EP_OutXfrComplete_int
                0x0000000008004020      0x218 Drivers/STM32F7xx_HAL_Driver/Src/stm32f7xx_hal_pcd.o
 .text.PCD_EP_OutSetupPacket_int
                0x0000000008004238       0x8c Drivers/STM32F7xx_HAL_Driver/Src/stm32f7xx_hal_pcd.o
 .text.HAL_PCDEx_SetTxFiFo
                0x00000000080042c4       0x8e Drivers/STM32F7xx_HAL_Driver/Src/stm32f7xx_hal_pcd_ex.o
                0x00000000080042c4                HAL_PCDEx_SetTxFiFo
 .text.HAL_PCDEx_SetRxFiFo
                0x0000000008004352       0x22 Drivers/STM32F7xx_HAL_Driver/Src/stm32f7xx_hal_pcd_ex.o
                0x0000000008004352                HAL_PCDEx_SetRxFiFo
 .text.HAL_PCDEx_ActivateLPM
                0x0000000008004374       0x48 Drivers/STM32F7xx_HAL_Driver/Src/stm32f7xx_hal_pcd_ex.o
                0x0000000008004374                HAL_PCDEx_ActivateLPM
 .text.HAL_PWR_EnableBkUpAccess
                0x00000000080043bc       0x20 Drivers/STM32F7xx_HAL_Driver/Src/stm32f7xx_hal_pwr.o
                0x00000000080043bc                HAL_PWR_EnableBkUpAccess
 .text.HAL_PWREx_EnableOverDrive
                0x00000000080043dc       0xa0 Drivers/STM32F7xx_HAL_Driver/Src/stm32f7xx_hal_pwr_ex.o
                0x00000000080043dc                HAL_PWREx_EnableOverDrive
 .text.HAL_RCC_OscConfig
                0x000000000800447c      0x55c Drivers/STM32F7xx_HAL_Driver/Src/stm32f7xx_hal_rcc.o
                0x000000000800447c                HAL_RCC_OscConfig
 .text.HAL_RCC_ClockConfig
                0x00000000080049d8      0x1d8 Drivers/STM32F7xx_HAL_Driver/Src/stm32f7xx_hal_rcc.o
                0x00000000080049d8                HAL_RCC_ClockConfig
 .text.HAL_RCC_GetSysClockFreq
                0x0000000008004bb0      0x1b0 Drivers/STM32F7xx_HAL_Driver/Src/stm32f7xx_hal_rcc.o
                0x0000000008004bb0                HAL_RCC_GetSysClockFreq
 .text.HAL_RCC_GetHCLKFreq
                0x0000000008004d60       0x18 Drivers/STM32F7xx_HAL_Driver/Src/stm32f7xx_hal_rcc.o
                0x0000000008004d60                HAL_RCC_GetHCLKFreq
 .text.HAL_RCC_GetPCLK1Freq
                0x0000000008004d78       0x28 Drivers/STM32F7xx_HAL_Driver/Src/stm32f7xx_hal_rcc.o
                0x0000000008004d78                HAL_RCC_GetPCLK1Freq
 .text.HAL_RCC_GetPCLK2Freq
                0x0000000008004da0       0x28 Drivers/STM32F7xx_HAL_Driver/Src/stm32f7xx_hal_rcc.o
                0x0000000008004da0                HAL_RCC_GetPCLK2Freq
 .text.HAL_RCC_GetClockConfig
                0x0000000008004dc8       0x64 Drivers/STM32F7xx_HAL_Driver/Src/stm32f7xx_hal_rcc.o
                0x0000000008004dc8                HAL_RCC_GetClockConfig
 .text.HAL_RCCEx_PeriphCLKConfig
                0x0000000008004e2c      0x84c Drivers/STM32F7xx_HAL_Driver/Src/stm32f7xx_hal_rcc_ex.o
                0x0000000008004e2c                HAL_RCCEx_PeriphCLKConfig
 .text.HAL_SD_Init
                0x0000000008005678       0x60 Drivers/STM32F7xx_HAL_Driver/Src/stm32f7xx_hal_sd.o
                0x0000000008005678                HAL_SD_Init
 .text.HAL_SD_InitCard
                0x00000000080056d8       0xd0 Drivers/STM32F7xx_HAL_Driver/Src/stm32f7xx_hal_sd.o
                0x00000000080056d8                HAL_SD_InitCard
 .text.HAL_SD_ReadBlocks
                0x00000000080057a8      0x3f0 Drivers/STM32F7xx_HAL_Driver/Src/stm32f7xx_hal_sd.o
                0x00000000080057a8                HAL_SD_ReadBlocks
 .text.HAL_SD_WriteBlocks
                0x0000000008005b98      0x340 Drivers/STM32F7xx_HAL_Driver/Src/stm32f7xx_hal_sd.o
                0x0000000008005b98                HAL_SD_WriteBlocks
 .text.HAL_SD_ReadBlocks_DMA
                0x0000000008005ed8      0x1d8 Drivers/STM32F7xx_HAL_Driver/Src/stm32f7xx_hal_sd.o
                0x0000000008005ed8                HAL_SD_ReadBlocks_DMA
 .text.HAL_SD_WriteBlocks_DMA
                0x00000000080060b0      0x1dc Drivers/STM32F7xx_HAL_Driver/Src/stm32f7xx_hal_sd.o
                0x00000000080060b0                HAL_SD_WriteBlocks_DMA
 .text.HAL_SD_IRQHandler
                0x000000000800628c      0x2ec Drivers/STM32F7xx_HAL_Driver/Src/stm32f7xx_hal_sd.o
                0x000000000800628c                HAL_SD_IRQHandler
 .text.HAL_SD_ErrorCallback
                0x0000000008006578       0x14 Drivers/STM32F7xx_HAL_Driver/Src/stm32f7xx_hal_sd.o
                0x0000000008006578                HAL_SD_ErrorCallback
 .text.HAL_SD_GetCardCSD
                0x000000000800658c      0x348 Drivers/STM32F7xx_HAL_Driver/Src/stm32f7xx_hal_sd.o
                0x000000000800658c                HAL_SD_GetCardCSD
 .text.HAL_SD_GetCardInfo
                0x00000000080068d4       0x58 Drivers/STM32F7xx_HAL_Driver/Src/stm32f7xx_hal_sd.o
                0x00000000080068d4                HAL_SD_GetCardInfo
 .text.HAL_SD_ConfigWideBusOperation
                0x000000000800692c       0xf8 Drivers/STM32F7xx_HAL_Driver/Src/stm32f7xx_hal_sd.o
                0x000000000800692c                HAL_SD_ConfigWideBusOperation
 .text.HAL_SD_GetCardState
                0x0000000008006a24       0x40 Drivers/STM32F7xx_HAL_Driver/Src/stm32f7xx_hal_sd.o
                0x0000000008006a24                HAL_SD_GetCardState
 .text.SD_DMATransmitCplt
                0x0000000008006a64       0x2a Drivers/STM32F7xx_HAL_Driver/Src/stm32f7xx_hal_sd.o
 .text.SD_DMAReceiveCplt
                0x0000000008006a8e       0x70 Drivers/STM32F7xx_HAL_Driver/Src/stm32f7xx_hal_sd.o
 *fill*         0x0000000008006afe        0x2 
 .text.SD_DMAError
                0x0000000008006b00       0xa4 Drivers/STM32F7xx_HAL_Driver/Src/stm32f7xx_hal_sd.o
 .text.SD_DMATxAbort
                0x0000000008006ba4       0x6e Drivers/STM32F7xx_HAL_Driver/Src/stm32f7xx_hal_sd.o
 .text.SD_DMARxAbort
                0x0000000008006c12       0x6e Drivers/STM32F7xx_HAL_Driver/Src/stm32f7xx_hal_sd.o
 .text.SD_InitCard
                0x0000000008006c80      0x19a Drivers/STM32F7xx_HAL_Driver/Src/stm32f7xx_hal_sd.o
 *fill*         0x0000000008006e1a        0x2 
 .text.SD_PowerON
                0x0000000008006e1c      0x11c Drivers/STM32F7xx_HAL_Driver/Src/stm32f7xx_hal_sd.o
 .text.SD_SendStatus
                0x0000000008006f38       0x50 Drivers/STM32F7xx_HAL_Driver/Src/stm32f7xx_hal_sd.o
 .text.SD_WideBus_Enable
                0x0000000008006f88       0x96 Drivers/STM32F7xx_HAL_Driver/Src/stm32f7xx_hal_sd.o
 .text.SD_WideBus_Disable
                0x000000000800701e       0x96 Drivers/STM32F7xx_HAL_Driver/Src/stm32f7xx_hal_sd.o
 .text.SD_FindSCR
                0x00000000080070b4      0x194 Drivers/STM32F7xx_HAL_Driver/Src/stm32f7xx_hal_sd.o
 .text.SD_Read_IT
                0x0000000008007248       0xa2 Drivers/STM32F7xx_HAL_Driver/Src/stm32f7xx_hal_sd.o
 .text.SD_Write_IT
                0x00000000080072ea       0xaa Drivers/STM32F7xx_HAL_Driver/Src/stm32f7xx_hal_sd.o
 .text.HAL_TIM_Base_Init
                0x0000000008007394       0x56 Drivers/STM32F7xx_HAL_Driver/Src/stm32f7xx_hal_tim.o
                0x0000000008007394                HAL_TIM_Base_Init
 .text.HAL_TIM_Base_MspInit
                0x00000000080073ea       0x14 Drivers/STM32F7xx_HAL_Driver/Src/stm32f7xx_hal_tim.o
                0x00000000080073ea                HAL_TIM_Base_MspInit
 *fill*         0x00000000080073fe        0x2 
 .text.HAL_TIM_Base_Start_IT
                0x0000000008007400       0x54 Drivers/STM32F7xx_HAL_Driver/Src/stm32f7xx_hal_tim.o
                0x0000000008007400                HAL_TIM_Base_Start_IT
 .text.HAL_TIM_IRQHandler
                0x0000000008007454      0x23e Drivers/STM32F7xx_HAL_Driver/Src/stm32f7xx_hal_tim.o
                0x0000000008007454                HAL_TIM_IRQHandler
 .text.HAL_TIM_OC_DelayElapsedCallback
                0x0000000008007692       0x14 Drivers/STM32F7xx_HAL_Driver/Src/stm32f7xx_hal_tim.o
                0x0000000008007692                HAL_TIM_OC_DelayElapsedCallback
 .text.HAL_TIM_IC_CaptureCallback
                0x00000000080076a6       0x14 Drivers/STM32F7xx_HAL_Driver/Src/stm32f7xx_hal_tim.o
                0x00000000080076a6                HAL_TIM_IC_CaptureCallback
 .text.HAL_TIM_PWM_PulseFinishedCallback
                0x00000000080076ba       0x14 Drivers/STM32F7xx_HAL_Driver/Src/stm32f7xx_hal_tim.o
                0x00000000080076ba                HAL_TIM_PWM_PulseFinishedCallback
 .text.HAL_TIM_TriggerCallback
                0x00000000080076ce       0x14 Drivers/STM32F7xx_HAL_Driver/Src/stm32f7xx_hal_tim.o
                0x00000000080076ce                HAL_TIM_TriggerCallback
 *fill*         0x00000000080076e2        0x2 
 .text.TIM_Base_SetConfig
                0x00000000080076e4      0x140 Drivers/STM32F7xx_HAL_Driver/Src/stm32f7xx_hal_tim.o
                0x00000000080076e4                TIM_Base_SetConfig
 .text.HAL_TIMEx_CommutCallback
                0x0000000008007824       0x14 Drivers/STM32F7xx_HAL_Driver/Src/stm32f7xx_hal_tim_ex.o
                0x0000000008007824                HAL_TIMEx_CommutCallback
 .text.HAL_TIMEx_BreakCallback
                0x0000000008007838       0x14 Drivers/STM32F7xx_HAL_Driver/Src/stm32f7xx_hal_tim_ex.o
                0x0000000008007838                HAL_TIMEx_BreakCallback
 .text.HAL_TIMEx_Break2Callback
                0x000000000800784c       0x14 Drivers/STM32F7xx_HAL_Driver/Src/stm32f7xx_hal_tim_ex.o
                0x000000000800784c                HAL_TIMEx_Break2Callback
 .text.HAL_UART_Init
                0x0000000008007860       0x9c Drivers/STM32F7xx_HAL_Driver/Src/stm32f7xx_hal_uart.o
                0x0000000008007860                HAL_UART_Init
 .text.UART_SetConfig
                0x00000000080078fc      0x554 Drivers/STM32F7xx_HAL_Driver/Src/stm32f7xx_hal_uart.o
                0x00000000080078fc                UART_SetConfig
 .text.UART_AdvFeatureConfig
                0x0000000008007e50      0x144 Drivers/STM32F7xx_HAL_Driver/Src/stm32f7xx_hal_uart.o
                0x0000000008007e50                UART_AdvFeatureConfig
 .text.UART_CheckIdleState
                0x0000000008007f94       0x8a Drivers/STM32F7xx_HAL_Driver/Src/stm32f7xx_hal_uart.o
                0x0000000008007f94                UART_CheckIdleState
 .text.UART_WaitOnFlagUntilTimeout
                0x000000000800801e       0xf6 Drivers/STM32F7xx_HAL_Driver/Src/stm32f7xx_hal_uart.o
                0x000000000800801e                UART_WaitOnFlagUntilTimeout
 .text.SDMMC_Init
                0x0000000008008114       0x58 Drivers/STM32F7xx_HAL_Driver/Src/stm32f7xx_ll_sdmmc.o
                0x0000000008008114                SDMMC_Init
 .text.SDMMC_ReadFIFO
                0x000000000800816c       0x1a Drivers/STM32F7xx_HAL_Driver/Src/stm32f7xx_ll_sdmmc.o
                0x000000000800816c                SDMMC_ReadFIFO
 .text.SDMMC_WriteFIFO
                0x0000000008008186       0x22 Drivers/STM32F7xx_HAL_Driver/Src/stm32f7xx_ll_sdmmc.o
                0x0000000008008186                SDMMC_WriteFIFO
 .text.SDMMC_PowerState_ON
                0x00000000080081a8       0x1e Drivers/STM32F7xx_HAL_Driver/Src/stm32f7xx_ll_sdmmc.o
                0x00000000080081a8                SDMMC_PowerState_ON
 .text.SDMMC_GetPowerState
                0x00000000080081c6       0x1c Drivers/STM32F7xx_HAL_Driver/Src/stm32f7xx_ll_sdmmc.o
                0x00000000080081c6                SDMMC_GetPowerState
 *fill*         0x00000000080081e2        0x2 
 .text.SDMMC_SendCommand
                0x00000000080081e4       0x54 Drivers/STM32F7xx_HAL_Driver/Src/stm32f7xx_ll_sdmmc.o
                0x00000000080081e4                SDMMC_SendCommand
 .text.SDMMC_GetCommandResponse
                0x0000000008008238       0x1a Drivers/STM32F7xx_HAL_Driver/Src/stm32f7xx_ll_sdmmc.o
                0x0000000008008238                SDMMC_GetCommandResponse
 .text.SDMMC_GetResponse
                0x0000000008008252       0x26 Drivers/STM32F7xx_HAL_Driver/Src/stm32f7xx_ll_sdmmc.o
                0x0000000008008252                SDMMC_GetResponse
 .text.SDMMC_ConfigData
                0x0000000008008278       0x58 Drivers/STM32F7xx_HAL_Driver/Src/stm32f7xx_ll_sdmmc.o
                0x0000000008008278                SDMMC_ConfigData
 .text.SDMMC_CmdBlockLength
                0x00000000080082d0       0x44 Drivers/STM32F7xx_HAL_Driver/Src/stm32f7xx_ll_sdmmc.o
                0x00000000080082d0                SDMMC_CmdBlockLength
 .text.SDMMC_CmdReadSingleBlock
                0x0000000008008314       0x44 Drivers/STM32F7xx_HAL_Driver/Src/stm32f7xx_ll_sdmmc.o
                0x0000000008008314                SDMMC_CmdReadSingleBlock
 .text.SDMMC_CmdReadMultiBlock
                0x0000000008008358       0x44 Drivers/STM32F7xx_HAL_Driver/Src/stm32f7xx_ll_sdmmc.o
                0x0000000008008358                SDMMC_CmdReadMultiBlock
 .text.SDMMC_CmdWriteSingleBlock
                0x000000000800839c       0x44 Drivers/STM32F7xx_HAL_Driver/Src/stm32f7xx_ll_sdmmc.o
                0x000000000800839c                SDMMC_CmdWriteSingleBlock
 .text.SDMMC_CmdWriteMultiBlock
                0x00000000080083e0       0x44 Drivers/STM32F7xx_HAL_Driver/Src/stm32f7xx_ll_sdmmc.o
                0x00000000080083e0                SDMMC_CmdWriteMultiBlock
 .text.SDMMC_CmdStopTransfer
                0x0000000008008424       0x44 Drivers/STM32F7xx_HAL_Driver/Src/stm32f7xx_ll_sdmmc.o
                0x0000000008008424                SDMMC_CmdStopTransfer
 .text.SDMMC_CmdSelDesel
                0x0000000008008468       0x46 Drivers/STM32F7xx_HAL_Driver/Src/stm32f7xx_ll_sdmmc.o
                0x0000000008008468                SDMMC_CmdSelDesel
 .text.SDMMC_CmdGoIdleState
                0x00000000080084ae       0x3c Drivers/STM32F7xx_HAL_Driver/Src/stm32f7xx_ll_sdmmc.o
                0x00000000080084ae                SDMMC_CmdGoIdleState
 .text.SDMMC_CmdOperCond
                0x00000000080084ea       0x3e Drivers/STM32F7xx_HAL_Driver/Src/stm32f7xx_ll_sdmmc.o
                0x00000000080084ea                SDMMC_CmdOperCond
 .text.SDMMC_CmdAppCommand
                0x0000000008008528       0x44 Drivers/STM32F7xx_HAL_Driver/Src/stm32f7xx_ll_sdmmc.o
                0x0000000008008528                SDMMC_CmdAppCommand
 .text.SDMMC_CmdAppOperCommand
                0x000000000800856c       0x48 Drivers/STM32F7xx_HAL_Driver/Src/stm32f7xx_ll_sdmmc.o
                0x000000000800856c                SDMMC_CmdAppOperCommand
 .text.SDMMC_CmdBusWidth
                0x00000000080085b4       0x44 Drivers/STM32F7xx_HAL_Driver/Src/stm32f7xx_ll_sdmmc.o
                0x00000000080085b4                SDMMC_CmdBusWidth
 .text.SDMMC_CmdSendSCR
                0x00000000080085f8       0x42 Drivers/STM32F7xx_HAL_Driver/Src/stm32f7xx_ll_sdmmc.o
                0x00000000080085f8                SDMMC_CmdSendSCR
 .text.SDMMC_CmdSendCID
                0x000000000800863a       0x3c Drivers/STM32F7xx_HAL_Driver/Src/stm32f7xx_ll_sdmmc.o
                0x000000000800863a                SDMMC_CmdSendCID
 .text.SDMMC_CmdSendCSD
                0x0000000008008676       0x3e Drivers/STM32F7xx_HAL_Driver/Src/stm32f7xx_ll_sdmmc.o
                0x0000000008008676                SDMMC_CmdSendCSD
 .text.SDMMC_CmdSetRelAdd
                0x00000000080086b4       0x42 Drivers/STM32F7xx_HAL_Driver/Src/stm32f7xx_ll_sdmmc.o
                0x00000000080086b4                SDMMC_CmdSetRelAdd
 .text.SDMMC_CmdSendStatus
                0x00000000080086f6       0x44 Drivers/STM32F7xx_HAL_Driver/Src/stm32f7xx_ll_sdmmc.o
                0x00000000080086f6                SDMMC_CmdSendStatus
 *fill*         0x000000000800873a        0x2 
 .text.SDMMC_GetCmdError
                0x000000000800873c       0x50 Drivers/STM32F7xx_HAL_Driver/Src/stm32f7xx_ll_sdmmc.o
 .text.SDMMC_GetCmdResp1
                0x000000000800878c      0x1d8 Drivers/STM32F7xx_HAL_Driver/Src/stm32f7xx_ll_sdmmc.o
 .text.SDMMC_GetCmdResp2
                0x0000000008008964       0x8c Drivers/STM32F7xx_HAL_Driver/Src/stm32f7xx_ll_sdmmc.o
 .text.SDMMC_GetCmdResp3
                0x00000000080089f0       0x74 Drivers/STM32F7xx_HAL_Driver/Src/stm32f7xx_ll_sdmmc.o
 .text.SDMMC_GetCmdResp6
                0x0000000008008a64       0xe8 Drivers/STM32F7xx_HAL_Driver/Src/stm32f7xx_ll_sdmmc.o
 .text.SDMMC_GetCmdResp7
                0x0000000008008b4c       0x98 Drivers/STM32F7xx_HAL_Driver/Src/stm32f7xx_ll_sdmmc.o
 .text.USB_CoreInit
                0x0000000008008be4       0xb0 Drivers/STM32F7xx_HAL_Driver/Src/stm32f7xx_ll_usb.o
                0x0000000008008be4                USB_CoreInit
 .text.USB_SetTurnaroundTime
                0x0000000008008c94      0x144 Drivers/STM32F7xx_HAL_Driver/Src/stm32f7xx_ll_usb.o
                0x0000000008008c94                USB_SetTurnaroundTime
 .text.USB_EnableGlobalInt
                0x0000000008008dd8       0x22 Drivers/STM32F7xx_HAL_Driver/Src/stm32f7xx_ll_usb.o
                0x0000000008008dd8                USB_EnableGlobalInt
 .text.USB_DisableGlobalInt
                0x0000000008008dfa       0x22 Drivers/STM32F7xx_HAL_Driver/Src/stm32f7xx_ll_usb.o
                0x0000000008008dfa                USB_DisableGlobalInt
 .text.USB_SetCurrentMode
                0x0000000008008e1c       0x54 Drivers/STM32F7xx_HAL_Driver/Src/stm32f7xx_ll_usb.o
                0x0000000008008e1c                USB_SetCurrentMode
 .text.USB_DevInit
                0x0000000008008e70      0x2dc Drivers/STM32F7xx_HAL_Driver/Src/stm32f7xx_ll_usb.o
                0x0000000008008e70                USB_DevInit
 .text.USB_FlushTxFifo
                0x000000000800914c       0x4c Drivers/STM32F7xx_HAL_Driver/Src/stm32f7xx_ll_usb.o
                0x000000000800914c                USB_FlushTxFifo
 .text.USB_FlushRxFifo
                0x0000000008009198       0x44 Drivers/STM32F7xx_HAL_Driver/Src/stm32f7xx_ll_usb.o
                0x0000000008009198                USB_FlushRxFifo
 .text.USB_SetDevSpeed
                0x00000000080091dc       0x32 Drivers/STM32F7xx_HAL_Driver/Src/stm32f7xx_ll_usb.o
                0x00000000080091dc                USB_SetDevSpeed
 .text.USB_GetDevSpeed
                0x000000000800920e       0x4a Drivers/STM32F7xx_HAL_Driver/Src/stm32f7xx_ll_usb.o
                0x000000000800920e                USB_GetDevSpeed
 .text.USB_ActivateEndpoint
                0x0000000008009258      0x110 Drivers/STM32F7xx_HAL_Driver/Src/stm32f7xx_ll_usb.o
                0x0000000008009258                USB_ActivateEndpoint
 .text.USB_DeactivateEndpoint
                0x0000000008009368      0x1b8 Drivers/STM32F7xx_HAL_Driver/Src/stm32f7xx_ll_usb.o
                0x0000000008009368                USB_DeactivateEndpoint
 .text.USB_EPStartXfer
                0x0000000008009520      0x498 Drivers/STM32F7xx_HAL_Driver/Src/stm32f7xx_ll_usb.o
                0x0000000008009520                USB_EPStartXfer
 .text.USB_EP0StartXfer
                0x00000000080099b8      0x2b0 Drivers/STM32F7xx_HAL_Driver/Src/stm32f7xx_ll_usb.o
                0x00000000080099b8                USB_EP0StartXfer
 .text.USB_WritePacket
                0x0000000008009c68       0x6a Drivers/STM32F7xx_HAL_Driver/Src/stm32f7xx_ll_usb.o
                0x0000000008009c68                USB_WritePacket
 .text.USB_ReadPacket
                0x0000000008009cd2       0x52 Drivers/STM32F7xx_HAL_Driver/Src/stm32f7xx_ll_usb.o
                0x0000000008009cd2                USB_ReadPacket
 .text.USB_EPSetStall
                0x0000000008009d24       0xdc Drivers/STM32F7xx_HAL_Driver/Src/stm32f7xx_ll_usb.o
                0x0000000008009d24                USB_EPSetStall
 .text.USB_EPClearStall
                0x0000000008009e00       0xcc Drivers/STM32F7xx_HAL_Driver/Src/stm32f7xx_ll_usb.o
                0x0000000008009e00                USB_EPClearStall
 .text.USB_SetDevAddress
                0x0000000008009ecc       0x4c Drivers/STM32F7xx_HAL_Driver/Src/stm32f7xx_ll_usb.o
                0x0000000008009ecc                USB_SetDevAddress
 .text.USB_DevConnect
                0x0000000008009f18       0x30 Drivers/STM32F7xx_HAL_Driver/Src/stm32f7xx_ll_usb.o
                0x0000000008009f18                USB_DevConnect
 .text.USB_DevDisconnect
                0x0000000008009f48       0x30 Drivers/STM32F7xx_HAL_Driver/Src/stm32f7xx_ll_usb.o
                0x0000000008009f48                USB_DevDisconnect
 .text.USB_ReadInterrupts
                0x0000000008009f78       0x26 Drivers/STM32F7xx_HAL_Driver/Src/stm32f7xx_ll_usb.o
                0x0000000008009f78                USB_ReadInterrupts
 .text.USB_ReadDevAllOutEpInterrupt
                0x0000000008009f9e       0x34 Drivers/STM32F7xx_HAL_Driver/Src/stm32f7xx_ll_usb.o
                0x0000000008009f9e                USB_ReadDevAllOutEpInterrupt
 .text.USB_ReadDevAllInEpInterrupt
                0x0000000008009fd2       0x34 Drivers/STM32F7xx_HAL_Driver/Src/stm32f7xx_ll_usb.o
                0x0000000008009fd2                USB_ReadDevAllInEpInterrupt
 .text.USB_ReadDevOutEPInterrupt
                0x000000000800a006       0x3c Drivers/STM32F7xx_HAL_Driver/Src/stm32f7xx_ll_usb.o
                0x000000000800a006                USB_ReadDevOutEPInterrupt
 .text.USB_ReadDevInEPInterrupt
                0x000000000800a042       0x5c Drivers/STM32F7xx_HAL_Driver/Src/stm32f7xx_ll_usb.o
                0x000000000800a042                USB_ReadDevInEPInterrupt
 .text.USB_GetMode
                0x000000000800a09e       0x1c Drivers/STM32F7xx_HAL_Driver/Src/stm32f7xx_ll_usb.o
                0x000000000800a09e                USB_GetMode
 *fill*         0x000000000800a0ba        0x2 
 .text.USB_ActivateSetup
                0x000000000800a0bc       0x48 Drivers/STM32F7xx_HAL_Driver/Src/stm32f7xx_ll_usb.o
                0x000000000800a0bc                USB_ActivateSetup
 .text.USB_EP0_OutStart
                0x000000000800a104       0xbc Drivers/STM32F7xx_HAL_Driver/Src/stm32f7xx_ll_usb.o
                0x000000000800a104                USB_EP0_OutStart
 .text.USB_CoreReset
                0x000000000800a1c0       0x68 Drivers/STM32F7xx_HAL_Driver/Src/stm32f7xx_ll_usb.o
 .text.MX_FATFS_Init
                0x000000000800a228       0x24 FATFS/App/fatfs.o
                0x000000000800a228                MX_FATFS_Init
 .text.get_fattime
                0x000000000800a24c       0x10 FATFS/App/fatfs.o
                0x000000000800a24c                get_fattime
 .text.BSP_SD_Init
                0x000000000800a25c       0x4c FATFS/Target/bsp_driver_sd.o
                0x000000000800a25c                BSP_SD_Init
 .text.BSP_SD_ReadBlocks_DMA
                0x000000000800a2a8       0x34 FATFS/Target/bsp_driver_sd.o
                0x000000000800a2a8                BSP_SD_ReadBlocks_DMA
 .text.BSP_SD_WriteBlocks_DMA
                0x000000000800a2dc       0x34 FATFS/Target/bsp_driver_sd.o
                0x000000000800a2dc                BSP_SD_WriteBlocks_DMA
 .text.BSP_SD_GetCardState
                0x000000000800a310       0x20 FATFS/Target/bsp_driver_sd.o
                0x000000000800a310                BSP_SD_GetCardState
 .text.BSP_SD_GetCardInfo
                0x000000000800a330       0x1c FATFS/Target/bsp_driver_sd.o
                0x000000000800a330                BSP_SD_GetCardInfo
 .text.HAL_SD_AbortCallback
                0x000000000800a34c       0x14 FATFS/Target/bsp_driver_sd.o
                0x000000000800a34c                HAL_SD_AbortCallback
 .text.HAL_SD_TxCpltCallback
                0x000000000800a360       0x14 FATFS/Target/bsp_driver_sd.o
                0x000000000800a360                HAL_SD_TxCpltCallback
 .text.HAL_SD_RxCpltCallback
                0x000000000800a374       0x14 FATFS/Target/bsp_driver_sd.o
                0x000000000800a374                HAL_SD_RxCpltCallback
 .text.BSP_SD_AbortCallback
                0x000000000800a388        0xe FATFS/Target/bsp_driver_sd.o
                0x000000000800a388                BSP_SD_AbortCallback
 .text.BSP_SD_IsDetected
                0x000000000800a396       0x24 FATFS/Target/bsp_driver_sd.o
                0x000000000800a396                BSP_SD_IsDetected
 *fill*         0x000000000800a3ba        0x2 
 .text.BSP_PlatformIsDetected
                0x000000000800a3bc       0x2c FATFS/Target/fatfs_platform.o
                0x000000000800a3bc                BSP_PlatformIsDetected
 .text.SD_CheckStatusWithTimeout
                0x000000000800a3e8       0x3a FATFS/Target/sd_diskio.o
 *fill*         0x000000000800a422        0x2 
 .text.SD_CheckStatus
                0x000000000800a424       0x3c FATFS/Target/sd_diskio.o
 .text.SD_initialize
                0x000000000800a460       0x98 FATFS/Target/sd_diskio.o
                0x000000000800a460                SD_initialize
 .text.SD_status
                0x000000000800a4f8       0x1c FATFS/Target/sd_diskio.o
                0x000000000800a4f8                SD_status
 .text.SD_read  0x000000000800a514       0x9c FATFS/Target/sd_diskio.o
                0x000000000800a514                SD_read
 .text.SD_write
                0x000000000800a5b0       0x94 FATFS/Target/sd_diskio.o
                0x000000000800a5b0                SD_write
 .text.SD_ioctl
                0x000000000800a644       0xb0 FATFS/Target/sd_diskio.o
                0x000000000800a644                SD_ioctl
 .text.BSP_SD_WriteCpltCallback
                0x000000000800a6f4       0x1c FATFS/Target/sd_diskio.o
                0x000000000800a6f4                BSP_SD_WriteCpltCallback
 .text.BSP_SD_ReadCpltCallback
                0x000000000800a710       0x1c FATFS/Target/sd_diskio.o
                0x000000000800a710                BSP_SD_ReadCpltCallback
 .text.USBD_MSC_Init
                0x000000000800a72c       0x9c Middlewares/ST/STM32_USB_Device_Library/Class/MSC/Src/usbd_msc.o
                0x000000000800a72c                USBD_MSC_Init
 .text.USBD_MSC_DeInit
                0x000000000800a7c8       0x58 Middlewares/ST/STM32_USB_Device_Library/Class/MSC/Src/usbd_msc.o
                0x000000000800a7c8                USBD_MSC_DeInit
 .text.USBD_MSC_Setup
                0x000000000800a820      0x1d0 Middlewares/ST/STM32_USB_Device_Library/Class/MSC/Src/usbd_msc.o
                0x000000000800a820                USBD_MSC_Setup
 .text.USBD_MSC_DataIn
                0x000000000800a9f0       0x20 Middlewares/ST/STM32_USB_Device_Library/Class/MSC/Src/usbd_msc.o
                0x000000000800a9f0                USBD_MSC_DataIn
 .text.USBD_MSC_DataOut
                0x000000000800aa10       0x20 Middlewares/ST/STM32_USB_Device_Library/Class/MSC/Src/usbd_msc.o
                0x000000000800aa10                USBD_MSC_DataOut
 .text.USBD_MSC_GetHSCfgDesc
                0x000000000800aa30       0x20 Middlewares/ST/STM32_USB_Device_Library/Class/MSC/Src/usbd_msc.o
                0x000000000800aa30                USBD_MSC_GetHSCfgDesc
 .text.USBD_MSC_GetFSCfgDesc
                0x000000000800aa50       0x20 Middlewares/ST/STM32_USB_Device_Library/Class/MSC/Src/usbd_msc.o
                0x000000000800aa50                USBD_MSC_GetFSCfgDesc
 .text.USBD_MSC_GetOtherSpeedCfgDesc
                0x000000000800aa70       0x20 Middlewares/ST/STM32_USB_Device_Library/Class/MSC/Src/usbd_msc.o
                0x000000000800aa70                USBD_MSC_GetOtherSpeedCfgDesc
 .text.USBD_MSC_GetDeviceQualifierDescriptor
                0x000000000800aa90       0x20 Middlewares/ST/STM32_USB_Device_Library/Class/MSC/Src/usbd_msc.o
                0x000000000800aa90                USBD_MSC_GetDeviceQualifierDescriptor
 .text.USBD_MSC_RegisterStorage
                0x000000000800aab0       0x2a Middlewares/ST/STM32_USB_Device_Library/Class/MSC/Src/usbd_msc.o
                0x000000000800aab0                USBD_MSC_RegisterStorage
 .text.MSC_BOT_Init
                0x000000000800aada       0x68 Middlewares/ST/STM32_USB_Device_Library/Class/MSC/Src/usbd_msc_bot.o
                0x000000000800aada                MSC_BOT_Init
 .text.MSC_BOT_Reset
                0x000000000800ab42       0x44 Middlewares/ST/STM32_USB_Device_Library/Class/MSC/Src/usbd_msc_bot.o
                0x000000000800ab42                MSC_BOT_Reset
 .text.MSC_BOT_DeInit
                0x000000000800ab86       0x22 Middlewares/ST/STM32_USB_Device_Library/Class/MSC/Src/usbd_msc_bot.o
                0x000000000800ab86                MSC_BOT_DeInit
 .text.MSC_BOT_DataIn
                0x000000000800aba8       0x62 Middlewares/ST/STM32_USB_Device_Library/Class/MSC/Src/usbd_msc_bot.o
                0x000000000800aba8                MSC_BOT_DataIn
 .text.MSC_BOT_DataOut
                0x000000000800ac0a       0x56 Middlewares/ST/STM32_USB_Device_Library/Class/MSC/Src/usbd_msc_bot.o
                0x000000000800ac0a                MSC_BOT_DataOut
 .text.MSC_BOT_CBW_Decode
                0x000000000800ac60      0x10c Middlewares/ST/STM32_USB_Device_Library/Class/MSC/Src/usbd_msc_bot.o
 .text.MSC_BOT_SendData
                0x000000000800ad6c       0x56 Middlewares/ST/STM32_USB_Device_Library/Class/MSC/Src/usbd_msc_bot.o
 *fill*         0x000000000800adc2        0x2 
 .text.MSC_BOT_SendCSW
                0x000000000800adc4       0x58 Middlewares/ST/STM32_USB_Device_Library/Class/MSC/Src/usbd_msc_bot.o
                0x000000000800adc4                MSC_BOT_SendCSW
 .text.MSC_BOT_Abort
                0x000000000800ae1c       0x5c Middlewares/ST/STM32_USB_Device_Library/Class/MSC/Src/usbd_msc_bot.o
 .text.MSC_BOT_CplClrFeature
                0x000000000800ae78       0x50 Middlewares/ST/STM32_USB_Device_Library/Class/MSC/Src/usbd_msc_bot.o
                0x000000000800ae78                MSC_BOT_CplClrFeature
 .text.SCSI_ProcessCmd
                0x000000000800aec8      0x19e Middlewares/ST/STM32_USB_Device_Library/Class/MSC/Src/usbd_msc_scsi.o
                0x000000000800aec8                SCSI_ProcessCmd
 .text.SCSI_TestUnitReady
                0x000000000800b066       0x94 Middlewares/ST/STM32_USB_Device_Library/Class/MSC/Src/usbd_msc_scsi.o
 *fill*         0x000000000800b0fa        0x2 
 .text.SCSI_Inquiry
                0x000000000800b0fc       0xdc Middlewares/ST/STM32_USB_Device_Library/Class/MSC/Src/usbd_msc_scsi.o
 .text.SCSI_ReadCapacity10
                0x000000000800b1d8       0xde Middlewares/ST/STM32_USB_Device_Library/Class/MSC/Src/usbd_msc_scsi.o
 .text.SCSI_ReadCapacity16
                0x000000000800b2b6      0x148 Middlewares/ST/STM32_USB_Device_Library/Class/MSC/Src/usbd_msc_scsi.o
 .text.SCSI_ReadFormatCapacity
                0x000000000800b3fe       0xd8 Middlewares/ST/STM32_USB_Device_Library/Class/MSC/Src/usbd_msc_scsi.o
 *fill*         0x000000000800b4d6        0x2 
 .text.SCSI_ModeSense6
                0x000000000800b4d8       0x4c Middlewares/ST/STM32_USB_Device_Library/Class/MSC/Src/usbd_msc_scsi.o
 .text.SCSI_ModeSense10
                0x000000000800b524       0x4c Middlewares/ST/STM32_USB_Device_Library/Class/MSC/Src/usbd_msc_scsi.o
 .text.SCSI_RequestSense
                0x000000000800b570       0xf2 Middlewares/ST/STM32_USB_Device_Library/Class/MSC/Src/usbd_msc_scsi.o
 .text.SCSI_SenseCode
                0x000000000800b662       0x86 Middlewares/ST/STM32_USB_Device_Library/Class/MSC/Src/usbd_msc_scsi.o
                0x000000000800b662                SCSI_SenseCode
 .text.SCSI_StartStopUnit
                0x000000000800b6e8       0x96 Middlewares/ST/STM32_USB_Device_Library/Class/MSC/Src/usbd_msc_scsi.o
 .text.SCSI_AllowPreventRemovable
                0x000000000800b77e       0x46 Middlewares/ST/STM32_USB_Device_Library/Class/MSC/Src/usbd_msc_scsi.o
 .text.SCSI_Read10
                0x000000000800b7c4      0x134 Middlewares/ST/STM32_USB_Device_Library/Class/MSC/Src/usbd_msc_scsi.o
 .text.SCSI_Read12
                0x000000000800b8f8      0x14a Middlewares/ST/STM32_USB_Device_Library/Class/MSC/Src/usbd_msc_scsi.o
 .text.SCSI_Write10
                0x000000000800ba42      0x17e Middlewares/ST/STM32_USB_Device_Library/Class/MSC/Src/usbd_msc_scsi.o
 .text.SCSI_Write12
                0x000000000800bbc0      0x19e Middlewares/ST/STM32_USB_Device_Library/Class/MSC/Src/usbd_msc_scsi.o
 .text.SCSI_Verify10
                0x000000000800bd5e       0x66 Middlewares/ST/STM32_USB_Device_Library/Class/MSC/Src/usbd_msc_scsi.o
 .text.SCSI_CheckAddressRange
                0x000000000800bdc4       0x44 Middlewares/ST/STM32_USB_Device_Library/Class/MSC/Src/usbd_msc_scsi.o
 .text.SCSI_ProcessRead
                0x000000000800be08       0xe6 Middlewares/ST/STM32_USB_Device_Library/Class/MSC/Src/usbd_msc_scsi.o
 .text.SCSI_ProcessWrite
                0x000000000800beee      0x106 Middlewares/ST/STM32_USB_Device_Library/Class/MSC/Src/usbd_msc_scsi.o
 .text.SCSI_UpdateBotData
                0x000000000800bff4       0x46 Middlewares/ST/STM32_USB_Device_Library/Class/MSC/Src/usbd_msc_scsi.o
 .text.USBD_Init
                0x000000000800c03a       0x6c Middlewares/ST/STM32_USB_Device_Library/Core/Src/usbd_core.o
                0x000000000800c03a                USBD_Init
 .text.USBD_RegisterClass
                0x000000000800c0a6       0x42 Middlewares/ST/STM32_USB_Device_Library/Core/Src/usbd_core.o
                0x000000000800c0a6                USBD_RegisterClass
 .text.USBD_Start
                0x000000000800c0e8       0x18 Middlewares/ST/STM32_USB_Device_Library/Core/Src/usbd_core.o
                0x000000000800c0e8                USBD_Start
 .text.USBD_RunTestMode
                0x000000000800c100       0x16 Middlewares/ST/STM32_USB_Device_Library/Core/Src/usbd_core.o
                0x000000000800c100                USBD_RunTestMode
 .text.USBD_SetClassConfig
                0x000000000800c116       0x38 Middlewares/ST/STM32_USB_Device_Library/Core/Src/usbd_core.o
                0x000000000800c116                USBD_SetClassConfig
 .text.USBD_ClrClassConfig
                0x000000000800c14e       0x30 Middlewares/ST/STM32_USB_Device_Library/Core/Src/usbd_core.o
                0x000000000800c14e                USBD_ClrClassConfig
 .text.USBD_LL_SetupStage
                0x000000000800c17e       0xa6 Middlewares/ST/STM32_USB_Device_Library/Core/Src/usbd_core.o
                0x000000000800c17e                USBD_LL_SetupStage
 .text.USBD_LL_DataOutStage
                0x000000000800c224       0xc6 Middlewares/ST/STM32_USB_Device_Library/Core/Src/usbd_core.o
                0x000000000800c224                USBD_LL_DataOutStage
 .text.USBD_LL_DataInStage
                0x000000000800c2ea      0x12c Middlewares/ST/STM32_USB_Device_Library/Core/Src/usbd_core.o
                0x000000000800c2ea                USBD_LL_DataInStage
 .text.USBD_LL_Reset
                0x000000000800c416       0x82 Middlewares/ST/STM32_USB_Device_Library/Core/Src/usbd_core.o
                0x000000000800c416                USBD_LL_Reset
 .text.USBD_LL_SetSpeed
                0x000000000800c498       0x20 Middlewares/ST/STM32_USB_Device_Library/Core/Src/usbd_core.o
                0x000000000800c498                USBD_LL_SetSpeed
 .text.USBD_LL_Suspend
                0x000000000800c4b8       0x2a Middlewares/ST/STM32_USB_Device_Library/Core/Src/usbd_core.o
                0x000000000800c4b8                USBD_LL_Suspend
 .text.USBD_LL_Resume
                0x000000000800c4e2       0x2c Middlewares/ST/STM32_USB_Device_Library/Core/Src/usbd_core.o
                0x000000000800c4e2                USBD_LL_Resume
 .text.USBD_LL_SOF
                0x000000000800c50e       0x34 Middlewares/ST/STM32_USB_Device_Library/Core/Src/usbd_core.o
                0x000000000800c50e                USBD_LL_SOF
 .text.USBD_LL_IsoINIncomplete
                0x000000000800c542       0x1a Middlewares/ST/STM32_USB_Device_Library/Core/Src/usbd_core.o
                0x000000000800c542                USBD_LL_IsoINIncomplete
 .text.USBD_LL_IsoOUTIncomplete
                0x000000000800c55c       0x1a Middlewares/ST/STM32_USB_Device_Library/Core/Src/usbd_core.o
                0x000000000800c55c                USBD_LL_IsoOUTIncomplete
 .text.USBD_LL_DevConnected
                0x000000000800c576       0x16 Middlewares/ST/STM32_USB_Device_Library/Core/Src/usbd_core.o
                0x000000000800c576                USBD_LL_DevConnected
 .text.USBD_LL_DevDisconnected
                0x000000000800c58c       0x38 Middlewares/ST/STM32_USB_Device_Library/Core/Src/usbd_core.o
                0x000000000800c58c                USBD_LL_DevDisconnected
 .text.SWAPBYTE
                0x000000000800c5c4       0x3c Middlewares/ST/STM32_USB_Device_Library/Core/Src/usbd_ctlreq.o
 .text.USBD_StdDevReq
                0x000000000800c600       0xdc Middlewares/ST/STM32_USB_Device_Library/Core/Src/usbd_ctlreq.o
                0x000000000800c600                USBD_StdDevReq
 .text.USBD_StdItfReq
                0x000000000800c6dc       0x8c Middlewares/ST/STM32_USB_Device_Library/Core/Src/usbd_ctlreq.o
                0x000000000800c6dc                USBD_StdItfReq
 .text.USBD_StdEPReq
                0x000000000800c768      0x2aa Middlewares/ST/STM32_USB_Device_Library/Core/Src/usbd_ctlreq.o
                0x000000000800c768                USBD_StdEPReq
 *fill*         0x000000000800ca12        0x2 
 .text.USBD_GetDescriptor
                0x000000000800ca14      0x328 Middlewares/ST/STM32_USB_Device_Library/Core/Src/usbd_ctlreq.o
 .text.USBD_SetAddress
                0x000000000800cd3c       0x84 Middlewares/ST/STM32_USB_Device_Library/Core/Src/usbd_ctlreq.o
 .text.USBD_SetConfig
                0x000000000800cdc0      0x148 Middlewares/ST/STM32_USB_Device_Library/Core/Src/usbd_ctlreq.o
 .text.USBD_GetConfig
                0x000000000800cf08       0x68 Middlewares/ST/STM32_USB_Device_Library/Core/Src/usbd_ctlreq.o
 .text.USBD_GetStatus
                0x000000000800cf70       0x66 Middlewares/ST/STM32_USB_Device_Library/Core/Src/usbd_ctlreq.o
 .text.USBD_SetFeature
                0x000000000800cfd6       0x28 Middlewares/ST/STM32_USB_Device_Library/Core/Src/usbd_ctlreq.o
 .text.USBD_ClrFeature
                0x000000000800cffe       0x42 Middlewares/ST/STM32_USB_Device_Library/Core/Src/usbd_ctlreq.o
 .text.USBD_ParseSetupRequest
                0x000000000800d040       0x74 Middlewares/ST/STM32_USB_Device_Library/Core/Src/usbd_ctlreq.o
                0x000000000800d040                USBD_ParseSetupRequest
 .text.USBD_CtlError
                0x000000000800d0b4       0x22 Middlewares/ST/STM32_USB_Device_Library/Core/Src/usbd_ctlreq.o
                0x000000000800d0b4                USBD_CtlError
 .text.USBD_GetString
                0x000000000800d0d6       0x8c Middlewares/ST/STM32_USB_Device_Library/Core/Src/usbd_ctlreq.o
                0x000000000800d0d6                USBD_GetString
 .text.USBD_GetLen
                0x000000000800d162       0x34 Middlewares/ST/STM32_USB_Device_Library/Core/Src/usbd_ctlreq.o
 .text.USBD_CtlSendData
                0x000000000800d196       0x36 Middlewares/ST/STM32_USB_Device_Library/Core/Src/usbd_ioreq.o
                0x000000000800d196                USBD_CtlSendData
 .text.USBD_CtlContinueSendData
                0x000000000800d1cc       0x22 Middlewares/ST/STM32_USB_Device_Library/Core/Src/usbd_ioreq.o
                0x000000000800d1cc                USBD_CtlContinueSendData
 .text.USBD_CtlContinueRx
                0x000000000800d1ee       0x22 Middlewares/ST/STM32_USB_Device_Library/Core/Src/usbd_ioreq.o
                0x000000000800d1ee                USBD_CtlContinueRx
 .text.USBD_CtlSendStatus
                0x000000000800d210       0x26 Middlewares/ST/STM32_USB_Device_Library/Core/Src/usbd_ioreq.o
                0x000000000800d210                USBD_CtlSendStatus
 .text.USBD_CtlReceiveStatus
                0x000000000800d236       0x26 Middlewares/ST/STM32_USB_Device_Library/Core/Src/usbd_ioreq.o
                0x000000000800d236                USBD_CtlReceiveStatus
 .text.disk_status
                0x000000000800d25c       0x34 Middlewares/Third_Party/FatFs/src/diskio.o
                0x000000000800d25c                disk_status
 .text.disk_initialize
                0x000000000800d290       0x4c Middlewares/Third_Party/FatFs/src/diskio.o
                0x000000000800d290                disk_initialize
 .text.disk_read
                0x000000000800d2dc       0x40 Middlewares/Third_Party/FatFs/src/diskio.o
                0x000000000800d2dc                disk_read
 .text.disk_write
                0x000000000800d31c       0x40 Middlewares/Third_Party/FatFs/src/diskio.o
                0x000000000800d31c                disk_write
 .text.disk_ioctl
                0x000000000800d35c       0x3c Middlewares/Third_Party/FatFs/src/diskio.o
                0x000000000800d35c                disk_ioctl
 .text.ld_word  0x000000000800d398       0x30 Middlewares/Third_Party/FatFs/src/ff.o
 .text.ld_dword
                0x000000000800d3c8       0x46 Middlewares/Third_Party/FatFs/src/ff.o
 .text.ld_qword
                0x000000000800d40e      0x17a Middlewares/Third_Party/FatFs/src/ff.o
 .text.st_word  0x000000000800d588       0x36 Middlewares/Third_Party/FatFs/src/ff.o
 .text.st_dword
                0x000000000800d5be       0x58 Middlewares/Third_Party/FatFs/src/ff.o
 .text.st_qword
                0x000000000800d616      0x10e Middlewares/Third_Party/FatFs/src/ff.o
 .text.mem_cpy  0x000000000800d724       0x42 Middlewares/Third_Party/FatFs/src/ff.o
 .text.mem_set  0x000000000800d766       0x34 Middlewares/Third_Party/FatFs/src/ff.o
 .text.mem_cmp  0x000000000800d79a       0x4e Middlewares/Third_Party/FatFs/src/ff.o
 .text.chk_chr  0x000000000800d7e8       0x36 Middlewares/Third_Party/FatFs/src/ff.o
 .text.lock_fs  0x000000000800d81e       0x2c Middlewares/Third_Party/FatFs/src/ff.o
 .text.unlock_fs
                0x000000000800d84a       0x36 Middlewares/Third_Party/FatFs/src/ff.o
 .text.chk_lock
                0x000000000800d880       0xb8 Middlewares/Third_Party/FatFs/src/ff.o
 .text.enq_lock
                0x000000000800d938       0x44 Middlewares/Third_Party/FatFs/src/ff.o
 .text.inc_lock
                0x000000000800d97c      0x11c Middlewares/Third_Party/FatFs/src/ff.o
 .text.dec_lock
                0x000000000800da98       0x78 Middlewares/Third_Party/FatFs/src/ff.o
 .text.clear_lock
                0x000000000800db10       0x48 Middlewares/Third_Party/FatFs/src/ff.o
 .text.sync_window
                0x000000000800db58       0x88 Middlewares/Third_Party/FatFs/src/ff.o
 .text.move_window
                0x000000000800dbe0       0x5a Middlewares/Third_Party/FatFs/src/ff.o
 *fill*         0x000000000800dc3a        0x2 
 .text.sync_fs  0x000000000800dc3c       0xe0 Middlewares/Third_Party/FatFs/src/ff.o
 .text.clust2sect
                0x000000000800dd1c       0x3e Middlewares/Third_Party/FatFs/src/ff.o
 *fill*         0x000000000800dd5a        0x2 
 .text.get_fat  0x000000000800dd5c      0x2a8 Middlewares/Third_Party/FatFs/src/ff.o
 .text.put_fat  0x000000000800e004      0x244 Middlewares/Third_Party/FatFs/src/ff.o
 .text.find_bitmap
                0x000000000800e248      0x10e Middlewares/Third_Party/FatFs/src/ff.o
 .text.change_bitmap
                0x000000000800e356       0xea Middlewares/Third_Party/FatFs/src/ff.o
 .text.fill_first_frag
                0x000000000800e440       0x5e Middlewares/Third_Party/FatFs/src/ff.o
 .text.fill_last_frag
                0x000000000800e49e       0x62 Middlewares/Third_Party/FatFs/src/ff.o
 .text.remove_chain
                0x000000000800e500      0x168 Middlewares/Third_Party/FatFs/src/ff.o
 .text.create_chain
                0x000000000800e668      0x202 Middlewares/Third_Party/FatFs/src/ff.o
 .text.clmt_clust
                0x000000000800e86a       0x8e Middlewares/Third_Party/FatFs/src/ff.o
 .text.dir_sdi  0x000000000800e8f8      0x128 Middlewares/Third_Party/FatFs/src/ff.o
 .text.dir_next
                0x000000000800ea20      0x1cc Middlewares/Third_Party/FatFs/src/ff.o
 .text.dir_alloc
                0x000000000800ebec       0xb8 Middlewares/Third_Party/FatFs/src/ff.o
 .text.ld_clust
                0x000000000800eca4       0x3e Middlewares/Third_Party/FatFs/src/ff.o
 .text.st_clust
                0x000000000800ece2       0x40 Middlewares/Third_Party/FatFs/src/ff.o
 *fill*         0x000000000800ed22        0x2 
 .text.cmp_lfn  0x000000000800ed24       0xe0 Middlewares/Third_Party/FatFs/src/ff.o
 .text.pick_lfn
                0x000000000800ee04       0xc8 Middlewares/Third_Party/FatFs/src/ff.o
 .text.put_lfn  0x000000000800eecc       0xd0 Middlewares/Third_Party/FatFs/src/ff.o
 .text.gen_numname
                0x000000000800ef9c      0x120 Middlewares/Third_Party/FatFs/src/ff.o
 .text.sum_sfn  0x000000000800f0bc       0x42 Middlewares/Third_Party/FatFs/src/ff.o
 .text.xdir_sum
                0x000000000800f0fe       0x66 Middlewares/Third_Party/FatFs/src/ff.o
 .text.xname_sum
                0x000000000800f164       0x68 Middlewares/Third_Party/FatFs/src/ff.o
 .text.load_xdir
                0x000000000800f1cc      0x17c Middlewares/Third_Party/FatFs/src/ff.o
 .text.load_obj_dir
                0x000000000800f348       0x7a Middlewares/Third_Party/FatFs/src/ff.o
 .text.store_xdir
                0x000000000800f3c2       0xb6 Middlewares/Third_Party/FatFs/src/ff.o
 .text.create_xdir
                0x000000000800f478       0xce Middlewares/Third_Party/FatFs/src/ff.o
 .text.dir_read
                0x000000000800f546      0x18e Middlewares/Third_Party/FatFs/src/ff.o
 .text.dir_find
                0x000000000800f6d4      0x252 Middlewares/Third_Party/FatFs/src/ff.o
 *fill*         0x000000000800f926        0x2 
 .text.dir_register
                0x000000000800f928      0x360 Middlewares/Third_Party/FatFs/src/ff.o
 .text.create_name
                0x000000000800fc88      0x370 Middlewares/Third_Party/FatFs/src/ff.o
 .text.follow_path
                0x000000000800fff8      0x15a Middlewares/Third_Party/FatFs/src/ff.o
 .text.get_ldnumber
                0x0000000008010152       0x88 Middlewares/Third_Party/FatFs/src/ff.o
 *fill*         0x00000000080101da        0x2 
 .text.check_fs
                0x00000000080101dc       0xc8 Middlewares/Third_Party/FatFs/src/ff.o
 .text.find_volume
                0x00000000080102a4      0x720 Middlewares/Third_Party/FatFs/src/ff.o
 .text.validate
                0x00000000080109c4       0x8e Middlewares/Third_Party/FatFs/src/ff.o
 *fill*         0x0000000008010a52        0x2 
 .text.f_mount  0x0000000008010a54       0xc8 Middlewares/Third_Party/FatFs/src/ff.o
                0x0000000008010a54                f_mount
 .text.f_open   0x0000000008010b1c      0x5b8 Middlewares/Third_Party/FatFs/src/ff.o
                0x0000000008010b1c                f_open
 .text.f_write  0x00000000080110d4      0x40a Middlewares/Third_Party/FatFs/src/ff.o
                0x00000000080110d4                f_write
 .text.f_sync   0x00000000080114de      0x28e Middlewares/Third_Party/FatFs/src/ff.o
                0x00000000080114de                f_sync
 .text.f_close  0x000000000801176c       0x5e Middlewares/Third_Party/FatFs/src/ff.o
                0x000000000801176c                f_close
 *fill*         0x00000000080117ca        0x2 
 .text.FATFS_LinkDriverEx
                0x00000000080117cc       0x98 Middlewares/Third_Party/FatFs/src/ff_gen_drv.o
                0x00000000080117cc                FATFS_LinkDriverEx
 .text.FATFS_LinkDriver
                0x0000000008011864       0x1e Middlewares/Third_Party/FatFs/src/ff_gen_drv.o
                0x0000000008011864                FATFS_LinkDriver
 *fill*         0x0000000008011882        0x2 
 .text.ff_convert
                0x0000000008011884       0x78 Middlewares/Third_Party/FatFs/src/option/ccsbcs.o
                0x0000000008011884                ff_convert
 .text.ff_wtoupper
                0x00000000080118fc      0x114 Middlewares/Third_Party/FatFs/src/option/ccsbcs.o
                0x00000000080118fc                ff_wtoupper
 .text.ff_cre_syncobj
                0x0000000008011a10       0x40 Middlewares/Third_Party/FatFs/src/option/syscall.o
                0x0000000008011a10                ff_cre_syncobj
 .text.ff_del_syncobj
                0x0000000008011a50       0x18 Middlewares/Third_Party/FatFs/src/option/syscall.o
                0x0000000008011a50                ff_del_syncobj
 .text.ff_req_grant
                0x0000000008011a68       0x2a Middlewares/Third_Party/FatFs/src/option/syscall.o
                0x0000000008011a68                ff_req_grant
 .text.ff_rel_grant
                0x0000000008011a92       0x16 Middlewares/Third_Party/FatFs/src/option/syscall.o
                0x0000000008011a92                ff_rel_grant
 .text.ff_memalloc
                0x0000000008011aa8       0x18 Middlewares/Third_Party/FatFs/src/option/syscall.o
                0x0000000008011aa8                ff_memalloc
 .text.ff_memfree
                0x0000000008011ac0       0x16 Middlewares/Third_Party/FatFs/src/option/syscall.o
                0x0000000008011ac0                ff_memfree
 .text.makeFreeRtosPriority
                0x0000000008011ad6       0x30 Middlewares/Third_Party/FreeRTOS/Source/CMSIS_RTOS/cmsis_os.o
 .text.inHandlerMode
                0x0000000008011b06       0x24 Middlewares/Third_Party/FreeRTOS/Source/CMSIS_RTOS/cmsis_os.o
 .text.osKernelStart
                0x0000000008011b2a        0xe Middlewares/Third_Party/FreeRTOS/Source/CMSIS_RTOS/cmsis_os.o
                0x0000000008011b2a                osKernelStart
 .text.osKernelRunning
                0x0000000008011b38       0x18 Middlewares/Third_Party/FreeRTOS/Source/CMSIS_RTOS/cmsis_os.o
                0x0000000008011b38                osKernelRunning
 .text.osKernelSysTick
                0x0000000008011b50       0x20 Middlewares/Third_Party/FreeRTOS/Source/CMSIS_RTOS/cmsis_os.o
                0x0000000008011b50                osKernelSysTick
 .text.osThreadCreate
                0x0000000008011b70       0x98 Middlewares/Third_Party/FreeRTOS/Source/CMSIS_RTOS/cmsis_os.o
                0x0000000008011b70                osThreadCreate
 .text.osSemaphoreCreate
                0x0000000008011c08       0x66 Middlewares/Third_Party/FreeRTOS/Source/CMSIS_RTOS/cmsis_os.o
                0x0000000008011c08                osSemaphoreCreate
 *fill*         0x0000000008011c6e        0x2 
 .text.osSemaphoreWait
                0x0000000008011c70       0x9c Middlewares/Third_Party/FreeRTOS/Source/CMSIS_RTOS/cmsis_os.o
                0x0000000008011c70                osSemaphoreWait
 .text.osSemaphoreRelease
                0x0000000008011d0c       0x6c Middlewares/Third_Party/FreeRTOS/Source/CMSIS_RTOS/cmsis_os.o
                0x0000000008011d0c                osSemaphoreRelease
 .text.osSemaphoreDelete
                0x0000000008011d78       0x26 Middlewares/Third_Party/FreeRTOS/Source/CMSIS_RTOS/cmsis_os.o
                0x0000000008011d78                osSemaphoreDelete
 .text.osMessageCreate
                0x0000000008011d9e       0x52 Middlewares/Third_Party/FreeRTOS/Source/CMSIS_RTOS/cmsis_os.o
                0x0000000008011d9e                osMessageCreate
 .text.osMessagePut
                0x0000000008011df0       0x80 Middlewares/Third_Party/FreeRTOS/Source/CMSIS_RTOS/cmsis_os.o
                0x0000000008011df0                osMessagePut
 .text.osMessageGet
                0x0000000008011e70       0xe8 Middlewares/Third_Party/FreeRTOS/Source/CMSIS_RTOS/cmsis_os.o
                0x0000000008011e70                osMessageGet
 .text.vListInitialise
                0x0000000008011f58       0x40 Middlewares/Third_Party/FreeRTOS/Source/list.o
                0x0000000008011f58                vListInitialise
 .text.vListInitialiseItem
                0x0000000008011f98       0x1a Middlewares/Third_Party/FreeRTOS/Source/list.o
                0x0000000008011f98                vListInitialiseItem
 .text.vListInsertEnd
                0x0000000008011fb2       0x48 Middlewares/Third_Party/FreeRTOS/Source/list.o
                0x0000000008011fb2                vListInsertEnd
 .text.vListInsert
                0x0000000008011ffa       0x72 Middlewares/Third_Party/FreeRTOS/Source/list.o
                0x0000000008011ffa                vListInsert
 .text.uxListRemove
                0x000000000801206c       0x54 Middlewares/Third_Party/FreeRTOS/Source/list.o
                0x000000000801206c                uxListRemove
 .text.xQueueGenericReset
                0x00000000080120c0       0xd4 Middlewares/Third_Party/FreeRTOS/Source/queue.o
                0x00000000080120c0                xQueueGenericReset
 .text.xQueueGenericCreateStatic
                0x0000000008012194       0xfa Middlewares/Third_Party/FreeRTOS/Source/queue.o
                0x0000000008012194                xQueueGenericCreateStatic
 .text.xQueueGenericCreate
                0x000000000801228e       0x82 Middlewares/Third_Party/FreeRTOS/Source/queue.o
                0x000000000801228e                xQueueGenericCreate
 .text.prvInitialiseNewQueue
                0x0000000008012310       0x3e Middlewares/Third_Party/FreeRTOS/Source/queue.o
 *fill*         0x000000000801234e        0x2 
 .text.xQueueGenericSend
                0x0000000008012350      0x204 Middlewares/Third_Party/FreeRTOS/Source/queue.o
                0x0000000008012350                xQueueGenericSend
 .text.xQueueGenericSendFromISR
                0x0000000008012554      0x138 Middlewares/Third_Party/FreeRTOS/Source/queue.o
                0x0000000008012554                xQueueGenericSendFromISR
 .text.xQueueGiveFromISR
                0x000000000801268c      0x122 Middlewares/Third_Party/FreeRTOS/Source/queue.o
                0x000000000801268c                xQueueGiveFromISR
 *fill*         0x00000000080127ae        0x2 
 .text.xQueueReceive
                0x00000000080127b0      0x1c4 Middlewares/Third_Party/FreeRTOS/Source/queue.o
                0x00000000080127b0                xQueueReceive
 .text.xQueueSemaphoreTake
                0x0000000008012974      0x220 Middlewares/Third_Party/FreeRTOS/Source/queue.o
                0x0000000008012974                xQueueSemaphoreTake
 .text.xQueueReceiveFromISR
                0x0000000008012b94      0x106 Middlewares/Third_Party/FreeRTOS/Source/queue.o
                0x0000000008012b94                xQueueReceiveFromISR
 .text.vQueueDelete
                0x0000000008012c9a       0x48 Middlewares/Third_Party/FreeRTOS/Source/queue.o
                0x0000000008012c9a                vQueueDelete
 .text.prvGetDisinheritPriorityAfterTimeout
                0x0000000008012ce2       0x30 Middlewares/Third_Party/FreeRTOS/Source/queue.o
 .text.prvCopyDataToQueue
                0x0000000008012d12       0xd4 Middlewares/Third_Party/FreeRTOS/Source/queue.o
 .text.prvCopyDataFromQueue
                0x0000000008012de6       0x4c Middlewares/Third_Party/FreeRTOS/Source/queue.o
 .text.prvUnlockQueue
                0x0000000008012e32       0xa4 Middlewares/Third_Party/FreeRTOS/Source/queue.o
 .text.prvIsQueueEmpty
                0x0000000008012ed6       0x2c Middlewares/Third_Party/FreeRTOS/Source/queue.o
 .text.prvIsQueueFull
                0x0000000008012f02       0x30 Middlewares/Third_Party/FreeRTOS/Source/queue.o
 *fill*         0x0000000008012f32        0x2 
 .text.vQueueUnregisterQueue
                0x0000000008012f34       0x54 Middlewares/Third_Party/FreeRTOS/Source/queue.o
                0x0000000008012f34                vQueueUnregisterQueue
 .text.xTaskCreateStatic
                0x0000000008012f88       0xc0 Middlewares/Third_Party/FreeRTOS/Source/tasks.o
                0x0000000008012f88                xTaskCreateStatic
 .text.xTaskCreate
                0x0000000008013048       0x8a Middlewares/Third_Party/FreeRTOS/Source/tasks.o
                0x0000000008013048                xTaskCreate
 .text.prvInitialiseNewTask
                0x00000000080130d2      0x110 Middlewares/Third_Party/FreeRTOS/Source/tasks.o
 *fill*         0x00000000080131e2        0x2 
 .text.prvAddNewTaskToReadyList
                0x00000000080131e4       0xd4 Middlewares/Third_Party/FreeRTOS/Source/tasks.o
 .text.vTaskStartScheduler
                0x00000000080132b8       0xc4 Middlewares/Third_Party/FreeRTOS/Source/tasks.o
                0x00000000080132b8                vTaskStartScheduler
 .text.vTaskSuspendAll
                0x000000000801337c       0x1c Middlewares/Third_Party/FreeRTOS/Source/tasks.o
                0x000000000801337c                vTaskSuspendAll
 .text.xTaskResumeAll
                0x0000000008013398      0x13c Middlewares/Third_Party/FreeRTOS/Source/tasks.o
                0x0000000008013398                xTaskResumeAll
 .text.xTaskGetTickCount
                0x00000000080134d4       0x20 Middlewares/Third_Party/FreeRTOS/Source/tasks.o
                0x00000000080134d4                xTaskGetTickCount
 .text.xTaskGetTickCountFromISR
                0x00000000080134f4       0x24 Middlewares/Third_Party/FreeRTOS/Source/tasks.o
                0x00000000080134f4                xTaskGetTickCountFromISR
 .text.xTaskIncrementTick
                0x0000000008013518      0x174 Middlewares/Third_Party/FreeRTOS/Source/tasks.o
                0x0000000008013518                xTaskIncrementTick
 .text.vTaskSwitchContext
                0x000000000801368c       0xb8 Middlewares/Third_Party/FreeRTOS/Source/tasks.o
                0x000000000801368c                vTaskSwitchContext
 .text.vTaskPlaceOnEventList
                0x0000000008013744       0x4c Middlewares/Third_Party/FreeRTOS/Source/tasks.o
                0x0000000008013744                vTaskPlaceOnEventList
 .text.xTaskRemoveFromEventList
                0x0000000008013790       0xc8 Middlewares/Third_Party/FreeRTOS/Source/tasks.o
                0x0000000008013790                xTaskRemoveFromEventList
 .text.vTaskInternalSetTimeOutState
                0x0000000008013858       0x2c Middlewares/Third_Party/FreeRTOS/Source/tasks.o
                0x0000000008013858                vTaskInternalSetTimeOutState
 .text.xTaskCheckForTimeOut
                0x0000000008013884       0xc8 Middlewares/Third_Party/FreeRTOS/Source/tasks.o
                0x0000000008013884                xTaskCheckForTimeOut
 .text.vTaskMissedYield
                0x000000000801394c       0x18 Middlewares/Third_Party/FreeRTOS/Source/tasks.o
                0x000000000801394c                vTaskMissedYield
 .text.prvIdleTask
                0x0000000008013964       0x30 Middlewares/Third_Party/FreeRTOS/Source/tasks.o
 .text.prvInitialiseTaskLists
                0x0000000008013994       0x80 Middlewares/Third_Party/FreeRTOS/Source/tasks.o
 .text.prvCheckTasksWaitingTermination
                0x0000000008013a14       0x58 Middlewares/Third_Party/FreeRTOS/Source/tasks.o
 .text.prvDeleteTCB
                0x0000000008013a6c       0x60 Middlewares/Third_Party/FreeRTOS/Source/tasks.o
 .text.prvResetNextTaskUnblockTime
                0x0000000008013acc       0x40 Middlewares/Third_Party/FreeRTOS/Source/tasks.o
 .text.xTaskGetSchedulerState
                0x0000000008013b0c       0x3c Middlewares/Third_Party/FreeRTOS/Source/tasks.o
                0x0000000008013b0c                xTaskGetSchedulerState
 .text.xTaskPriorityInherit
                0x0000000008013b48      0x100 Middlewares/Third_Party/FreeRTOS/Source/tasks.o
                0x0000000008013b48                xTaskPriorityInherit
 .text.xTaskPriorityDisinherit
                0x0000000008013c48      0x110 Middlewares/Third_Party/FreeRTOS/Source/tasks.o
                0x0000000008013c48                xTaskPriorityDisinherit
 .text.vTaskPriorityDisinheritAfterTimeout
                0x0000000008013d58      0x138 Middlewares/Third_Party/FreeRTOS/Source/tasks.o
                0x0000000008013d58                vTaskPriorityDisinheritAfterTimeout
 .text.pvTaskIncrementMutexHeldCount
                0x0000000008013e90       0x28 Middlewares/Third_Party/FreeRTOS/Source/tasks.o
                0x0000000008013e90                pvTaskIncrementMutexHeldCount
 .text.prvAddCurrentTaskToDelayedList
                0x0000000008013eb8       0xcc Middlewares/Third_Party/FreeRTOS/Source/tasks.o
 .text.pxPortInitialiseStack
                0x0000000008013f84       0x68 Middlewares/Third_Party/FreeRTOS/Source/portable/GCC/ARM_CM7/r0p1/port.o
                0x0000000008013f84                pxPortInitialiseStack
 .text.prvTaskExitError
                0x0000000008013fec       0x5c Middlewares/Third_Party/FreeRTOS/Source/portable/GCC/ARM_CM7/r0p1/port.o
 *fill*         0x0000000008014048        0x8 
 .text.SVC_Handler
                0x0000000008014050       0x28 Middlewares/Third_Party/FreeRTOS/Source/portable/GCC/ARM_CM7/r0p1/port.o
                0x0000000008014050                SVC_Handler
 .text.prvPortStartFirstTask
                0x0000000008014078       0x28 Middlewares/Third_Party/FreeRTOS/Source/portable/GCC/ARM_CM7/r0p1/port.o
 .text.xPortStartScheduler
                0x00000000080140a0       0xf8 Middlewares/Third_Party/FreeRTOS/Source/portable/GCC/ARM_CM7/r0p1/port.o
                0x00000000080140a0                xPortStartScheduler
 .text.vPortEnterCritical
                0x0000000008014198       0x64 Middlewares/Third_Party/FreeRTOS/Source/portable/GCC/ARM_CM7/r0p1/port.o
                0x0000000008014198                vPortEnterCritical
 .text.vPortExitCritical
                0x00000000080141fc       0x54 Middlewares/Third_Party/FreeRTOS/Source/portable/GCC/ARM_CM7/r0p1/port.o
                0x00000000080141fc                vPortExitCritical
 .text.PendSV_Handler
                0x0000000008014250       0x68 Middlewares/Third_Party/FreeRTOS/Source/portable/GCC/ARM_CM7/r0p1/port.o
                0x0000000008014250                PendSV_Handler
 .text.SysTick_Handler
                0x00000000080142b8       0x44 Middlewares/Third_Party/FreeRTOS/Source/portable/GCC/ARM_CM7/r0p1/port.o
                0x00000000080142b8                SysTick_Handler
 .text.vPortSetupTimerInterrupt