main.c:214:7:linear_interpolation	24	static
main.c:225:5:main	16	static
main.c:456:6:SystemClock_Config	112	static
main.c:500:13:MX_CAN_Init	8	static
main.c:537:13:MX_I2C1_Init	8	static
main.c:583:13:MX_SPI1_Init	8	static
main.c:623:13:MX_TIM2_Init	32	static
main.c:668:13:MX_TIM3_Init	32	static
main.c:713:13:MX_TIM16_Init	8	static
main.c:745:13:MX_GPIO_Init	48	static
main.c:813:16:accelerometer_write	32	static
main.c:821:16:accelerometer_read	32	static
main.c:831:16:gyroscope_write	24	static
main.c:840:16:gyroscope_read	32	static
main.c:851:16:barometer_write	40	static
main.c:858:16:barometer_read	40	static
main.c:865:16:humidity_write	40	static
main.c:874:16:humidity_read	40	static
main.c:883:9:make_giro_offset	24	static
main.c:905:6:HAL_TIM_PeriodElapsedCallback	16	static
main.c:1005:6:get_data	8	static
main.c:1085:6:CAN_Config	8	static
main.c:1109:6:Error_Handler	8	static
