18:59:38 **** Incremental Build of configuration Debug for project freertoss ****
make -j12 all 
arm-none-eabi-gcc "../Core/Src/main.c" -mcpu=cortex-m4 -std=gnu11 -g3 -DUSE_HAL_DRIVER -DSTM32G474xx -DDEBUG -c -I../Drivers/STM32G4xx_HAL_Driver/Inc/Legacy -I../Middlewares/Third_Party/FreeRTOS/Source/include -I../Middlewares/Third_Party/FreeRTOS/Source/portable/GCC/ARM_CM4F -I../Drivers/CMSIS/Include -I../Drivers/CMSIS/Device/ST/STM32G4xx/Include -I../Core/Inc -I../Drivers/STM32G4xx_HAL_Driver/Inc -I../Middlewares/Third_Party/FreeRTOS/Source/CMSIS_RTOS_V2 -O0 -ffunction-sections -fdata-sections -Wall -fstack-usage -MMD -MP -MF"Core/Src/main.d" -MT"Core/Src/main.o" --specs=nano.specs -mfpu=fpv4-sp-d16 -mfloat-abi=hard -mthumb -o "Core/Src/main.o"
../Core/Src/main.c: In function 'StartDefaultTask':
../Core/Src/main.c:308:11: warning: unused variable 'ok' [-Wunused-variable]
  uint32_t ok;
           ^~
../Core/Src/main.c: In function 'StartTask02':
../Core/Src/main.c:328:11: warning: variable 'passaggio' set but not used [-Wunused-but-set-variable]
  uint16_t passaggio;
           ^~~~~~~~~
arm-none-eabi-gcc -o "freertoss.elf" @"objects.list"   -mcpu=cortex-m4 -T"C:\Users\mmoro\OneDrive - Politecnico di Milano\Documents\pmf_st\freertoss\STM32G474RETX_FLASH.ld" --specs=nosys.specs -Wl,-Map="freertoss.map" -Wl,--gc-sections -static --specs=nano.specs -mfpu=fpv4-sp-d16 -mfloat-abi=hard -mthumb -Wl,--start-group -lc -lm -Wl,--end-group
Finished building target: freertoss.elf
 
arm-none-eabi-objdump -h -S  freertoss.elf  > "freertoss.list"
arm-none-eabi-objcopy  -O binary  freertoss.elf  "freertoss.bin"
arm-none-eabi-size   freertoss.elf 
   text	   data	    bss	    dec	    hex	filename
  27744	     28	   8268	  36040	   8cc8	freertoss.elf
Finished building: default.size.stdout
 
Finished building: freertoss.bin
 
Finished building: freertoss.list
 

18:59:41 Build Finished. 0 errors, 2 warnings. (took 2s.371ms)

