00:25:54 **** Build of configuration Debug for project NucleoG474-USB-SD ****
make -j12 all 
arm-none-eabi-gcc "C:/Users/mmoro/STM32Cube/Repository/STM32Cube_FW_G4_V1.1.0/Middlewares/Third_Party/FatFs/src/diskio.c" -mcpu=cortex-m4 -std=gnu11 -g3 -DUSE_HAL_DRIVER -DSTM32G474xx -DDEBUG -c -I../FATFS/App -IC:/Users/galla/STM32Cube/Repository/STM32Cube_FW_G4_V1.1.0/Drivers/STM32G4xx_HAL_Driver/Inc/Legacy -IC:/Users/mmoro/STM32Cube/Repository/STM32Cube_FW_G4_V1.1.0/Drivers/CMSIS/Include -IC:/Users/galla/STM32Cube/Repository/STM32Cube_FW_G4_V1.1.0/Drivers/CMSIS/Device/ST/STM32G4xx/Include -IC:/Users/mmoro/STM32Cube/Repository/STM32Cube_FW_G4_V1.1.0/Drivers/STM32G4xx_HAL_Driver/Inc/Legacy -IC:/Users/mmoro/STM32Cube/Repository/STM32Cube_FW_G4_V1.1.0/Middlewares/Third_Party/FatFs/src -IC:/Users/galla/STM32Cube/Repository/STM32Cube_FW_G4_V1.1.0/Drivers/STM32G4xx_HAL_Driver/Inc -IC:/Users/mmoro/STM32Cube/Repository/STM32Cube_FW_G4_V1.1.0/Drivers/CMSIS/Device/ST/STM32G4xx/Include -IC:/Users/mmoro/STM32Cube/Repository/STM32Cube_FW_G4_V1.1.0/Drivers/STM32G4xx_HAL_Driver/Inc -I../Core/Inc -I../FATFS/Target -IC:/Users/galla/STM32Cube/Repository/STM32Cube_FW_G4_V1.1.0/Drivers/CMSIS/Include -IC:/Users/galla/STM32Cube/Repository/STM32Cube_FW_G4_V1.1.0/Middlewares/Third_Party/FatFs/src -O0 -ffunction-sections -fdata-sections -Wall -fstack-usage -MMD -MP -MF"Middlewares/FatFs/diskio.d" -MT"Middlewares/FatFs/diskio.o" --specs=nano.specs -mfpu=fpv4-sp-d16 -mfloat-abi=hard -mthumb -o "Middlewares/FatFs/diskio.o"
arm-none-eabi-gcc "C:/Users/mmoro/STM32Cube/Repository/STM32Cube_FW_G4_V1.1.0/Middlewares/Third_Party/FatFs/src/ff.c" -mcpu=cortex-m4 -std=gnu11 -g3 -DUSE_HAL_DRIVER -DSTM32G474xx -DDEBUG -c -I../FATFS/App -IC:/Users/galla/STM32Cube/Repository/STM32Cube_FW_G4_V1.1.0/Drivers/STM32G4xx_HAL_Driver/Inc/Legacy -IC:/Users/mmoro/STM32Cube/Repository/STM32Cube_FW_G4_V1.1.0/Drivers/CMSIS/Include -IC:/Users/galla/STM32Cube/Repository/STM32Cube_FW_G4_V1.1.0/Drivers/CMSIS/Device/ST/STM32G4xx/Include -IC:/Users/mmoro/STM32Cube/Repository/STM32Cube_FW_G4_V1.1.0/Drivers/STM32G4xx_HAL_Driver/Inc/Legacy -IC:/Users/mmoro/STM32Cube/Repository/STM32Cube_FW_G4_V1.1.0/Middlewares/Third_Party/FatFs/src -IC:/Users/galla/STM32Cube/Repository/STM32Cube_FW_G4_V1.1.0/Drivers/STM32G4xx_HAL_Driver/Inc -IC:/Users/mmoro/STM32Cube/Repository/STM32Cube_FW_G4_V1.1.0/Drivers/CMSIS/Device/ST/STM32G4xx/Include -IC:/Users/mmoro/STM32Cube/Repository/STM32Cube_FW_G4_V1.1.0/Drivers/STM32G4xx_HAL_Driver/Inc -I../Core/Inc -I../FATFS/Target -IC:/Users/galla/STM32Cube/Repository/STM32Cube_FW_G4_V1.1.0/Drivers/CMSIS/Include -IC:/Users/galla/STM32Cube/Repository/STM32Cube_FW_G4_V1.1.0/Middlewares/Third_Party/FatFs/src -O0 -ffunction-sections -fdata-sections -Wall -fstack-usage -MMD -MP -MF"Middlewares/FatFs/ff.d" -MT"Middlewares/FatFs/ff.o" --specs=nano.specs -mfpu=fpv4-sp-d16 -mfloat-abi=hard -mthumb -o "Middlewares/FatFs/ff.o"
arm-none-eabi-gcc "C:/Users/mmoro/STM32Cube/Repository/STM32Cube_FW_G4_V1.1.0/Middlewares/Third_Party/FatFs/src/ff_gen_drv.c" -mcpu=cortex-m4 -std=gnu11 -g3 -DUSE_HAL_DRIVER -DSTM32G474xx -DDEBUG -c -I../FATFS/App -IC:/Users/galla/STM32Cube/Repository/STM32Cube_FW_G4_V1.1.0/Drivers/STM32G4xx_HAL_Driver/Inc/Legacy -IC:/Users/mmoro/STM32Cube/Repository/STM32Cube_FW_G4_V1.1.0/Drivers/CMSIS/Include -IC:/Users/galla/STM32Cube/Repository/STM32Cube_FW_G4_V1.1.0/Drivers/CMSIS/Device/ST/STM32G4xx/Include -IC:/Users/mmoro/STM32Cube/Repository/STM32Cube_FW_G4_V1.1.0/Drivers/STM32G4xx_HAL_Driver/Inc/Legacy -IC:/Users/mmoro/STM32Cube/Repository/STM32Cube_FW_G4_V1.1.0/Middlewares/Third_Party/FatFs/src -IC:/Users/galla/STM32Cube/Repository/STM32Cube_FW_G4_V1.1.0/Drivers/STM32G4xx_HAL_Driver/Inc -IC:/Users/mmoro/STM32Cube/Repository/STM32Cube_FW_G4_V1.1.0/Drivers/CMSIS/Device/ST/STM32G4xx/Include -IC:/Users/mmoro/STM32Cube/Repository/STM32Cube_FW_G4_V1.1.0/Drivers/STM32G4xx_HAL_Driver/Inc -I../Core/Inc -I../FATFS/Target -IC:/Users/galla/STM32Cube/Repository/STM32Cube_FW_G4_V1.1.0/Drivers/CMSIS/Include -IC:/Users/galla/STM32Cube/Repository/STM32Cube_FW_G4_V1.1.0/Middlewares/Third_Party/FatFs/src -O0 -ffunction-sections -fdata-sections -Wall -fstack-usage -MMD -MP -MF"Middlewares/FatFs/ff_gen_drv.d" -MT"Middlewares/FatFs/ff_gen_drv.o" --specs=nano.specs -mfpu=fpv4-sp-d16 -mfloat-abi=hard -mthumb -o "Middlewares/FatFs/ff_gen_drv.o"
arm-none-eabi-gcc "C:/Users/mmoro/STM32Cube/Repository/STM32Cube_FW_G4_V1.1.0/Middlewares/Third_Party/FatFs/src/option/syscall.c" -mcpu=cortex-m4 -std=gnu11 -g3 -DUSE_HAL_DRIVER -DSTM32G474xx -DDEBUG -c -I../FATFS/App -IC:/Users/galla/STM32Cube/Repository/STM32Cube_FW_G4_V1.1.0/Drivers/STM32G4xx_HAL_Driver/Inc/Legacy -IC:/Users/mmoro/STM32Cube/Repository/STM32Cube_FW_G4_V1.1.0/Drivers/CMSIS/Include -IC:/Users/galla/STM32Cube/Repository/STM32Cube_FW_G4_V1.1.0/Drivers/CMSIS/Device/ST/STM32G4xx/Include -IC:/Users/mmoro/STM32Cube/Repository/STM32Cube_FW_G4_V1.1.0/Drivers/STM32G4xx_HAL_Driver/Inc/Legacy -IC:/Users/mmoro/STM32Cube/Repository/STM32Cube_FW_G4_V1.1.0/Middlewares/Third_Party/FatFs/src -IC:/Users/galla/STM32Cube/Repository/STM32Cube_FW_G4_V1.1.0/Drivers/STM32G4xx_HAL_Driver/Inc -IC:/Users/mmoro/STM32Cube/Repository/STM32Cube_FW_G4_V1.1.0/Drivers/CMSIS/Device/ST/STM32G4xx/Include -IC:/Users/mmoro/STM32Cube/Repository/STM32Cube_FW_G4_V1.1.0/Drivers/STM32G4xx_HAL_Driver/Inc -I../Core/Inc -I../FATFS/Target -IC:/Users/galla/STM32Cube/Repository/STM32Cube_FW_G4_V1.1.0/Drivers/CMSIS/Include -IC:/Users/galla/STM32Cube/Repository/STM32Cube_FW_G4_V1.1.0/Middlewares/Third_Party/FatFs/src -O0 -ffunction-sections -fdata-sections -Wall -fstack-usage -MMD -MP -MF"Middlewares/FatFs/syscall.d" -MT"Middlewares/FatFs/syscall.o" --specs=nano.specs -mfpu=fpv4-sp-d16 -mfloat-abi=hard -mthumb -o "Middlewares/FatFs/syscall.o"
arm-none-eabi-gcc "../FATFS/Target/my_sd.c" -mcpu=cortex-m4 -std=gnu11 -g3 -DUSE_HAL_DRIVER -DSTM32G474xx -DDEBUG -c -I../FATFS/App -IC:/Users/galla/STM32Cube/Repository/STM32Cube_FW_G4_V1.1.0/Drivers/STM32G4xx_HAL_Driver/Inc/Legacy -IC:/Users/mmoro/STM32Cube/Repository/STM32Cube_FW_G4_V1.1.0/Drivers/CMSIS/Include -IC:/Users/galla/STM32Cube/Repository/STM32Cube_FW_G4_V1.1.0/Drivers/CMSIS/Device/ST/STM32G4xx/Include -IC:/Users/mmoro/STM32Cube/Repository/STM32Cube_FW_G4_V1.1.0/Drivers/STM32G4xx_HAL_Driver/Inc/Legacy -IC:/Users/mmoro/STM32Cube/Repository/STM32Cube_FW_G4_V1.1.0/Middlewares/Third_Party/FatFs/src -IC:/Users/galla/STM32Cube/Repository/STM32Cube_FW_G4_V1.1.0/Drivers/STM32G4xx_HAL_Driver/Inc -IC:/Users/mmoro/STM32Cube/Repository/STM32Cube_FW_G4_V1.1.0/Drivers/CMSIS/Device/ST/STM32G4xx/Include -IC:/Users/mmoro/STM32Cube/Repository/STM32Cube_FW_G4_V1.1.0/Drivers/STM32G4xx_HAL_Driver/Inc -I../Core/Inc -I../FATFS/Target -IC:/Users/galla/STM32Cube/Repository/STM32Cube_FW_G4_V1.1.0/Drivers/CMSIS/Include -IC:/Users/galla/STM32Cube/Repository/STM32Cube_FW_G4_V1.1.0/Middlewares/Third_Party/FatFs/src -O0 -ffunction-sections -fdata-sections -Wall -fstack-usage -MMD -MP -MF"FATFS/Target/my_sd.d" -MT"FATFS/Target/my_sd.o" --specs=nano.specs -mfpu=fpv4-sp-d16 -mfloat-abi=hard -mthumb -o "FATFS/Target/my_sd.o"
arm-none-eabi-gcc "../FATFS/Target/stm32g4xx_nucleo_bus.c" -mcpu=cortex-m4 -std=gnu11 -g3 -DUSE_HAL_DRIVER -DSTM32G474xx -DDEBUG -c -I../FATFS/App -IC:/Users/galla/STM32Cube/Repository/STM32Cube_FW_G4_V1.1.0/Drivers/STM32G4xx_HAL_Driver/Inc/Legacy -IC:/Users/mmoro/STM32Cube/Repository/STM32Cube_FW_G4_V1.1.0/Drivers/CMSIS/Include -IC:/Users/galla/STM32Cube/Repository/STM32Cube_FW_G4_V1.1.0/Drivers/CMSIS/Device/ST/STM32G4xx/Include -IC:/Users/mmoro/STM32Cube/Repository/STM32Cube_FW_G4_V1.1.0/Drivers/STM32G4xx_HAL_Driver/Inc/Legacy -IC:/Users/mmoro/STM32Cube/Repository/STM32Cube_FW_G4_V1.1.0/Middlewares/Third_Party/FatFs/src -IC:/Users/galla/STM32Cube/Repository/STM32Cube_FW_G4_V1.1.0/Drivers/STM32G4xx_HAL_Driver/Inc -IC:/Users/mmoro/STM32Cube/Repository/STM32Cube_FW_G4_V1.1.0/Drivers/CMSIS/Device/ST/STM32G4xx/Include -IC:/Users/mmoro/STM32Cube/Repository/STM32Cube_FW_G4_V1.1.0/Drivers/STM32G4xx_HAL_Driver/Inc -I../Core/Inc -I../FATFS/Target -IC:/Users/galla/STM32Cube/Repository/STM32Cube_FW_G4_V1.1.0/Drivers/CMSIS/Include -IC:/Users/galla/STM32Cube/Repository/STM32Cube_FW_G4_V1.1.0/Middlewares/Third_Party/FatFs/src -O0 -ffunction-sections -fdata-sections -Wall -fstack-usage -MMD -MP -MF"FATFS/Target/stm32g4xx_nucleo_bus.d" -MT"FATFS/Target/stm32g4xx_nucleo_bus.o" --specs=nano.specs -mfpu=fpv4-sp-d16 -mfloat-abi=hard -mthumb -o "FATFS/Target/stm32g4xx_nucleo_bus.o"
arm-none-eabi-gcc "../FATFS/Target/user_diskio.c" -mcpu=cortex-m4 -std=gnu11 -g3 -DUSE_HAL_DRIVER -DSTM32G474xx -DDEBUG -c -I../FATFS/App -IC:/Users/galla/STM32Cube/Repository/STM32Cube_FW_G4_V1.1.0/Drivers/STM32G4xx_HAL_Driver/Inc/Legacy -IC:/Users/mmoro/STM32Cube/Repository/STM32Cube_FW_G4_V1.1.0/Drivers/CMSIS/Include -IC:/Users/galla/STM32Cube/Repository/STM32Cube_FW_G4_V1.1.0/Drivers/CMSIS/Device/ST/STM32G4xx/Include -IC:/Users/mmoro/STM32Cube/Repository/STM32Cube_FW_G4_V1.1.0/Drivers/STM32G4xx_HAL_Driver/Inc/Legacy -IC:/Users/mmoro/STM32Cube/Repository/STM32Cube_FW_G4_V1.1.0/Middlewares/Third_Party/FatFs/src -IC:/Users/galla/STM32Cube/Repository/STM32Cube_FW_G4_V1.1.0/Drivers/STM32G4xx_HAL_Driver/Inc -IC:/Users/mmoro/STM32Cube/Repository/STM32Cube_FW_G4_V1.1.0/Drivers/CMSIS/Device/ST/STM32G4xx/Include -IC:/Users/mmoro/STM32Cube/Repository/STM32Cube_FW_G4_V1.1.0/Drivers/STM32G4xx_HAL_Driver/Inc -I../Core/Inc -I../FATFS/Target -IC:/Users/galla/STM32Cube/Repository/STM32Cube_FW_G4_V1.1.0/Drivers/CMSIS/Include -IC:/Users/galla/STM32Cube/Repository/STM32Cube_FW_G4_V1.1.0/Middlewares/Third_Party/FatFs/src -O0 -ffunction-sections -fdata-sections -Wall -fstack-usage -MMD -MP -MF"FATFS/Target/user_diskio.d" -MT"FATFS/Target/user_diskio.o" --specs=nano.specs -mfpu=fpv4-sp-d16 -mfloat-abi=hard -mthumb -o "FATFS/Target/user_diskio.o"
arm-none-eabi-gcc "../FATFS/App/app_fatfs.c" -mcpu=cortex-m4 -std=gnu11 -g3 -DUSE_HAL_DRIVER -DSTM32G474xx -DDEBUG -c -I../FATFS/App -IC:/Users/galla/STM32Cube/Repository/STM32Cube_FW_G4_V1.1.0/Drivers/STM32G4xx_HAL_Driver/Inc/Legacy -IC:/Users/mmoro/STM32Cube/Repository/STM32Cube_FW_G4_V1.1.0/Drivers/CMSIS/Include -IC:/Users/galla/STM32Cube/Repository/STM32Cube_FW_G4_V1.1.0/Drivers/CMSIS/Device/ST/STM32G4xx/Include -IC:/Users/mmoro/STM32Cube/Repository/STM32Cube_FW_G4_V1.1.0/Drivers/STM32G4xx_HAL_Driver/Inc/Legacy -IC:/Users/mmoro/STM32Cube/Repository/STM32Cube_FW_G4_V1.1.0/Middlewares/Third_Party/FatFs/src -IC:/Users/galla/STM32Cube/Repository/STM32Cube_FW_G4_V1.1.0/Drivers/STM32G4xx_HAL_Driver/Inc -IC:/Users/mmoro/STM32Cube/Repository/STM32Cube_FW_G4_V1.1.0/Drivers/CMSIS/Device/ST/STM32G4xx/Include -IC:/Users/mmoro/STM32Cube/Repository/STM32Cube_FW_G4_V1.1.0/Drivers/STM32G4xx_HAL_Driver/Inc -I../Core/Inc -I../FATFS/Target -IC:/Users/galla/STM32Cube/Repository/STM32Cube_FW_G4_V1.1.0/Drivers/CMSIS/Include -IC:/Users/galla/STM32Cube/Repository/STM32Cube_FW_G4_V1.1.0/Middlewares/Third_Party/FatFs/src -O0 -ffunction-sections -fdata-sections -Wall -fstack-usage -MMD -MP -MF"FATFS/App/app_fatfs.d" -MT"FATFS/App/app_fatfs.o" --specs=nano.specs -mfpu=fpv4-sp-d16 -mfloat-abi=hard -mthumb -o "FATFS/App/app_fatfs.o"
arm-none-eabi-gcc "C:/Users/mmoro/STM32Cube/Repository/STM32Cube_FW_G4_V1.1.0/Drivers/STM32G4xx_HAL_Driver/Src/stm32g4xx_hal.c" -mcpu=cortex-m4 -std=gnu11 -g3 -DUSE_HAL_DRIVER -DSTM32G474xx -DDEBUG -c -I../FATFS/App -IC:/Users/galla/STM32Cube/Repository/STM32Cube_FW_G4_V1.1.0/Drivers/STM32G4xx_HAL_Driver/Inc/Legacy -IC:/Users/mmoro/STM32Cube/Repository/STM32Cube_FW_G4_V1.1.0/Drivers/CMSIS/Include -IC:/Users/galla/STM32Cube/Repository/STM32Cube_FW_G4_V1.1.0/Drivers/CMSIS/Device/ST/STM32G4xx/Include -IC:/Users/mmoro/STM32Cube/Repository/STM32Cube_FW_G4_V1.1.0/Drivers/STM32G4xx_HAL_Driver/Inc/Legacy -IC:/Users/mmoro/STM32Cube/Repository/STM32Cube_FW_G4_V1.1.0/Middlewares/Third_Party/FatFs/src -IC:/Users/galla/STM32Cube/Repository/STM32Cube_FW_G4_V1.1.0/Drivers/STM32G4xx_HAL_Driver/Inc -IC:/Users/mmoro/STM32Cube/Repository/STM32Cube_FW_G4_V1.1.0/Drivers/CMSIS/Device/ST/STM32G4xx/Include -IC:/Users/mmoro/STM32Cube/Repository/STM32Cube_FW_G4_V1.1.0/Drivers/STM32G4xx_HAL_Driver/Inc -I../Core/Inc -I../FATFS/Target -IC:/Users/galla/STM32Cube/Repository/STM32Cube_FW_G4_V1.1.0/Drivers/CMSIS/Include -IC:/Users/galla/STM32Cube/Repository/STM32Cube_FW_G4_V1.1.0/Middlewares/Third_Party/FatFs/src -O0 -ffunction-sections -fdata-sections -Wall -fstack-usage -MMD -MP -MF"Drivers/STM32G4xx_HAL_Driver/stm32g4xx_hal.d" -MT"Drivers/STM32G4xx_HAL_Driver/stm32g4xx_hal.o" --specs=nano.specs -mfpu=fpv4-sp-d16 -mfloat-abi=hard -mthumb -o "Drivers/STM32G4xx_HAL_Driver/stm32g4xx_hal.o"
arm-none-eabi-gcc "C:/Users/mmoro/STM32Cube/Repository/STM32Cube_FW_G4_V1.1.0/Drivers/STM32G4xx_HAL_Driver/Src/stm32g4xx_hal_cortex.c" -mcpu=cortex-m4 -std=gnu11 -g3 -DUSE_HAL_DRIVER -DSTM32G474xx -DDEBUG -c -I../FATFS/App -IC:/Users/galla/STM32Cube/Repository/STM32Cube_FW_G4_V1.1.0/Drivers/STM32G4xx_HAL_Driver/Inc/Legacy -IC:/Users/mmoro/STM32Cube/Repository/STM32Cube_FW_G4_V1.1.0/Drivers/CMSIS/Include -IC:/Users/galla/STM32Cube/Repository/STM32Cube_FW_G4_V1.1.0/Drivers/CMSIS/Device/ST/STM32G4xx/Include -IC:/Users/mmoro/STM32Cube/Repository/STM32Cube_FW_G4_V1.1.0/Drivers/STM32G4xx_HAL_Driver/Inc/Legacy -IC:/Users/mmoro/STM32Cube/Repository/STM32Cube_FW_G4_V1.1.0/Middlewares/Third_Party/FatFs/src -IC:/Users/galla/STM32Cube/Repository/STM32Cube_FW_G4_V1.1.0/Drivers/STM32G4xx_HAL_Driver/Inc -IC:/Users/mmoro/STM32Cube/Repository/STM32Cube_FW_G4_V1.1.0/Drivers/CMSIS/Device/ST/STM32G4xx/Include -IC:/Users/mmoro/STM32Cube/Repository/STM32Cube_FW_G4_V1.1.0/Drivers/STM32G4xx_HAL_Driver/Inc -I../Core/Inc -I../FATFS/Target -IC:/Users/galla/STM32Cube/Repository/STM32Cube_FW_G4_V1.1.0/Drivers/CMSIS/Include -IC:/Users/galla/STM32Cube/Repository/STM32Cube_FW_G4_V1.1.0/Middlewares/Third_Party/FatFs/src -O0 -ffunction-sections -fdata-sections -Wall -fstack-usage -MMD -MP -MF"Drivers/STM32G4xx_HAL_Driver/stm32g4xx_hal_cortex.d" -MT"Drivers/STM32G4xx_HAL_Driver/stm32g4xx_hal_cortex.o" --specs=nano.specs -mfpu=fpv4-sp-d16 -mfloat-abi=hard -mthumb -o "Drivers/STM32G4xx_HAL_Driver/stm32g4xx_hal_cortex.o"
arm-none-eabi-gcc "C:/Users/mmoro/STM32Cube/Repository/STM32Cube_FW_G4_V1.1.0/Drivers/STM32G4xx_HAL_Driver/Src/stm32g4xx_hal_dma.c" -mcpu=cortex-m4 -std=gnu11 -g3 -DUSE_HAL_DRIVER -DSTM32G474xx -DDEBUG -c -I../FATFS/App -IC:/Users/galla/STM32Cube/Repository/STM32Cube_FW_G4_V1.1.0/Drivers/STM32G4xx_HAL_Driver/Inc/Legacy -IC:/Users/mmoro/STM32Cube/Repository/STM32Cube_FW_G4_V1.1.0/Drivers/CMSIS/Include -IC:/Users/galla/STM32Cube/Repository/STM32Cube_FW_G4_V1.1.0/Drivers/CMSIS/Device/ST/STM32G4xx/Include -IC:/Users/mmoro/STM32Cube/Repository/STM32Cube_FW_G4_V1.1.0/Drivers/STM32G4xx_HAL_Driver/Inc/Legacy -IC:/Users/mmoro/STM32Cube/Repository/STM32Cube_FW_G4_V1.1.0/Middlewares/Third_Party/FatFs/src -IC:/Users/galla/STM32Cube/Repository/STM32Cube_FW_G4_V1.1.0/Drivers/STM32G4xx_HAL_Driver/Inc -IC:/Users/mmoro/STM32Cube/Repository/STM32Cube_FW_G4_V1.1.0/Drivers/CMSIS/Device/ST/STM32G4xx/Include -IC:/Users/mmoro/STM32Cube/Repository/STM32Cube_FW_G4_V1.1.0/Drivers/STM32G4xx_HAL_Driver/Inc -I../Core/Inc -I../FATFS/Target -IC:/Users/galla/STM32Cube/Repository/STM32Cube_FW_G4_V1.1.0/Drivers/CMSIS/Include -IC:/Users/galla/STM32Cube/Repository/STM32Cube_FW_G4_V1.1.0/Middlewares/Third_Party/FatFs/src -O0 -ffunction-sections -fdata-sections -Wall -fstack-usage -MMD -MP -MF"Drivers/STM32G4xx_HAL_Driver/stm32g4xx_hal_dma.d" -MT"Drivers/STM32G4xx_HAL_Driver/stm32g4xx_hal_dma.o" --specs=nano.specs -mfpu=fpv4-sp-d16 -mfloat-abi=hard -mthumb -o "Drivers/STM32G4xx_HAL_Driver/stm32g4xx_hal_dma.o"
arm-none-eabi-gcc "C:/Users/mmoro/STM32Cube/Repository/STM32Cube_FW_G4_V1.1.0/Drivers/STM32G4xx_HAL_Driver/Src/stm32g4xx_hal_dma_ex.c" -mcpu=cortex-m4 -std=gnu11 -g3 -DUSE_HAL_DRIVER -DSTM32G474xx -DDEBUG -c -I../FATFS/App -IC:/Users/galla/STM32Cube/Repository/STM32Cube_FW_G4_V1.1.0/Drivers/STM32G4xx_HAL_Driver/Inc/Legacy -IC:/Users/mmoro/STM32Cube/Repository/STM32Cube_FW_G4_V1.1.0/Drivers/CMSIS/Include -IC:/Users/galla/STM32Cube/Repository/STM32Cube_FW_G4_V1.1.0/Drivers/CMSIS/Device/ST/STM32G4xx/Include -IC:/Users/mmoro/STM32Cube/Repository/STM32Cube_FW_G4_V1.1.0/Drivers/STM32G4xx_HAL_Driver/Inc/Legacy -IC:/Users/mmoro/STM32Cube/Repository/STM32Cube_FW_G4_V1.1.0/Middlewares/Third_Party/FatFs/src -IC:/Users/galla/STM32Cube/Repository/STM32Cube_FW_G4_V1.1.0/Drivers/STM32G4xx_HAL_Driver/Inc -IC:/Users/mmoro/STM32Cube/Repository/STM32Cube_FW_G4_V1.1.0/Drivers/CMSIS/Device/ST/STM32G4xx/Include -IC:/Users/mmoro/STM32Cube/Repository/STM32Cube_FW_G4_V1.1.0/Drivers/STM32G4xx_HAL_Driver/Inc -I../Core/Inc -I../FATFS/Target -IC:/Users/galla/STM32Cube/Repository/STM32Cube_FW_G4_V1.1.0/Drivers/CMSIS/Include -IC:/Users/galla/STM32Cube/Repository/STM32Cube_FW_G4_V1.1.0/Middlewares/Third_Party/FatFs/src -O0 -ffunction-sections -fdata-sections -Wall -fstack-usage -MMD -MP -MF"Drivers/STM32G4xx_HAL_Driver/stm32g4xx_hal_dma_ex.d" -MT"Drivers/STM32G4xx_HAL_Driver/stm32g4xx_hal_dma_ex.o" --specs=nano.specs -mfpu=fpv4-sp-d16 -mfloat-abi=hard -mthumb -o "Drivers/STM32G4xx_HAL_Driver/stm32g4xx_hal_dma_ex.o"
../FATFS/App/app_fatfs.c: In function 'FS_FileOperations':
../FATFS/App/app_fatfs.c:171:26: warning: passing argument 2 of 'f_open' from incompatible pointer type [-Wincompatible-pointer-types]
  res = f_open(&USERFile, &path, FA_CREATE_ALWAYS | FA_WRITE);
                          ^
In file included from ../FATFS/App/app_fatfs.h:26:0,
                 from ../FATFS/App/app_fatfs.c:22:
C:/Users/mmoro/STM32Cube/Repository/STM32Cube_FW_G4_V1.1.0/Middlewares/Third_Party/FatFs/src/ff.h:242:9: note: expected 'const TCHAR * {aka const char *}' but argument is of type 'uint8_t (*)[10] {aka unsigned char (*)[10]}'
 FRESULT f_open (FIL* fp, const TCHAR* path, BYTE mode);    /* Open or create a file */
         ^~~~~~
../FATFS/App/app_fatfs.c:186:33: warning: passing argument 2 of 'f_open' from incompatible pointer type [-Wincompatible-pointer-types]
         res = f_open(&USERFile, &path, FA_READ);
                                 ^
In file included from ../FATFS/App/app_fatfs.h:26:0,
                 from ../FATFS/App/app_fatfs.c:22:
C:/Users/mmoro/STM32Cube/Repository/STM32Cube_FW_G4_V1.1.0/Middlewares/Third_Party/FatFs/src/ff.h:242:9: note: expected 'const TCHAR * {aka const char *}' but argument is of type 'uint8_t (*)[10] {aka unsigned char (*)[10]}'
 FRESULT f_open (FIL* fp, const TCHAR* path, BYTE mode);    /* Open or create a file */
         ^~~~~~
arm-none-eabi-gcc "C:/Users/mmoro/STM32Cube/Repository/STM32Cube_FW_G4_V1.1.0/Drivers/STM32G4xx_HAL_Driver/Src/stm32g4xx_hal_exti.c" -mcpu=cortex-m4 -std=gnu11 -g3 -DUSE_HAL_DRIVER -DSTM32G474xx -DDEBUG -c -I../FATFS/App -IC:/Users/galla/STM32Cube/Repository/STM32Cube_FW_G4_V1.1.0/Drivers/STM32G4xx_HAL_Driver/Inc/Legacy -IC:/Users/mmoro/STM32Cube/Repository/STM32Cube_FW_G4_V1.1.0/Drivers/CMSIS/Include -IC:/Users/galla/STM32Cube/Repository/STM32Cube_FW_G4_V1.1.0/Drivers/CMSIS/Device/ST/STM32G4xx/Include -IC:/Users/mmoro/STM32Cube/Repository/STM32Cube_FW_G4_V1.1.0/Drivers/STM32G4xx_HAL_Driver/Inc/Legacy -IC:/Users/mmoro/STM32Cube/Repository/STM32Cube_FW_G4_V1.1.0/Middlewares/Third_Party/FatFs/src -IC:/Users/galla/STM32Cube/Repository/STM32Cube_FW_G4_V1.1.0/Drivers/STM32G4xx_HAL_Driver/Inc -IC:/Users/mmoro/STM32Cube/Repository/STM32Cube_FW_G4_V1.1.0/Drivers/CMSIS/Device/ST/STM32G4xx/Include -IC:/Users/mmoro/STM32Cube/Repository/STM32Cube_FW_G4_V1.1.0/Drivers/STM32G4xx_HAL_Driver/Inc -I../Core/Inc -I../FATFS/Target -IC:/Users/galla/STM32Cube/Repository/STM32Cube_FW_G4_V1.1.0/Drivers/CMSIS/Include -IC:/Users/galla/STM32Cube/Repository/STM32Cube_FW_G4_V1.1.0/Middlewares/Third_Party/FatFs/src -O0 -ffunction-sections -fdata-sections -Wall -fstack-usage -MMD -MP -MF"Drivers/STM32G4xx_HAL_Driver/stm32g4xx_hal_exti.d" -MT"Drivers/STM32G4xx_HAL_Driver/stm32g4xx_hal_exti.o" --specs=nano.specs -mfpu=fpv4-sp-d16 -mfloat-abi=hard -mthumb -o "Drivers/STM32G4xx_HAL_Driver/stm32g4xx_hal_exti.o"
arm-none-eabi-gcc "C:/Users/mmoro/STM32Cube/Repository/STM32Cube_FW_G4_V1.1.0/Drivers/STM32G4xx_HAL_Driver/Src/stm32g4xx_hal_fdcan.c" -mcpu=cortex-m4 -std=gnu11 -g3 -DUSE_HAL_DRIVER -DSTM32G474xx -DDEBUG -c -I../FATFS/App -IC:/Users/galla/STM32Cube/Repository/STM32Cube_FW_G4_V1.1.0/Drivers/STM32G4xx_HAL_Driver/Inc/Legacy -IC:/Users/mmoro/STM32Cube/Repository/STM32Cube_FW_G4_V1.1.0/Drivers/CMSIS/Include -IC:/Users/galla/STM32Cube/Repository/STM32Cube_FW_G4_V1.1.0/Drivers/CMSIS/Device/ST/STM32G4xx/Include -IC:/Users/mmoro/STM32Cube/Repository/STM32Cube_FW_G4_V1.1.0/Drivers/STM32G4xx_HAL_Driver/Inc/Legacy -IC:/Users/mmoro/STM32Cube/Repository/STM32Cube_FW_G4_V1.1.0/Middlewares/Third_Party/FatFs/src -IC:/Users/galla/STM32Cube/Repository/STM32Cube_FW_G4_V1.1.0/Drivers/STM32G4xx_HAL_Driver/Inc -IC:/Users/mmoro/STM32Cube/Repository/STM32Cube_FW_G4_V1.1.0/Drivers/CMSIS/Device/ST/STM32G4xx/Include -IC:/Users/mmoro/STM32Cube/Repository/STM32Cube_FW_G4_V1.1.0/Drivers/STM32G4xx_HAL_Driver/Inc -I../Core/Inc -I../FATFS/Target -IC:/Users/galla/STM32Cube/Repository/STM32Cube_FW_G4_V1.1.0/Drivers/CMSIS/Include -IC:/Users/galla/STM32Cube/Repository/STM32Cube_FW_G4_V1.1.0/Middlewares/Third_Party/FatFs/src -O0 -ffunction-sections -fdata-sections -Wall -fstack-usage -MMD -MP -MF"Drivers/STM32G4xx_HAL_Driver/stm32g4xx_hal_fdcan.d" -MT"Drivers/STM32G4xx_HAL_Driver/stm32g4xx_hal_fdcan.o" --specs=nano.specs -mfpu=fpv4-sp-d16 -mfloat-abi=hard -mthumb -o "Drivers/STM32G4xx_HAL_Driver/stm32g4xx_hal_fdcan.o"
arm-none-eabi-gcc "C:/Users/mmoro/STM32Cube/Repository/STM32Cube_FW_G4_V1.1.0/Drivers/STM32G4xx_HAL_Driver/Src/stm32g4xx_hal_flash.c" -mcpu=cortex-m4 -std=gnu11 -g3 -DUSE_HAL_DRIVER -DSTM32G474xx -DDEBUG -c -I../FATFS/App -IC:/Users/galla/STM32Cube/Repository/STM32Cube_FW_G4_V1.1.0/Drivers/STM32G4xx_HAL_Driver/Inc/Legacy -IC:/Users/mmoro/STM32Cube/Repository/STM32Cube_FW_G4_V1.1.0/Drivers/CMSIS/Include -IC:/Users/galla/STM32Cube/Repository/STM32Cube_FW_G4_V1.1.0/Drivers/CMSIS/Device/ST/STM32G4xx/Include -IC:/Users/mmoro/STM32Cube/Repository/STM32Cube_FW_G4_V1.1.0/Drivers/STM32G4xx_HAL_Driver/Inc/Legacy -IC:/Users/mmoro/STM32Cube/Repository/STM32Cube_FW_G4_V1.1.0/Middlewares/Third_Party/FatFs/src -IC:/Users/galla/STM32Cube/Repository/STM32Cube_FW_G4_V1.1.0/Drivers/STM32G4xx_HAL_Driver/Inc -IC:/Users/mmoro/STM32Cube/Repository/STM32Cube_FW_G4_V1.1.0/Drivers/CMSIS/Device/ST/STM32G4xx/Include -IC:/Users/mmoro/STM32Cube/Repository/STM32Cube_FW_G4_V1.1.0/Drivers/STM32G4xx_HAL_Driver/Inc -I../Core/Inc -I../FATFS/Target -IC:/Users/galla/STM32Cube/Repository/STM32Cube_FW_G4_V1.1.0/Drivers/CMSIS/Include -IC:/Users/galla/STM32Cube/Repository/STM32Cube_FW_G4_V1.1.0/Middlewares/Third_Party/FatFs/src -O0 -ffunction-sections -fdata-sections -Wall -fstack-usage -MMD -MP -MF"Drivers/STM32G4xx_HAL_Driver/stm32g4xx_hal_flash.d" -MT"Drivers/STM32G4xx_HAL_Driver/stm32g4xx_hal_flash.o" --specs=nano.specs -mfpu=fpv4-sp-d16 -mfloat-abi=hard -mthumb -o "Drivers/STM32G4xx_HAL_Driver/stm32g4xx_hal_flash.o"
arm-none-eabi-gcc "C:/Users/mmoro/STM32Cube/Repository/STM32Cube_FW_G4_V1.1.0/Drivers/STM32G4xx_HAL_Driver/Src/stm32g4xx_hal_flash_ex.c" -mcpu=cortex-m4 -std=gnu11 -g3 -DUSE_HAL_DRIVER -DSTM32G474xx -DDEBUG -c -I../FATFS/App -IC:/Users/galla/STM32Cube/Repository/STM32Cube_FW_G4_V1.1.0/Drivers/STM32G4xx_HAL_Driver/Inc/Legacy -IC:/Users/mmoro/STM32Cube/Repository/STM32Cube_FW_G4_V1.1.0/Drivers/CMSIS/Include -IC:/Users/galla/STM32Cube/Repository/STM32Cube_FW_G4_V1.1.0/Drivers/CMSIS/Device/ST/STM32G4xx/Include -IC:/Users/mmoro/STM32Cube/Repository/STM32Cube_FW_G4_V1.1.0/Drivers/STM32G4xx_HAL_Driver/Inc/Legacy -IC:/Users/mmoro/STM32Cube/Repository/STM32Cube_FW_G4_V1.1.0/Middlewares/Third_Party/FatFs/src -IC:/Users/galla/STM32Cube/Repository/STM32Cube_FW_G4_V1.1.0/Drivers/STM32G4xx_HAL_Driver/Inc -IC:/Users/mmoro/STM32Cube/Repository/STM32Cube_FW_G4_V1.1.0/Drivers/CMSIS/Device/ST/STM32G4xx/Include -IC:/Users/mmoro/STM32Cube/Repository/STM32Cube_FW_G4_V1.1.0/Drivers/STM32G4xx_HAL_Driver/Inc -I../Core/Inc -I../FATFS/Target -IC:/Users/galla/STM32Cube/Repository/STM32Cube_FW_G4_V1.1.0/Drivers/CMSIS/Include -IC:/Users/galla/STM32Cube/Repository/STM32Cube_FW_G4_V1.1.0/Middlewares/Third_Party/FatFs/src -O0 -ffunction-sections -fdata-sections -Wall -fstack-usage -MMD -MP -MF"Drivers/STM32G4xx_HAL_Driver/stm32g4xx_hal_flash_ex.d" -MT"Drivers/STM32G4xx_HAL_Driver/stm32g4xx_hal_flash_ex.o" --specs=nano.specs -mfpu=fpv4-sp-d16 -mfloat-abi=hard -mthumb -o "Drivers/STM32G4xx_HAL_Driver/stm32g4xx_hal_flash_ex.o"
arm-none-eabi-gcc "C:/Users/mmoro/STM32Cube/Repository/STM32Cube_FW_G4_V1.1.0/Drivers/STM32G4xx_HAL_Driver/Src/stm32g4xx_hal_flash_ramfunc.c" -mcpu=cortex-m4 -std=gnu11 -g3 -DUSE_HAL_DRIVER -DSTM32G474xx -DDEBUG -c -I../FATFS/App -IC:/Users/galla/STM32Cube/Repository/STM32Cube_FW_G4_V1.1.0/Drivers/STM32G4xx_HAL_Driver/Inc/Legacy -IC:/Users/mmoro/STM32Cube/Repository/STM32Cube_FW_G4_V1.1.0/Drivers/CMSIS/Include -IC:/Users/galla/STM32Cube/Repository/STM32Cube_FW_G4_V1.1.0/Drivers/CMSIS/Device/ST/STM32G4xx/Include -IC:/Users/mmoro/STM32Cube/Repository/STM32Cube_FW_G4_V1.1.0/Drivers/STM32G4xx_HAL_Driver/Inc/Legacy -IC:/Users/mmoro/STM32Cube/Repository/STM32Cube_FW_G4_V1.1.0/Middlewares/Third_Party/FatFs/src -IC:/Users/galla/STM32Cube/Repository/STM32Cube_FW_G4_V1.1.0/Drivers/STM32G4xx_HAL_Driver/Inc -IC:/Users/mmoro/STM32Cube/Repository/STM32Cube_FW_G4_V1.1.0/Drivers/CMSIS/Device/ST/STM32G4xx/Include -IC:/Users/mmoro/STM32Cube/Repository/STM32Cube_FW_G4_V1.1.0/Drivers/STM32G4xx_HAL_Driver/Inc -I../Core/Inc -I../FATFS/Target -IC:/Users/galla/STM32Cube/Repository/STM32Cube_FW_G4_V1.1.0/Drivers/CMSIS/Include -IC:/Users/galla/STM32Cube/Repository/STM32Cube_FW_G4_V1.1.0/Middlewares/Third_Party/FatFs/src -O0 -ffunction-sections -fdata-sections -Wall -fstack-usage -MMD -MP -MF"Drivers/STM32G4xx_HAL_Driver/stm32g4xx_hal_flash_ramfunc.d" -MT"Drivers/STM32G4xx_HAL_Driver/stm32g4xx_hal_flash_ramfunc.o" --specs=nano.specs -mfpu=fpv4-sp-d16 -mfloat-abi=hard -mthumb -o "Drivers/STM32G4xx_HAL_Driver/stm32g4xx_hal_flash_ramfunc.o"
arm-none-eabi-gcc "C:/Users/mmoro/STM32Cube/Repository/STM32Cube_FW_G4_V1.1.0/Drivers/STM32G4xx_HAL_Driver/Src/stm32g4xx_hal_gpio.c" -mcpu=cortex-m4 -std=gnu11 -g3 -DUSE_HAL_DRIVER -DSTM32G474xx -DDEBUG -c -I../FATFS/App -IC:/Users/galla/STM32Cube/Repository/STM32Cube_FW_G4_V1.1.0/Drivers/STM32G4xx_HAL_Driver/Inc/Legacy -IC:/Users/mmoro/STM32Cube/Repository/STM32Cube_FW_G4_V1.1.0/Drivers/CMSIS/Include -IC:/Users/galla/STM32Cube/Repository/STM32Cube_FW_G4_V1.1.0/Drivers/CMSIS/Device/ST/STM32G4xx/Include -IC:/Users/mmoro/STM32Cube/Repository/STM32Cube_FW_G4_V1.1.0/Drivers/STM32G4xx_HAL_Driver/Inc/Legacy -IC:/Users/mmoro/STM32Cube/Repository/STM32Cube_FW_G4_V1.1.0/Middlewares/Third_Party/FatFs/src -IC:/Users/galla/STM32Cube/Repository/STM32Cube_FW_G4_V1.1.0/Drivers/STM32G4xx_HAL_Driver/Inc -IC:/Users/mmoro/STM32Cube/Repository/STM32Cube_FW_G4_V1.1.0/Drivers/CMSIS/Device/ST/STM32G4xx/Include -IC:/Users/mmoro/STM32Cube/Repository/STM32Cube_FW_G4_V1.1.0/Drivers/STM32G4xx_HAL_Driver/Inc -I../Core/Inc -I../FATFS/Target -IC:/Users/galla/STM32Cube/Repository/STM32Cube_FW_G4_V1.1.0/Drivers/CMSIS/Include -IC:/Users/galla/STM32Cube/Repository/STM32Cube_FW_G4_V1.1.0/Middlewares/Third_Party/FatFs/src -O0 -ffunction-sections -fdata-sections -Wall -fstack-usage -MMD -MP -MF"Drivers/STM32G4xx_HAL_Driver/stm32g4xx_hal_gpio.d" -MT"Drivers/STM32G4xx_HAL_Driver/stm32g4xx_hal_gpio.o" --specs=nano.specs -mfpu=fpv4-sp-d16 -mfloat-abi=hard -mthumb -o "Drivers/STM32G4xx_HAL_Driver/stm32g4xx_hal_gpio.o"
arm-none-eabi-gcc "C:/Users/mmoro/STM32Cube/Repository/STM32Cube_FW_G4_V1.1.0/Drivers/STM32G4xx_HAL_Driver/Src/stm32g4xx_hal_pwr.c" -mcpu=cortex-m4 -std=gnu11 -g3 -DUSE_HAL_DRIVER -DSTM32G474xx -DDEBUG -c -I../FATFS/App -IC:/Users/galla/STM32Cube/Repository/STM32Cube_FW_G4_V1.1.0/Drivers/STM32G4xx_HAL_Driver/Inc/Legacy -IC:/Users/mmoro/STM32Cube/Repository/STM32Cube_FW_G4_V1.1.0/Drivers/CMSIS/Include -IC:/Users/galla/STM32Cube/Repository/STM32Cube_FW_G4_V1.1.0/Drivers/CMSIS/Device/ST/STM32G4xx/Include -IC:/Users/mmoro/STM32Cube/Repository/STM32Cube_FW_G4_V1.1.0/Drivers/STM32G4xx_HAL_Driver/Inc/Legacy -IC:/Users/mmoro/STM32Cube/Repository/STM32Cube_FW_G4_V1.1.0/Middlewares/Third_Party/FatFs/src -IC:/Users/galla/STM32Cube/Repository/STM32Cube_FW_G4_V1.1.0/Drivers/STM32G4xx_HAL_Driver/Inc -IC:/Users/mmoro/STM32Cube/Repository/STM32Cube_FW_G4_V1.1.0/Drivers/CMSIS/Device/ST/STM32G4xx/Include -IC:/Users/mmoro/STM32Cube/Repository/STM32Cube_FW_G4_V1.1.0/Drivers/STM32G4xx_HAL_Driver/Inc -I../Core/Inc -I../FATFS/Target -IC:/Users/galla/STM32Cube/Repository/STM32Cube_FW_G4_V1.1.0/Drivers/CMSIS/Include -IC:/Users/galla/STM32Cube/Repository/STM32Cube_FW_G4_V1.1.0/Middlewares/Third_Party/FatFs/src -O0 -ffunction-sections -fdata-sections -Wall -fstack-usage -MMD -MP -MF"Drivers/STM32G4xx_HAL_Driver/stm32g4xx_hal_pwr.d" -MT"Drivers/STM32G4xx_HAL_Driver/stm32g4xx_hal_pwr.o" --specs=nano.specs -mfpu=fpv4-sp-d16 -mfloat-abi=hard -mthumb -o "Drivers/STM32G4xx_HAL_Driver/stm32g4xx_hal_pwr.o"
arm-none-eabi-gcc "C:/Users/mmoro/STM32Cube/Repository/STM32Cube_FW_G4_V1.1.0/Drivers/STM32G4xx_HAL_Driver/Src/stm32g4xx_hal_pwr_ex.c" -mcpu=cortex-m4 -std=gnu11 -g3 -DUSE_HAL_DRIVER -DSTM32G474xx -DDEBUG -c -I../FATFS/App -IC:/Users/galla/STM32Cube/Repository/STM32Cube_FW_G4_V1.1.0/Drivers/STM32G4xx_HAL_Driver/Inc/Legacy -IC:/Users/mmoro/STM32Cube/Repository/STM32Cube_FW_G4_V1.1.0/Drivers/CMSIS/Include -IC:/Users/galla/STM32Cube/Repository/STM32Cube_FW_G4_V1.1.0/Drivers/CMSIS/Device/ST/STM32G4xx/Include -IC:/Users/mmoro/STM32Cube/Repository/STM32Cube_FW_G4_V1.1.0/Drivers/STM32G4xx_HAL_Driver/Inc/Legacy -IC:/Users/mmoro/STM32Cube/Repository/STM32Cube_FW_G4_V1.1.0/Middlewares/Third_Party/FatFs/src -IC:/Users/galla/STM32Cube/Repository/STM32Cube_FW_G4_V1.1.0/Drivers/STM32G4xx_HAL_Driver/Inc -IC:/Users/mmoro/STM32Cube/Repository/STM32Cube_FW_G4_V1.1.0/Drivers/CMSIS/Device/ST/STM32G4xx/Include -IC:/Users/mmoro/STM32Cube/Repository/STM32Cube_FW_G4_V1.1.0/Drivers/STM32G4xx_HAL_Driver/Inc -I../Core/Inc -I../FATFS/Target -IC:/Users/galla/STM32Cube/Repository/STM32Cube_FW_G4_V1.1.0/Drivers/CMSIS/Include -IC:/Users/galla/STM32Cube/Repository/STM32Cube_FW_G4_V1.1.0/Middlewares/Third_Party/FatFs/src -O0 -ffunction-sections -fdata-sections -Wall -fstack-usage -MMD -MP -MF"Drivers/STM32G4xx_HAL_Driver/stm32g4xx_hal_pwr_ex.d" -MT"Drivers/STM32G4xx_HAL_Driver/stm32g4xx_hal_pwr_ex.o" --specs=nano.specs -mfpu=fpv4-sp-d16 -mfloat-abi=hard -mthumb -o "Drivers/STM32G4xx_HAL_Driver/stm32g4xx_hal_pwr_ex.o"
arm-none-eabi-gcc "C:/Users/mmoro/STM32Cube/Repository/STM32Cube_FW_G4_V1.1.0/Drivers/STM32G4xx_HAL_Driver/Src/stm32g4xx_hal_rcc.c" -mcpu=cortex-m4 -std=gnu11 -g3 -DUSE_HAL_DRIVER -DSTM32G474xx -DDEBUG -c -I../FATFS/App -IC:/Users/galla/STM32Cube/Repository/STM32Cube_FW_G4_V1.1.0/Drivers/STM32G4xx_HAL_Driver/Inc/Legacy -IC:/Users/mmoro/STM32Cube/Repository/STM32Cube_FW_G4_V1.1.0/Drivers/CMSIS/Include -IC:/Users/galla/STM32Cube/Repository/STM32Cube_FW_G4_V1.1.0/Drivers/CMSIS/Device/ST/STM32G4xx/Include -IC:/Users/mmoro/STM32Cube/Repository/STM32Cube_FW_G4_V1.1.0/Drivers/STM32G4xx_HAL_Driver/Inc/Legacy -IC:/Users/mmoro/STM32Cube/Repository/STM32Cube_FW_G4_V1.1.0/Middlewares/Third_Party/FatFs/src -IC:/Users/galla/STM32Cube/Repository/STM32Cube_FW_G4_V1.1.0/Drivers/STM32G4xx_HAL_Driver/Inc -IC:/Users/mmoro/STM32Cube/Repository/STM32Cube_FW_G4_V1.1.0/Drivers/CMSIS/Device/ST/STM32G4xx/Include -IC:/Users/mmoro/STM32Cube/Repository/STM32Cube_FW_G4_V1.1.0/Drivers/STM32G4xx_HAL_Driver/Inc -I../Core/Inc -I../FATFS/Target -IC:/Users/galla/STM32Cube/Repository/STM32Cube_FW_G4_V1.1.0/Drivers/CMSIS/Include -IC:/Users/galla/STM32Cube/Repository/STM32Cube_FW_G4_V1.1.0/Middlewares/Third_Party/FatFs/src -O0 -ffunction-sections -fdata-sections -Wall -fstack-usage -MMD -MP -MF"Drivers/STM32G4xx_HAL_Driver/stm32g4xx_hal_rcc.d" -MT"Drivers/STM32G4xx_HAL_Driver/stm32g4xx_hal_rcc.o" --specs=nano.specs -mfpu=fpv4-sp-d16 -mfloat-abi=hard -mthumb -o "Drivers/STM32G4xx_HAL_Driver/stm32g4xx_hal_rcc.o"
arm-none-eabi-gcc "C:/Users/mmoro/STM32Cube/Repository/STM32Cube_FW_G4_V1.1.0/Drivers/STM32G4xx_HAL_Driver/Src/stm32g4xx_hal_rcc_ex.c" -mcpu=cortex-m4 -std=gnu11 -g3 -DUSE_HAL_DRIVER -DSTM32G474xx -DDEBUG -c -I../FATFS/App -IC:/Users/galla/STM32Cube/Repository/STM32Cube_FW_G4_V1.1.0/Drivers/STM32G4xx_HAL_Driver/Inc/Legacy -IC:/Users/mmoro/STM32Cube/Repository/STM32Cube_FW_G4_V1.1.0/Drivers/CMSIS/Include -IC:/Users/galla/STM32Cube/Repository/STM32Cube_FW_G4_V1.1.0/Drivers/CMSIS/Device/ST/STM32G4xx/Include -IC:/Users/mmoro/STM32Cube/Repository/STM32Cube_FW_G4_V1.1.0/Drivers/STM32G4xx_HAL_Driver/Inc/Legacy -IC:/Users/mmoro/STM32Cube/Repository/STM32Cube_FW_G4_V1.1.0/Middlewares/Third_Party/FatFs/src -IC:/Users/galla/STM32Cube/Repository/STM32Cube_FW_G4_V1.1.0/Drivers/STM32G4xx_HAL_Driver/Inc -IC:/Users/mmoro/STM32Cube/Repository/STM32Cube_FW_G4_V1.1.0/Drivers/CMSIS/Device/ST/STM32G4xx/Include -IC:/Users/mmoro/STM32Cube/Repository/STM32Cube_FW_G4_V1.1.0/Drivers/STM32G4xx_HAL_Driver/Inc -I../Core/Inc -I../FATFS/Target -IC:/Users/galla/STM32Cube/Repository/STM32Cube_FW_G4_V1.1.0/Drivers/CMSIS/Include -IC:/Users/galla/STM32Cube/Repository/STM32Cube_FW_G4_V1.1.0/Middlewares/Third_Party/FatFs/src -O0 -ffunction-sections -fdata-sections -Wall -fstack-usage -MMD -MP -MF"Drivers/STM32G4xx_HAL_Driver/stm32g4xx_hal_rcc_ex.d" -MT"Drivers/STM32G4xx_HAL_Driver/stm32g4xx_hal_rcc_ex.o" --specs=nano.specs -mfpu=fpv4-sp-d16 -mfloat-abi=hard -mthumb -o "Drivers/STM32G4xx_HAL_Driver/stm32g4xx_hal_rcc_ex.o"
arm-none-eabi-gcc "C:/Users/mmoro/STM32Cube/Repository/STM32Cube_FW_G4_V1.1.0/Drivers/STM32G4xx_HAL_Driver/Src/stm32g4xx_hal_rtc.c" -mcpu=cortex-m4 -std=gnu11 -g3 -DUSE_HAL_DRIVER -DSTM32G474xx -DDEBUG -c -I../FATFS/App -IC:/Users/galla/STM32Cube/Repository/STM32Cube_FW_G4_V1.1.0/Drivers/STM32G4xx_HAL_Driver/Inc/Legacy -IC:/Users/mmoro/STM32Cube/Repository/STM32Cube_FW_G4_V1.1.0/Drivers/CMSIS/Include -IC:/Users/galla/STM32Cube/Repository/STM32Cube_FW_G4_V1.1.0/Drivers/CMSIS/Device/ST/STM32G4xx/Include -IC:/Users/mmoro/STM32Cube/Repository/STM32Cube_FW_G4_V1.1.0/Drivers/STM32G4xx_HAL_Driver/Inc/Legacy -IC:/Users/mmoro/STM32Cube/Repository/STM32Cube_FW_G4_V1.1.0/Middlewares/Third_Party/FatFs/src -IC:/Users/galla/STM32Cube/Repository/STM32Cube_FW_G4_V1.1.0/Drivers/STM32G4xx_HAL_Driver/Inc -IC:/Users/mmoro/STM32Cube/Repository/STM32Cube_FW_G4_V1.1.0/Drivers/CMSIS/Device/ST/STM32G4xx/Include -IC:/Users/mmoro/STM32Cube/Repository/STM32Cube_FW_G4_V1.1.0/Drivers/STM32G4xx_HAL_Driver/Inc -I../Core/Inc -I../FATFS/Target -IC:/Users/galla/STM32Cube/Repository/STM32Cube_FW_G4_V1.1.0/Drivers/CMSIS/Include -IC:/Users/galla/STM32Cube/Repository/STM32Cube_FW_G4_V1.1.0/Middlewares/Third_Party/FatFs/src -O0 -ffunction-sections -fdata-sections -Wall -fstack-usage -MMD -MP -MF"Drivers/STM32G4xx_HAL_Driver/stm32g4xx_hal_rtc.d" -MT"Drivers/STM32G4xx_HAL_Driver/stm32g4xx_hal_rtc.o" --specs=nano.specs -mfpu=fpv4-sp-d16 -mfloat-abi=hard -mthumb -o "Drivers/STM32G4xx_HAL_Driver/stm32g4xx_hal_rtc.o"
arm-none-eabi-gcc "C:/Users/mmoro/STM32Cube/Repository/STM32Cube_FW_G4_V1.1.0/Drivers/STM32G4xx_HAL_Driver/Src/stm32g4xx_hal_rtc_ex.c" -mcpu=cortex-m4 -std=gnu11 -g3 -DUSE_HAL_DRIVER -DSTM32G474xx -DDEBUG -c -I../FATFS/App -IC:/Users/galla/STM32Cube/Repository/STM32Cube_FW_G4_V1.1.0/Drivers/STM32G4xx_HAL_Driver/Inc/Legacy -IC:/Users/mmoro/STM32Cube/Repository/STM32Cube_FW_G4_V1.1.0/Drivers/CMSIS/Include -IC:/Users/galla/STM32Cube/Repository/STM32Cube_FW_G4_V1.1.0/Drivers/CMSIS/Device/ST/STM32G4xx/Include -IC:/Users/mmoro/STM32Cube/Repository/STM32Cube_FW_G4_V1.1.0/Drivers/STM32G4xx_HAL_Driver/Inc/Legacy -IC:/Users/mmoro/STM32Cube/Repository/STM32Cube_FW_G4_V1.1.0/Middlewares/Third_Party/FatFs/src -IC:/Users/galla/STM32Cube/Repository/STM32Cube_FW_G4_V1.1.0/Drivers/STM32G4xx_HAL_Driver/Inc -IC:/Users/mmoro/STM32Cube/Repository/STM32Cube_FW_G4_V1.1.0/Drivers/CMSIS/Device/ST/STM32G4xx/Include -IC:/Users/mmoro/STM32Cube/Repository/STM32Cube_FW_G4_V1.1.0/Drivers/STM32G4xx_HAL_Driver/Inc -I../Core/Inc -I../FATFS/Target -IC:/Users/galla/STM32Cube/Repository/STM32Cube_FW_G4_V1.1.0/Drivers/CMSIS/Include -IC:/Users/galla/STM32Cube/Repository/STM32Cube_FW_G4_V1.1.0/Middlewares/Third_Party/FatFs/src -O0 -ffunction-sections -fdata-sections -Wall -fstack-usage -MMD -MP -MF"Drivers/STM32G4xx_HAL_Driver/stm32g4xx_hal_rtc_ex.d" -MT"Drivers/STM32G4xx_HAL_Driver/stm32g4xx_hal_rtc_ex.o" --specs=nano.specs -mfpu=fpv4-sp-d16 -mfloat-abi=hard -mthumb -o "Drivers/STM32G4xx_HAL_Driver/stm32g4xx_hal_rtc_ex.o"
arm-none-eabi-gcc "C:/Users/mmoro/STM32Cube/Repository/STM32Cube_FW_G4_V1.1.0/Drivers/STM32G4xx_HAL_Driver/Src/stm32g4xx_hal_spi.c" -mcpu=cortex-m4 -std=gnu11 -g3 -DUSE_HAL_DRIVER -DSTM32G474xx -DDEBUG -c -I../FATFS/App -IC:/Users/galla/STM32Cube/Repository/STM32Cube_FW_G4_V1.1.0/Drivers/STM32G4xx_HAL_Driver/Inc/Legacy -IC:/Users/mmoro/STM32Cube/Repository/STM32Cube_FW_G4_V1.1.0/Drivers/CMSIS/Include -IC:/Users/galla/STM32Cube/Repository/STM32Cube_FW_G4_V1.1.0/Drivers/CMSIS/Device/ST/STM32G4xx/Include -IC:/Users/mmoro/STM32Cube/Repository/STM32Cube_FW_G4_V1.1.0/Drivers/STM32G4xx_HAL_Driver/Inc/Legacy -IC:/Users/mmoro/STM32Cube/Repository/STM32Cube_FW_G4_V1.1.0/Middlewares/Third_Party/FatFs/src -IC:/Users/galla/STM32Cube/Repository/STM32Cube_FW_G4_V1.1.0/Drivers/STM32G4xx_HAL_Driver/Inc -IC:/Users/mmoro/STM32Cube/Repository/STM32Cube_FW_G4_V1.1.0/Drivers/CMSIS/Device/ST/STM32G4xx/Include -IC:/Users/mmoro/STM32Cube/Repository/STM32Cube_FW_G4_V1.1.0/Drivers/STM32G4xx_HAL_Driver/Inc -I../Core/Inc -I../FATFS/Target -IC:/Users/galla/STM32Cube/Repository/STM32Cube_FW_G4_V1.1.0/Drivers/CMSIS/Include -IC:/Users/galla/STM32Cube/Repository/STM32Cube_FW_G4_V1.1.0/Middlewares/Third_Party/FatFs/src -O0 -ffunction-sections -fdata-sections -Wall -fstack-usage -MMD -MP -MF"Drivers/STM32G4xx_HAL_Driver/stm32g4xx_hal_spi.d" -MT"Drivers/STM32G4xx_HAL_Driver/stm32g4xx_hal_spi.o" --specs=nano.specs -mfpu=fpv4-sp-d16 -mfloat-abi=hard -mthumb -o "Drivers/STM32G4xx_HAL_Driver/stm32g4xx_hal_spi.o"
arm-none-eabi-gcc "C:/Users/mmoro/STM32Cube/Repository/STM32Cube_FW_G4_V1.1.0/Drivers/STM32G4xx_HAL_Driver/Src/stm32g4xx_hal_spi_ex.c" -mcpu=cortex-m4 -std=gnu11 -g3 -DUSE_HAL_DRIVER -DSTM32G474xx -DDEBUG -c -I../FATFS/App -IC:/Users/galla/STM32Cube/Repository/STM32Cube_FW_G4_V1.1.0/Drivers/STM32G4xx_HAL_Driver/Inc/Legacy -IC:/Users/mmoro/STM32Cube/Repository/STM32Cube_FW_G4_V1.1.0/Drivers/CMSIS/Include -IC:/Users/galla/STM32Cube/Repository/STM32Cube_FW_G4_V1.1.0/Drivers/CMSIS/Device/ST/STM32G4xx/Include -IC:/Users/mmoro/STM32Cube/Repository/STM32Cube_FW_G4_V1.1.0/Drivers/STM32G4xx_HAL_Driver/Inc/Legacy -IC:/Users/mmoro/STM32Cube/Repository/STM32Cube_FW_G4_V1.1.0/Middlewares/Third_Party/FatFs/src -IC:/Users/galla/STM32Cube/Repository/STM32Cube_FW_G4_V1.1.0/Drivers/STM32G4xx_HAL_Driver/Inc -IC:/Users/mmoro/STM32Cube/Repository/STM32Cube_FW_G4_V1.1.0/Drivers/CMSIS/Device/ST/STM32G4xx/Include -IC:/Users/mmoro/STM32Cube/Repository/STM32Cube_FW_G4_V1.1.0/Drivers/STM32G4xx_HAL_Driver/Inc -I../Core/Inc -I../FATFS/Target -IC:/Users/galla/STM32Cube/Repository/STM32Cube_FW_G4_V1.1.0/Drivers/CMSIS/Include -IC:/Users/galla/STM32Cube/Repository/STM32Cube_FW_G4_V1.1.0/Middlewares/Third_Party/FatFs/src -O0 -ffunction-sections -fdata-sections -Wall -fstack-usage -MMD -MP -MF"Drivers/STM32G4xx_HAL_Driver/stm32g4xx_hal_spi_ex.d" -MT"Drivers/STM32G4xx_HAL_Driver/stm32g4xx_hal_spi_ex.o" --specs=nano.specs -mfpu=fpv4-sp-d16 -mfloat-abi=hard -mthumb -o "Drivers/STM32G4xx_HAL_Driver/stm32g4xx_hal_spi_ex.o"
arm-none-eabi-gcc "C:/Users/mmoro/STM32Cube/Repository/STM32Cube_FW_G4_V1.1.0/Drivers/STM32G4xx_HAL_Driver/Src/stm32g4xx_hal_tim.c" -mcpu=cortex-m4 -std=gnu11 -g3 -DUSE_HAL_DRIVER -DSTM32G474xx -DDEBUG -c -I../FATFS/App -IC:/Users/galla/STM32Cube/Repository/STM32Cube_FW_G4_V1.1.0/Drivers/STM32G4xx_HAL_Driver/Inc/Legacy -IC:/Users/mmoro/STM32Cube/Repository/STM32Cube_FW_G4_V1.1.0/Drivers/CMSIS/Include -IC:/Users/galla/STM32Cube/Repository/STM32Cube_FW_G4_V1.1.0/Drivers/CMSIS/Device/ST/STM32G4xx/Include -IC:/Users/mmoro/STM32Cube/Repository/STM32Cube_FW_G4_V1.1.0/Drivers/STM32G4xx_HAL_Driver/Inc/Legacy -IC:/Users/mmoro/STM32Cube/Repository/STM32Cube_FW_G4_V1.1.0/Middlewares/Third_Party/FatFs/src -IC:/Users/galla/STM32Cube/Repository/STM32Cube_FW_G4_V1.1.0/Drivers/STM32G4xx_HAL_Driver/Inc -IC:/Users/mmoro/STM32Cube/Repository/STM32Cube_FW_G4_V1.1.0/Drivers/CMSIS/Device/ST/STM32G4xx/Include -IC:/Users/mmoro/STM32Cube/Repository/STM32Cube_FW_G4_V1.1.0/Drivers/STM32G4xx_HAL_Driver/Inc -I../Core/Inc -I../FATFS/Target -IC:/Users/galla/STM32Cube/Repository/STM32Cube_FW_G4_V1.1.0/Drivers/CMSIS/Include -IC:/Users/galla/STM32Cube/Repository/STM32Cube_FW_G4_V1.1.0/Middlewares/Third_Party/FatFs/src -O0 -ffunction-sections -fdata-sections -Wall -fstack-usage -MMD -MP -MF"Drivers/STM32G4xx_HAL_Driver/stm32g4xx_hal_tim.d" -MT"Drivers/STM32G4xx_HAL_Driver/stm32g4xx_hal_tim.o" --specs=nano.specs -mfpu=fpv4-sp-d16 -mfloat-abi=hard -mthumb -o "Drivers/STM32G4xx_HAL_Driver/stm32g4xx_hal_tim.o"
arm-none-eabi-gcc "C:/Users/mmoro/STM32Cube/Repository/STM32Cube_FW_G4_V1.1.0/Drivers/STM32G4xx_HAL_Driver/Src/stm32g4xx_hal_tim_ex.c" -mcpu=cortex-m4 -std=gnu11 -g3 -DUSE_HAL_DRIVER -DSTM32G474xx -DDEBUG -c -I../FATFS/App -IC:/Users/galla/STM32Cube/Repository/STM32Cube_FW_G4_V1.1.0/Drivers/STM32G4xx_HAL_Driver/Inc/Legacy -IC:/Users/mmoro/STM32Cube/Repository/STM32Cube_FW_G4_V1.1.0/Drivers/CMSIS/Include -IC:/Users/galla/STM32Cube/Repository/STM32Cube_FW_G4_V1.1.0/Drivers/CMSIS/Device/ST/STM32G4xx/Include -IC:/Users/mmoro/STM32Cube/Repository/STM32Cube_FW_G4_V1.1.0/Drivers/STM32G4xx_HAL_Driver/Inc/Legacy -IC:/Users/mmoro/STM32Cube/Repository/STM32Cube_FW_G4_V1.1.0/Middlewares/Third_Party/FatFs/src -IC:/Users/galla/STM32Cube/Repository/STM32Cube_FW_G4_V1.1.0/Drivers/STM32G4xx_HAL_Driver/Inc -IC:/Users/mmoro/STM32Cube/Repository/STM32Cube_FW_G4_V1.1.0/Drivers/CMSIS/Device/ST/STM32G4xx/Include -IC:/Users/mmoro/STM32Cube/Repository/STM32Cube_FW_G4_V1.1.0/Drivers/STM32G4xx_HAL_Driver/Inc -I../Core/Inc -I../FATFS/Target -IC:/Users/galla/STM32Cube/Repository/STM32Cube_FW_G4_V1.1.0/Drivers/CMSIS/Include -IC:/Users/galla/STM32Cube/Repository/STM32Cube_FW_G4_V1.1.0/Middlewares/Third_Party/FatFs/src -O0 -ffunction-sections -fdata-sections -Wall -fstack-usage -MMD -MP -MF"Drivers/STM32G4xx_HAL_Driver/stm32g4xx_hal_tim_ex.d" -MT"Drivers/STM32G4xx_HAL_Driver/stm32g4xx_hal_tim_ex.o" --specs=nano.specs -mfpu=fpv4-sp-d16 -mfloat-abi=hard -mthumb -o "Drivers/STM32G4xx_HAL_Driver/stm32g4xx_hal_tim_ex.o"
arm-none-eabi-gcc "C:/Users/mmoro/STM32Cube/Repository/STM32Cube_FW_G4_V1.1.0/Drivers/STM32G4xx_HAL_Driver/Src/stm32g4xx_hal_uart.c" -mcpu=cortex-m4 -std=gnu11 -g3 -DUSE_HAL_DRIVER -DSTM32G474xx -DDEBUG -c -I../FATFS/App -IC:/Users/galla/STM32Cube/Repository/STM32Cube_FW_G4_V1.1.0/Drivers/STM32G4xx_HAL_Driver/Inc/Legacy -IC:/Users/mmoro/STM32Cube/Repository/STM32Cube_FW_G4_V1.1.0/Drivers/CMSIS/Include -IC:/Users/galla/STM32Cube/Repository/STM32Cube_FW_G4_V1.1.0/Drivers/CMSIS/Device/ST/STM32G4xx/Include -IC:/Users/mmoro/STM32Cube/Repository/STM32Cube_FW_G4_V1.1.0/Drivers/STM32G4xx_HAL_Driver/Inc/Legacy -IC:/Users/mmoro/STM32Cube/Repository/STM32Cube_FW_G4_V1.1.0/Middlewares/Third_Party/FatFs/src -IC:/Users/galla/STM32Cube/Repository/STM32Cube_FW_G4_V1.1.0/Drivers/STM32G4xx_HAL_Driver/Inc -IC:/Users/mmoro/STM32Cube/Repository/STM32Cube_FW_G4_V1.1.0/Drivers/CMSIS/Device/ST/STM32G4xx/Include -IC:/Users/mmoro/STM32Cube/Repository/STM32Cube_FW_G4_V1.1.0/Drivers/STM32G4xx_HAL_Driver/Inc -I../Core/Inc -I../FATFS/Target -IC:/Users/galla/STM32Cube/Repository/STM32Cube_FW_G4_V1.1.0/Drivers/CMSIS/Include -IC:/Users/galla/STM32Cube/Repository/STM32Cube_FW_G4_V1.1.0/Middlewares/Third_Party/FatFs/src -O0 -ffunction-sections -fdata-sections -Wall -fstack-usage -MMD -MP -MF"Drivers/STM32G4xx_HAL_Driver/stm32g4xx_hal_uart.d" -MT"Drivers/STM32G4xx_HAL_Driver/stm32g4xx_hal_uart.o" --specs=nano.specs -mfpu=fpv4-sp-d16 -mfloat-abi=hard -mthumb -o "Drivers/STM32G4xx_HAL_Driver/stm32g4xx_hal_uart.o"
arm-none-eabi-gcc "C:/Users/mmoro/STM32Cube/Repository/STM32Cube_FW_G4_V1.1.0/Drivers/STM32G4xx_HAL_Driver/Src/stm32g4xx_hal_uart_ex.c" -mcpu=cortex-m4 -std=gnu11 -g3 -DUSE_HAL_DRIVER -DSTM32G474xx -DDEBUG -c -I../FATFS/App -IC:/Users/galla/STM32Cube/Repository/STM32Cube_FW_G4_V1.1.0/Drivers/STM32G4xx_HAL_Driver/Inc/Legacy -IC:/Users/mmoro/STM32Cube/Repository/STM32Cube_FW_G4_V1.1.0/Drivers/CMSIS/Include -IC:/Users/galla/STM32Cube/Repository/STM32Cube_FW_G4_V1.1.0/Drivers/CMSIS/Device/ST/STM32G4xx/Include -IC:/Users/mmoro/STM32Cube/Repository/STM32Cube_FW_G4_V1.1.0/Drivers/STM32G4xx_HAL_Driver/Inc/Legacy -IC:/Users/mmoro/STM32Cube/Repository/STM32Cube_FW_G4_V1.1.0/Middlewares/Third_Party/FatFs/src -IC:/Users/galla/STM32Cube/Repository/STM32Cube_FW_G4_V1.1.0/Drivers/STM32G4xx_HAL_Driver/Inc -IC:/Users/mmoro/STM32Cube/Repository/STM32Cube_FW_G4_V1.1.0/Drivers/CMSIS/Device/ST/STM32G4xx/Include -IC:/Users/mmoro/STM32Cube/Repository/STM32Cube_FW_G4_V1.1.0/Drivers/STM32G4xx_HAL_Driver/Inc -I../Core/Inc -I../FATFS/Target -IC:/Users/galla/STM32Cube/Repository/STM32Cube_FW_G4_V1.1.0/Drivers/CMSIS/Include -IC:/Users/galla/STM32Cube/Repository/STM32Cube_FW_G4_V1.1.0/Middlewares/Third_Party/FatFs/src -O0 -ffunction-sections -fdata-sections -Wall -fstack-usage -MMD -MP -MF"Drivers/STM32G4xx_HAL_Driver/stm32g4xx_hal_uart_ex.d" -MT"Drivers/STM32G4xx_HAL_Driver/stm32g4xx_hal_uart_ex.o" --specs=nano.specs -mfpu=fpv4-sp-d16 -mfloat-abi=hard -mthumb -o "Drivers/STM32G4xx_HAL_Driver/stm32g4xx_hal_uart_ex.o"
arm-none-eabi-gcc "C:/Users/mmoro/STM32Cube/Repository/STM32Cube_FW_G4_V1.1.0/Drivers/STM32G4xx_HAL_Driver/Src/stm32g4xx_ll_pwr.c" -mcpu=cortex-m4 -std=gnu11 -g3 -DUSE_HAL_DRIVER -DSTM32G474xx -DDEBUG -c -I../FATFS/App -IC:/Users/galla/STM32Cube/Repository/STM32Cube_FW_G4_V1.1.0/Drivers/STM32G4xx_HAL_Driver/Inc/Legacy -IC:/Users/mmoro/STM32Cube/Repository/STM32Cube_FW_G4_V1.1.0/Drivers/CMSIS/Include -IC:/Users/galla/STM32Cube/Repository/STM32Cube_FW_G4_V1.1.0/Drivers/CMSIS/Device/ST/STM32G4xx/Include -IC:/Users/mmoro/STM32Cube/Repository/STM32Cube_FW_G4_V1.1.0/Drivers/STM32G4xx_HAL_Driver/Inc/Legacy -IC:/Users/mmoro/STM32Cube/Repository/STM32Cube_FW_G4_V1.1.0/Middlewares/Third_Party/FatFs/src -IC:/Users/galla/STM32Cube/Repository/STM32Cube_FW_G4_V1.1.0/Drivers/STM32G4xx_HAL_Driver/Inc -IC:/Users/mmoro/STM32Cube/Repository/STM32Cube_FW_G4_V1.1.0/Drivers/CMSIS/Device/ST/STM32G4xx/Include -IC:/Users/mmoro/STM32Cube/Repository/STM32Cube_FW_G4_V1.1.0/Drivers/STM32G4xx_HAL_Driver/Inc -I../Core/Inc -I../FATFS/Target -IC:/Users/galla/STM32Cube/Repository/STM32Cube_FW_G4_V1.1.0/Drivers/CMSIS/Include -IC:/Users/galla/STM32Cube/Repository/STM32Cube_FW_G4_V1.1.0/Middlewares/Third_Party/FatFs/src -O0 -ffunction-sections -fdata-sections -Wall -fstack-usage -MMD -MP -MF"Drivers/STM32G4xx_HAL_Driver/stm32g4xx_ll_pwr.d" -MT"Drivers/STM32G4xx_HAL_Driver/stm32g4xx_ll_pwr.o" --specs=nano.specs -mfpu=fpv4-sp-d16 -mfloat-abi=hard -mthumb -o "Drivers/STM32G4xx_HAL_Driver/stm32g4xx_ll_pwr.o"
arm-none-eabi-gcc -mcpu=cortex-m4 -g3 -c -x assembler-with-cpp --specs=nano.specs -mfpu=fpv4-sp-d16 -mfloat-abi=hard -mthumb -o "Core/Startup/startup_stm32g474retx.o" "../Core/Startup/startup_stm32g474retx.s"
arm-none-eabi-gcc "../Core/Src/fdcan.c" -mcpu=cortex-m4 -std=gnu11 -g3 -DUSE_HAL_DRIVER -DSTM32G474xx -DDEBUG -c -I../FATFS/App -IC:/Users/galla/STM32Cube/Repository/STM32Cube_FW_G4_V1.1.0/Drivers/STM32G4xx_HAL_Driver/Inc/Legacy -IC:/Users/mmoro/STM32Cube/Repository/STM32Cube_FW_G4_V1.1.0/Drivers/CMSIS/Include -IC:/Users/galla/STM32Cube/Repository/STM32Cube_FW_G4_V1.1.0/Drivers/CMSIS/Device/ST/STM32G4xx/Include -IC:/Users/mmoro/STM32Cube/Repository/STM32Cube_FW_G4_V1.1.0/Drivers/STM32G4xx_HAL_Driver/Inc/Legacy -IC:/Users/mmoro/STM32Cube/Repository/STM32Cube_FW_G4_V1.1.0/Middlewares/Third_Party/FatFs/src -IC:/Users/galla/STM32Cube/Repository/STM32Cube_FW_G4_V1.1.0/Drivers/STM32G4xx_HAL_Driver/Inc -IC:/Users/mmoro/STM32Cube/Repository/STM32Cube_FW_G4_V1.1.0/Drivers/CMSIS/Device/ST/STM32G4xx/Include -IC:/Users/mmoro/STM32Cube/Repository/STM32Cube_FW_G4_V1.1.0/Drivers/STM32G4xx_HAL_Driver/Inc -I../Core/Inc -I../FATFS/Target -IC:/Users/galla/STM32Cube/Repository/STM32Cube_FW_G4_V1.1.0/Drivers/CMSIS/Include -IC:/Users/galla/STM32Cube/Repository/STM32Cube_FW_G4_V1.1.0/Middlewares/Third_Party/FatFs/src -O0 -ffunction-sections -fdata-sections -Wall -fstack-usage -MMD -MP -MF"Core/Src/fdcan.d" -MT"Core/Src/fdcan.o" --specs=nano.specs -mfpu=fpv4-sp-d16 -mfloat-abi=hard -mthumb -o "Core/Src/fdcan.o"
arm-none-eabi-gcc "../Core/Src/gpio.c" -mcpu=cortex-m4 -std=gnu11 -g3 -DUSE_HAL_DRIVER -DSTM32G474xx -DDEBUG -c -I../FATFS/App -IC:/Users/galla/STM32Cube/Repository/STM32Cube_FW_G4_V1.1.0/Drivers/STM32G4xx_HAL_Driver/Inc/Legacy -IC:/Users/mmoro/STM32Cube/Repository/STM32Cube_FW_G4_V1.1.0/Drivers/CMSIS/Include -IC:/Users/galla/STM32Cube/Repository/STM32Cube_FW_G4_V1.1.0/Drivers/CMSIS/Device/ST/STM32G4xx/Include -IC:/Users/mmoro/STM32Cube/Repository/STM32Cube_FW_G4_V1.1.0/Drivers/STM32G4xx_HAL_Driver/Inc/Legacy -IC:/Users/mmoro/STM32Cube/Repository/STM32Cube_FW_G4_V1.1.0/Middlewares/Third_Party/FatFs/src -IC:/Users/galla/STM32Cube/Repository/STM32Cube_FW_G4_V1.1.0/Drivers/STM32G4xx_HAL_Driver/Inc -IC:/Users/mmoro/STM32Cube/Repository/STM32Cube_FW_G4_V1.1.0/Drivers/CMSIS/Device/ST/STM32G4xx/Include -IC:/Users/mmoro/STM32Cube/Repository/STM32Cube_FW_G4_V1.1.0/Drivers/STM32G4xx_HAL_Driver/Inc -I../Core/Inc -I../FATFS/Target -IC:/Users/galla/STM32Cube/Repository/STM32Cube_FW_G4_V1.1.0/Drivers/CMSIS/Include -IC:/Users/galla/STM32Cube/Repository/STM32Cube_FW_G4_V1.1.0/Middlewares/Third_Party/FatFs/src -O0 -ffunction-sections -fdata-sections -Wall -fstack-usage -MMD -MP -MF"Core/Src/gpio.d" -MT"Core/Src/gpio.o" --specs=nano.specs -mfpu=fpv4-sp-d16 -mfloat-abi=hard -mthumb -o "Core/Src/gpio.o"
arm-none-eabi-gcc "../Core/Src/main.c" -mcpu=cortex-m4 -std=gnu11 -g3 -DUSE_HAL_DRIVER -DSTM32G474xx -DDEBUG -c -I../FATFS/App -IC:/Users/galla/STM32Cube/Repository/STM32Cube_FW_G4_V1.1.0/Drivers/STM32G4xx_HAL_Driver/Inc/Legacy -IC:/Users/mmoro/STM32Cube/Repository/STM32Cube_FW_G4_V1.1.0/Drivers/CMSIS/Include -IC:/Users/galla/STM32Cube/Repository/STM32Cube_FW_G4_V1.1.0/Drivers/CMSIS/Device/ST/STM32G4xx/Include -IC:/Users/mmoro/STM32Cube/Repository/STM32Cube_FW_G4_V1.1.0/Drivers/STM32G4xx_HAL_Driver/Inc/Legacy -IC:/Users/mmoro/STM32Cube/Repository/STM32Cube_FW_G4_V1.1.0/Middlewares/Third_Party/FatFs/src -IC:/Users/galla/STM32Cube/Repository/STM32Cube_FW_G4_V1.1.0/Drivers/STM32G4xx_HAL_Driver/Inc -IC:/Users/mmoro/STM32Cube/Repository/STM32Cube_FW_G4_V1.1.0/Drivers/CMSIS/Device/ST/STM32G4xx/Include -IC:/Users/mmoro/STM32Cube/Repository/STM32Cube_FW_G4_V1.1.0/Drivers/STM32G4xx_HAL_Driver/Inc -I../Core/Inc -I../FATFS/Target -IC:/Users/galla/STM32Cube/Repository/STM32Cube_FW_G4_V1.1.0/Drivers/CMSIS/Include -IC:/Users/galla/STM32Cube/Repository/STM32Cube_FW_G4_V1.1.0/Middlewares/Third_Party/FatFs/src -O0 -ffunction-sections -fdata-sections -Wall -fstack-usage -MMD -MP -MF"Core/Src/main.d" -MT"Core/Src/main.o" --specs=nano.specs -mfpu=fpv4-sp-d16 -mfloat-abi=hard -mthumb -o "Core/Src/main.o"
arm-none-eabi-gcc "../Core/Src/rtc.c" -mcpu=cortex-m4 -std=gnu11 -g3 -DUSE_HAL_DRIVER -DSTM32G474xx -DDEBUG -c -I../FATFS/App -IC:/Users/galla/STM32Cube/Repository/STM32Cube_FW_G4_V1.1.0/Drivers/STM32G4xx_HAL_Driver/Inc/Legacy -IC:/Users/mmoro/STM32Cube/Repository/STM32Cube_FW_G4_V1.1.0/Drivers/CMSIS/Include -IC:/Users/galla/STM32Cube/Repository/STM32Cube_FW_G4_V1.1.0/Drivers/CMSIS/Device/ST/STM32G4xx/Include -IC:/Users/mmoro/STM32Cube/Repository/STM32Cube_FW_G4_V1.1.0/Drivers/STM32G4xx_HAL_Driver/Inc/Legacy -IC:/Users/mmoro/STM32Cube/Repository/STM32Cube_FW_G4_V1.1.0/Middlewares/Third_Party/FatFs/src -IC:/Users/galla/STM32Cube/Repository/STM32Cube_FW_G4_V1.1.0/Drivers/STM32G4xx_HAL_Driver/Inc -IC:/Users/mmoro/STM32Cube/Repository/STM32Cube_FW_G4_V1.1.0/Drivers/CMSIS/Device/ST/STM32G4xx/Include -IC:/Users/mmoro/STM32Cube/Repository/STM32Cube_FW_G4_V1.1.0/Drivers/STM32G4xx_HAL_Driver/Inc -I../Core/Inc -I../FATFS/Target -IC:/Users/galla/STM32Cube/Repository/STM32Cube_FW_G4_V1.1.0/Drivers/CMSIS/Include -IC:/Users/galla/STM32Cube/Repository/STM32Cube_FW_G4_V1.1.0/Middlewares/Third_Party/FatFs/src -O0 -ffunction-sections -fdata-sections -Wall -fstack-usage -MMD -MP -MF"Core/Src/rtc.d" -MT"Core/Src/rtc.o" --specs=nano.specs -mfpu=fpv4-sp-d16 -mfloat-abi=hard -mthumb -o "Core/Src/rtc.o"
arm-none-eabi-gcc "../Core/Src/spi.c" -mcpu=cortex-m4 -std=gnu11 -g3 -DUSE_HAL_DRIVER -DSTM32G474xx -DDEBUG -c -I../FATFS/App -IC:/Users/galla/STM32Cube/Repository/STM32Cube_FW_G4_V1.1.0/Drivers/STM32G4xx_HAL_Driver/Inc/Legacy -IC:/Users/mmoro/STM32Cube/Repository/STM32Cube_FW_G4_V1.1.0/Drivers/CMSIS/Include -IC:/Users/galla/STM32Cube/Repository/STM32Cube_FW_G4_V1.1.0/Drivers/CMSIS/Device/ST/STM32G4xx/Include -IC:/Users/mmoro/STM32Cube/Repository/STM32Cube_FW_G4_V1.1.0/Drivers/STM32G4xx_HAL_Driver/Inc/Legacy -IC:/Users/mmoro/STM32Cube/Repository/STM32Cube_FW_G4_V1.1.0/Middlewares/Third_Party/FatFs/src -IC:/Users/galla/STM32Cube/Repository/STM32Cube_FW_G4_V1.1.0/Drivers/STM32G4xx_HAL_Driver/Inc -IC:/Users/mmoro/STM32Cube/Repository/STM32Cube_FW_G4_V1.1.0/Drivers/CMSIS/Device/ST/STM32G4xx/Include -IC:/Users/mmoro/STM32Cube/Repository/STM32Cube_FW_G4_V1.1.0/Drivers/STM32G4xx_HAL_Driver/Inc -I../Core/Inc -I../FATFS/Target -IC:/Users/galla/STM32Cube/Repository/STM32Cube_FW_G4_V1.1.0/Drivers/CMSIS/Include -IC:/Users/galla/STM32Cube/Repository/STM32Cube_FW_G4_V1.1.0/Middlewares/Third_Party/FatFs/src -O0 -ffunction-sections -fdata-sections -Wall -fstack-usage -MMD -MP -MF"Core/Src/spi.d" -MT"Core/Src/spi.o" --specs=nano.specs -mfpu=fpv4-sp-d16 -mfloat-abi=hard -mthumb -o "Core/Src/spi.o"
arm-none-eabi-gcc "../Core/Src/stm32g4xx_hal_msp.c" -mcpu=cortex-m4 -std=gnu11 -g3 -DUSE_HAL_DRIVER -DSTM32G474xx -DDEBUG -c -I../FATFS/App -IC:/Users/galla/STM32Cube/Repository/STM32Cube_FW_G4_V1.1.0/Drivers/STM32G4xx_HAL_Driver/Inc/Legacy -IC:/Users/mmoro/STM32Cube/Repository/STM32Cube_FW_G4_V1.1.0/Drivers/CMSIS/Include -IC:/Users/galla/STM32Cube/Repository/STM32Cube_FW_G4_V1.1.0/Drivers/CMSIS/Device/ST/STM32G4xx/Include -IC:/Users/mmoro/STM32Cube/Repository/STM32Cube_FW_G4_V1.1.0/Drivers/STM32G4xx_HAL_Driver/Inc/Legacy -IC:/Users/mmoro/STM32Cube/Repository/STM32Cube_FW_G4_V1.1.0/Middlewares/Third_Party/FatFs/src -IC:/Users/galla/STM32Cube/Repository/STM32Cube_FW_G4_V1.1.0/Drivers/STM32G4xx_HAL_Driver/Inc -IC:/Users/mmoro/STM32Cube/Repository/STM32Cube_FW_G4_V1.1.0/Drivers/CMSIS/Device/ST/STM32G4xx/Include -IC:/Users/mmoro/STM32Cube/Repository/STM32Cube_FW_G4_V1.1.0/Drivers/STM32G4xx_HAL_Driver/Inc -I../Core/Inc -I../FATFS/Target -IC:/Users/galla/STM32Cube/Repository/STM32Cube_FW_G4_V1.1.0/Drivers/CMSIS/Include -IC:/Users/galla/STM32Cube/Repository/STM32Cube_FW_G4_V1.1.0/Middlewares/Third_Party/FatFs/src -O0 -ffunction-sections -fdata-sections -Wall -fstack-usage -MMD -MP -MF"Core/Src/stm32g4xx_hal_msp.d" -MT"Core/Src/stm32g4xx_hal_msp.o" --specs=nano.specs -mfpu=fpv4-sp-d16 -mfloat-abi=hard -mthumb -o "Core/Src/stm32g4xx_hal_msp.o"
../Core/Src/main.c: In function 'main':
../Core/Src/main.c:227:32: warning: passing argument 2 of 'f_open' from incompatible pointer type [-Wincompatible-pointer-types]
       res = f_open(&writeFile, &path1, FA_CREATE_ALWAYS);
                                ^
In file included from ../FATFS/App/app_fatfs.h:26:0,
                 from ../Core/Src/main.c:23:
C:/Users/mmoro/STM32Cube/Repository/STM32Cube_FW_G4_V1.1.0/Middlewares/Third_Party/FatFs/src/ff.h:242:9: note: expected 'const TCHAR * {aka const char *}' but argument is of type 'uint8_t (*)[10] {aka unsigned char (*)[10]}'
 FRESULT f_open (FIL* fp, const TCHAR* path, BYTE mode);    /* Open or create a file */
         ^~~~~~
../Core/Src/main.c:262:4: warning: "/*" within comment [-Wcomment]
   }/*
     
../Core/Src/main.c:263:37: warning: "/*" within comment [-Wcomment]
   uint32_t byteswritten, bytesread; /* File write/read counts
                                      
../Core/Src/main.c:264:79: warning: "/*" within comment [-Wcomment]
   uint8_t wtext[] = "This is STM32 working with FatFs and uSD diskio driver"; /* File write buffer */
                                                                                
../Core/Src/main.c:265:25: warning: "/*" within comment [-Wcomment]
   /*uint8_t rtext[100]; /* File read buffer */
                          
../Core/Src/main.c:270:3: warning: "/*" within comment [-Wcomment]
   /* Register the file system object to the FatFs module */
    
../Core/Src/main.c:277:3: warning: "/*" within comment [-Wcomment]
   /* Create and Open a new text file object with write access */
    
../Core/Src/main.c:210:19: warning: unused variable 'res1' [-Wunused-variable]
       FRESULT res,res1; /* FatFs function common result code */
                   ^~~~
../Core/Src/main.c:208:20: warning: unused variable 'readFile' [-Wunused-variable]
       FIL USERFile,readFile,writeFile;       /* File  object for USER */
                    ^~~~~~~~
../Core/Src/main.c:208:11: warning: unused variable 'USERFile' [-Wunused-variable]
       FIL USERFile,readFile,writeFile;       /* File  object for USER */
           ^~~~~~~~
../Core/Src/main.c:193:14: warning: unused variable 'aug' [-Wunused-variable]
     uint16_t aug=3456;
              ^~~
../Core/Src/main.c: In function 'PuntaeSepara':
../Core/Src/main.c:489:20: warning: pointer targets in passing argument 1 of 'chartotime' differ in signedness [-Wpointer-sign]
    time=chartotime(readBuff,0,h);
                    ^~~~~~~~
../Core/Src/main.c:470:10: note: expected 'char *' but argument is of type 'uint8_t * {aka unsigned char *}'
 uint32_t chartotime(char* buff,uint8_t off, uint8_t leng ){
          ^~~~~~~~~~
../Core/Src/main.c:495:20: warning: pointer targets in passing argument 1 of 'chartocurr' differ in signedness [-Wpointer-sign]
    curr=chartocurr(readBuff,h+1,e-h);
                    ^~~~~~~~
../Core/Src/main.c:477:9: note: expected 'char *' but argument is of type 'uint8_t * {aka unsigned char *}'
 int32_t chartocurr(char* buff,uint8_t off, uint8_t leng ){
         ^~~~~~~~~~
../Core/Src/main.c: In function 'leggi':
../Core/Src/main.c:509:26: warning: passing argument 2 of 'f_open' from incompatible pointer type [-Wincompatible-pointer-types]
  res = f_open(&readFile, &path1, FA_READ);
                          ^
In file included from ../FATFS/App/app_fatfs.h:26:0,
                 from ../Core/Src/main.c:23:
C:/Users/mmoro/STM32Cube/Repository/STM32Cube_FW_G4_V1.1.0/Middlewares/Third_Party/FatFs/src/ff.h:242:9: note: expected 'const TCHAR * {aka const char *}' but argument is of type 'uint8_t (*)[12] {aka unsigned char (*)[12]}'
 FRESULT f_open (FIL* fp, const TCHAR* path, BYTE mode);    /* Open or create a file */
         ^~~~~~
../Core/Src/main.c:511:39: warning: passing argument 4 of 'f_read' from incompatible pointer type [-Wincompatible-pointer-types]
  res = f_read(&readFile,readBuff, 34, &br);
                                       ^
In file included from ../FATFS/App/app_fatfs.h:26:0,
                 from ../Core/Src/main.c:23:
C:/Users/mmoro/STM32Cube/Repository/STM32Cube_FW_G4_V1.1.0/Middlewares/Third_Party/FatFs/src/ff.h:244:9: note: expected 'UINT * {aka unsigned int *}' but argument is of type 'uint8_t * {aka unsigned char *}'
 FRESULT f_read (FIL* fp, void* buff, UINT btr, UINT* br);   /* Read data from the file */
         ^~~~~~
../Core/Src/main.c:512:31: warning: pointer targets in passing argument 1 of 'PuntaeSepara' differ in signedness [-Wpointer-sign]
  indice =indice+ PuntaeSepara(readBuff);
                               ^~~~~~~~
../Core/Src/main.c:484:10: note: expected 'char *' but argument is of type 'uint8_t * {aka unsigned char *}'
 uint32_t PuntaeSepara(char* buff){
          ^~~~~~~~~~~~
../Core/Src/main.c:507:10: warning: unused variable 'bytesWrote' [-Wunused-variable]
  uint8_t bytesWrote;
          ^~~~~~~~~~
../Core/Src/main.c:506:7: warning: unused variable 'USERPath' [-Wunused-variable]
  char USERPath[4];   /* USER logical drive path */
       ^~~~~~~~
../Core/Src/main.c: In function 'scrivi':
../Core/Src/main.c:526:27: warning: passing argument 2 of 'f_open' from incompatible pointer type [-Wincompatible-pointer-types]
  res = f_open(&writeFile, &path1, FA_CREATE_ALWAYS);
                           ^
In file included from ../FATFS/App/app_fatfs.h:26:0,
                 from ../Core/Src/main.c:23:
C:/Users/mmoro/STM32Cube/Repository/STM32Cube_FW_G4_V1.1.0/Middlewares/Third_Party/FatFs/src/ff.h:242:9: note: expected 'const TCHAR * {aka const char *}' but argument is of type 'uint8_t (*)[10] {aka unsigned char (*)[10]}'
 FRESULT f_open (FIL* fp, const TCHAR* path, BYTE mode);    /* Open or create a file */
         ^~~~~~
../Core/Src/main.c:528:27: warning: passing argument 2 of 'f_open' from incompatible pointer type [-Wincompatible-pointer-types]
  res = f_open(&writeFile, &path1, FA_WRITE | FA_OPEN_ALWAYS);
                           ^
In file included from ../FATFS/App/app_fatfs.h:26:0,
                 from ../Core/Src/main.c:23:
C:/Users/mmoro/STM32Cube/Repository/STM32Cube_FW_G4_V1.1.0/Middlewares/Third_Party/FatFs/src/ff.h:242:9: note: expected 'const TCHAR * {aka const char *}' but argument is of type 'uint8_t (*)[10] {aka unsigned char (*)[10]}'
 FRESULT f_open (FIL* fp, const TCHAR* path, BYTE mode);    /* Open or create a file */
         ^~~~~~
../Core/Src/main.c:523:10: warning: unused variable 'bytesWrote' [-Wunused-variable]
  uint8_t bytesWrote;
          ^~~~~~~~~~
../Core/Src/main.c:522:7: warning: unused variable 'USERPath' [-Wunused-variable]
  char USERPath[4];   /* USER logical drive path */
       ^~~~~~~~
arm-none-eabi-gcc "../Core/Src/stm32g4xx_it.c" -mcpu=cortex-m4 -std=gnu11 -g3 -DUSE_HAL_DRIVER -DSTM32G474xx -DDEBUG -c -I../FATFS/App -IC:/Users/galla/STM32Cube/Repository/STM32Cube_FW_G4_V1.1.0/Drivers/STM32G4xx_HAL_Driver/Inc/Legacy -IC:/Users/mmoro/STM32Cube/Repository/STM32Cube_FW_G4_V1.1.0/Drivers/CMSIS/Include -IC:/Users/galla/STM32Cube/Repository/STM32Cube_FW_G4_V1.1.0/Drivers/CMSIS/Device/ST/STM32G4xx/Include -IC:/Users/mmoro/STM32Cube/Repository/STM32Cube_FW_G4_V1.1.0/Drivers/STM32G4xx_HAL_Driver/Inc/Legacy -IC:/Users/mmoro/STM32Cube/Repository/STM32Cube_FW_G4_V1.1.0/Middlewares/Third_Party/FatFs/src -IC:/Users/galla/STM32Cube/Repository/STM32Cube_FW_G4_V1.1.0/Drivers/STM32G4xx_HAL_Driver/Inc -IC:/Users/mmoro/STM32Cube/Repository/STM32Cube_FW_G4_V1.1.0/Drivers/CMSIS/Device/ST/STM32G4xx/Include -IC:/Users/mmoro/STM32Cube/Repository/STM32Cube_FW_G4_V1.1.0/Drivers/STM32G4xx_HAL_Driver/Inc -I../Core/Inc -I../FATFS/Target -IC:/Users/galla/STM32Cube/Repository/STM32Cube_FW_G4_V1.1.0/Drivers/CMSIS/Include -IC:/Users/galla/STM32Cube/Repository/STM32Cube_FW_G4_V1.1.0/Middlewares/Third_Party/FatFs/src -O0 -ffunction-sections -fdata-sections -Wall -fstack-usage -MMD -MP -MF"Core/Src/stm32g4xx_it.d" -MT"Core/Src/stm32g4xx_it.o" --specs=nano.specs -mfpu=fpv4-sp-d16 -mfloat-abi=hard -mthumb -o "Core/Src/stm32g4xx_it.o"
arm-none-eabi-gcc "../Core/Src/sys.c" -mcpu=cortex-m4 -std=gnu11 -g3 -DUSE_HAL_DRIVER -DSTM32G474xx -DDEBUG -c -I../FATFS/App -IC:/Users/galla/STM32Cube/Repository/STM32Cube_FW_G4_V1.1.0/Drivers/STM32G4xx_HAL_Driver/Inc/Legacy -IC:/Users/mmoro/STM32Cube/Repository/STM32Cube_FW_G4_V1.1.0/Drivers/CMSIS/Include -IC:/Users/galla/STM32Cube/Repository/STM32Cube_FW_G4_V1.1.0/Drivers/CMSIS/Device/ST/STM32G4xx/Include -IC:/Users/mmoro/STM32Cube/Repository/STM32Cube_FW_G4_V1.1.0/Drivers/STM32G4xx_HAL_Driver/Inc/Legacy -IC:/Users/mmoro/STM32Cube/Repository/STM32Cube_FW_G4_V1.1.0/Middlewares/Third_Party/FatFs/src -IC:/Users/galla/STM32Cube/Repository/STM32Cube_FW_G4_V1.1.0/Drivers/STM32G4xx_HAL_Driver/Inc -IC:/Users/mmoro/STM32Cube/Repository/STM32Cube_FW_G4_V1.1.0/Drivers/CMSIS/Device/ST/STM32G4xx/Include -IC:/Users/mmoro/STM32Cube/Repository/STM32Cube_FW_G4_V1.1.0/Drivers/STM32G4xx_HAL_Driver/Inc -I../Core/Inc -I../FATFS/Target -IC:/Users/galla/STM32Cube/Repository/STM32Cube_FW_G4_V1.1.0/Drivers/CMSIS/Include -IC:/Users/galla/STM32Cube/Repository/STM32Cube_FW_G4_V1.1.0/Middlewares/Third_Party/FatFs/src -O0 -ffunction-sections -fdata-sections -Wall -fstack-usage -MMD -MP -MF"Core/Src/sys.d" -MT"Core/Src/sys.o" --specs=nano.specs -mfpu=fpv4-sp-d16 -mfloat-abi=hard -mthumb -o "Core/Src/sys.o"
arm-none-eabi-gcc "../Core/Src/syscalls.c" -mcpu=cortex-m4 -std=gnu11 -g3 -DUSE_HAL_DRIVER -DSTM32G474xx -DDEBUG -c -I../FATFS/App -IC:/Users/galla/STM32Cube/Repository/STM32Cube_FW_G4_V1.1.0/Drivers/STM32G4xx_HAL_Driver/Inc/Legacy -IC:/Users/mmoro/STM32Cube/Repository/STM32Cube_FW_G4_V1.1.0/Drivers/CMSIS/Include -IC:/Users/galla/STM32Cube/Repository/STM32Cube_FW_G4_V1.1.0/Drivers/CMSIS/Device/ST/STM32G4xx/Include -IC:/Users/mmoro/STM32Cube/Repository/STM32Cube_FW_G4_V1.1.0/Drivers/STM32G4xx_HAL_Driver/Inc/Legacy -IC:/Users/mmoro/STM32Cube/Repository/STM32Cube_FW_G4_V1.1.0/Middlewares/Third_Party/FatFs/src -IC:/Users/galla/STM32Cube/Repository/STM32Cube_FW_G4_V1.1.0/Drivers/STM32G4xx_HAL_Driver/Inc -IC:/Users/mmoro/STM32Cube/Repository/STM32Cube_FW_G4_V1.1.0/Drivers/CMSIS/Device/ST/STM32G4xx/Include -IC:/Users/mmoro/STM32Cube/Repository/STM32Cube_FW_G4_V1.1.0/Drivers/STM32G4xx_HAL_Driver/Inc -I../Core/Inc -I../FATFS/Target -IC:/Users/galla/STM32Cube/Repository/STM32Cube_FW_G4_V1.1.0/Drivers/CMSIS/Include -IC:/Users/galla/STM32Cube/Repository/STM32Cube_FW_G4_V1.1.0/Middlewares/Third_Party/FatFs/src -O0 -ffunction-sections -fdata-sections -Wall -fstack-usage -MMD -MP -MF"Core/Src/syscalls.d" -MT"Core/Src/syscalls.o" --specs=nano.specs -mfpu=fpv4-sp-d16 -mfloat-abi=hard -mthumb -o "Core/Src/syscalls.o"
arm-none-eabi-gcc "../Core/Src/sysmem.c" -mcpu=cortex-m4 -std=gnu11 -g3 -DUSE_HAL_DRIVER -DSTM32G474xx -DDEBUG -c -I../FATFS/App -IC:/Users/galla/STM32Cube/Repository/STM32Cube_FW_G4_V1.1.0/Drivers/STM32G4xx_HAL_Driver/Inc/Legacy -IC:/Users/mmoro/STM32Cube/Repository/STM32Cube_FW_G4_V1.1.0/Drivers/CMSIS/Include -IC:/Users/galla/STM32Cube/Repository/STM32Cube_FW_G4_V1.1.0/Drivers/CMSIS/Device/ST/STM32G4xx/Include -IC:/Users/mmoro/STM32Cube/Repository/STM32Cube_FW_G4_V1.1.0/Drivers/STM32G4xx_HAL_Driver/Inc/Legacy -IC:/Users/mmoro/STM32Cube/Repository/STM32Cube_FW_G4_V1.1.0/Middlewares/Third_Party/FatFs/src -IC:/Users/galla/STM32Cube/Repository/STM32Cube_FW_G4_V1.1.0/Drivers/STM32G4xx_HAL_Driver/Inc -IC:/Users/mmoro/STM32Cube/Repository/STM32Cube_FW_G4_V1.1.0/Drivers/CMSIS/Device/ST/STM32G4xx/Include -IC:/Users/mmoro/STM32Cube/Repository/STM32Cube_FW_G4_V1.1.0/Drivers/STM32G4xx_HAL_Driver/Inc -I../Core/Inc -I../FATFS/Target -IC:/Users/galla/STM32Cube/Repository/STM32Cube_FW_G4_V1.1.0/Drivers/CMSIS/Include -IC:/Users/galla/STM32Cube/Repository/STM32Cube_FW_G4_V1.1.0/Middlewares/Third_Party/FatFs/src -O0 -ffunction-sections -fdata-sections -Wall -fstack-usage -MMD -MP -MF"Core/Src/sysmem.d" -MT"Core/Src/sysmem.o" --specs=nano.specs -mfpu=fpv4-sp-d16 -mfloat-abi=hard -mthumb -o "Core/Src/sysmem.o"
arm-none-eabi-gcc "../Core/Src/system_stm32g4xx.c" -mcpu=cortex-m4 -std=gnu11 -g3 -DUSE_HAL_DRIVER -DSTM32G474xx -DDEBUG -c -I../FATFS/App -IC:/Users/galla/STM32Cube/Repository/STM32Cube_FW_G4_V1.1.0/Drivers/STM32G4xx_HAL_Driver/Inc/Legacy -IC:/Users/mmoro/STM32Cube/Repository/STM32Cube_FW_G4_V1.1.0/Drivers/CMSIS/Include -IC:/Users/galla/STM32Cube/Repository/STM32Cube_FW_G4_V1.1.0/Drivers/CMSIS/Device/ST/STM32G4xx/Include -IC:/Users/mmoro/STM32Cube/Repository/STM32Cube_FW_G4_V1.1.0/Drivers/STM32G4xx_HAL_Driver/Inc/Legacy -IC:/Users/mmoro/STM32Cube/Repository/STM32Cube_FW_G4_V1.1.0/Middlewares/Third_Party/FatFs/src -IC:/Users/galla/STM32Cube/Repository/STM32Cube_FW_G4_V1.1.0/Drivers/STM32G4xx_HAL_Driver/Inc -IC:/Users/mmoro/STM32Cube/Repository/STM32Cube_FW_G4_V1.1.0/Drivers/CMSIS/Device/ST/STM32G4xx/Include -IC:/Users/mmoro/STM32Cube/Repository/STM32Cube_FW_G4_V1.1.0/Drivers/STM32G4xx_HAL_Driver/Inc -I../Core/Inc -I../FATFS/Target -IC:/Users/galla/STM32Cube/Repository/STM32Cube_FW_G4_V1.1.0/Drivers/CMSIS/Include -IC:/Users/galla/STM32Cube/Repository/STM32Cube_FW_G4_V1.1.0/Middlewares/Third_Party/FatFs/src -O0 -ffunction-sections -fdata-sections -Wall -fstack-usage -MMD -MP -MF"Core/Src/system_stm32g4xx.d" -MT"Core/Src/system_stm32g4xx.o" --specs=nano.specs -mfpu=fpv4-sp-d16 -mfloat-abi=hard -mthumb -o "Core/Src/system_stm32g4xx.o"
arm-none-eabi-gcc "../Core/Src/tim.c" -mcpu=cortex-m4 -std=gnu11 -g3 -DUSE_HAL_DRIVER -DSTM32G474xx -DDEBUG -c -I../FATFS/App -IC:/Users/galla/STM32Cube/Repository/STM32Cube_FW_G4_V1.1.0/Drivers/STM32G4xx_HAL_Driver/Inc/Legacy -IC:/Users/mmoro/STM32Cube/Repository/STM32Cube_FW_G4_V1.1.0/Drivers/CMSIS/Include -IC:/Users/galla/STM32Cube/Repository/STM32Cube_FW_G4_V1.1.0/Drivers/CMSIS/Device/ST/STM32G4xx/Include -IC:/Users/mmoro/STM32Cube/Repository/STM32Cube_FW_G4_V1.1.0/Drivers/STM32G4xx_HAL_Driver/Inc/Legacy -IC:/Users/mmoro/STM32Cube/Repository/STM32Cube_FW_G4_V1.1.0/Middlewares/Third_Party/FatFs/src -IC:/Users/galla/STM32Cube/Repository/STM32Cube_FW_G4_V1.1.0/Drivers/STM32G4xx_HAL_Driver/Inc -IC:/Users/mmoro/STM32Cube/Repository/STM32Cube_FW_G4_V1.1.0/Drivers/CMSIS/Device/ST/STM32G4xx/Include -IC:/Users/mmoro/STM32Cube/Repository/STM32Cube_FW_G4_V1.1.0/Drivers/STM32G4xx_HAL_Driver/Inc -I../Core/Inc -I../FATFS/Target -IC:/Users/galla/STM32Cube/Repository/STM32Cube_FW_G4_V1.1.0/Drivers/CMSIS/Include -IC:/Users/galla/STM32Cube/Repository/STM32Cube_FW_G4_V1.1.0/Middlewares/Third_Party/FatFs/src -O0 -ffunction-sections -fdata-sections -Wall -fstack-usage -MMD -MP -MF"Core/Src/tim.d" -MT"Core/Src/tim.o" --specs=nano.specs -mfpu=fpv4-sp-d16 -mfloat-abi=hard -mthumb -o "Core/Src/tim.o"
arm-none-eabi-gcc "../Core/Src/usart.c" -mcpu=cortex-m4 -std=gnu11 -g3 -DUSE_HAL_DRIVER -DSTM32G474xx -DDEBUG -c -I../FATFS/App -IC:/Users/galla/STM32Cube/Repository/STM32Cube_FW_G4_V1.1.0/Drivers/STM32G4xx_HAL_Driver/Inc/Legacy -IC:/Users/mmoro/STM32Cube/Repository/STM32Cube_FW_G4_V1.1.0/Drivers/CMSIS/Include -IC:/Users/galla/STM32Cube/Repository/STM32Cube_FW_G4_V1.1.0/Drivers/CMSIS/Device/ST/STM32G4xx/Include -IC:/Users/mmoro/STM32Cube/Repository/STM32Cube_FW_G4_V1.1.0/Drivers/STM32G4xx_HAL_Driver/Inc/Legacy -IC:/Users/mmoro/STM32Cube/Repository/STM32Cube_FW_G4_V1.1.0/Middlewares/Third_Party/FatFs/src -IC:/Users/galla/STM32Cube/Repository/STM32Cube_FW_G4_V1.1.0/Drivers/STM32G4xx_HAL_Driver/Inc -IC:/Users/mmoro/STM32Cube/Repository/STM32Cube_FW_G4_V1.1.0/Drivers/CMSIS/Device/ST/STM32G4xx/Include -IC:/Users/mmoro/STM32Cube/Repository/STM32Cube_FW_G4_V1.1.0/Drivers/STM32G4xx_HAL_Driver/Inc -I../Core/Inc -I../FATFS/Target -IC:/Users/galla/STM32Cube/Repository/STM32Cube_FW_G4_V1.1.0/Drivers/CMSIS/Include -IC:/Users/galla/STM32Cube/Repository/STM32Cube_FW_G4_V1.1.0/Middlewares/Third_Party/FatFs/src -O0 -ffunction-sections -fdata-sections -Wall -fstack-usage -MMD -MP -MF"Core/Src/usart.d" -MT"Core/Src/usart.o" --specs=nano.specs -mfpu=fpv4-sp-d16 -mfloat-abi=hard -mthumb -o "Core/Src/usart.o"
arm-none-eabi-gcc -o "NucleoG474-USB-SD.elf" @"objects.list"   -mcpu=cortex-m4 -T"C:\Users\mmoro\OneDrive\Documents\pmf_st\NucleoG474-USB-SD\STM32G474RETX_FLASH.ld" --specs=nosys.specs -Wl,-Map="NucleoG474-USB-SD.map" -Wl,--gc-sections -static --specs=nano.specs -mfpu=fpv4-sp-d16 -mfloat-abi=hard -mthumb -Wl,--start-group -lc -lm -Wl,--end-group
Finished building target: NucleoG474-USB-SD.elf
 
arm-none-eabi-size   NucleoG474-USB-SD.elf 
arm-none-eabi-objdump -h -S  NucleoG474-USB-SD.elf  > "NucleoG474-USB-SD.list"
arm-none-eabi-objcopy  -O binary  NucleoG474-USB-SD.elf  "NucleoG474-USB-SD.bin"
   text	   data	    bss	    dec	    hex	filename
  47808	    508	   4292	  52608	   cd80	NucleoG474-USB-SD.elf
Finished building: default.size.stdout
 
Finished building: NucleoG474-USB-SD.bin
 
Finished building: NucleoG474-USB-SD.list
 
