02:33:33 **** Build of configuration Debug for project STM32H743ZI_Nucleo ****
make all 
arm-none-eabi-gcc "C:/Users/mmoro/OneDrive/Desktop/STM32Cube_FW_H7_V1.7.0/Utilities/Basic_GUI/basic_gui.c" -mcpu=cortex-m7 -std=gnu11 -g3 -DUSE_HAL_DRIVER -DSTM32H743xx -DUSE_STM32H7xx_Nucleo_MB1364 -DADAFRUIT_TFT_JOY_SD_ID802 -c -I../../../Inc -I../../../../../../Utilities/Basic_GUI/ -I../../../../../../Drivers/CMSIS/Include -I../../../../../../Drivers/CMSIS/Device/ST/STM32H7xx/Include -I../../../../../../Drivers/STM32H7xx_HAL_Driver/Inc -I../../../../../../Drivers/BSP/STM32H7xx_Nucleo -I../../../../../../Drivers/BSP/Adafruit_Shield -I../../../../../../Drivers/BSP/Components/st7735 -I../../../../../../Drivers/BSP/Components/Common -I../../../../../../Middlewares/Third_Party/FatFs/src -I../../../../../../Middlewares/Third_Party/FatFs/src/drivers -Os -ffunction-sections -Wall -Wno-strict-aliasing -fstack-usage -MMD -MP -MF"Utilities/basic_gui.d" -MT"Utilities/basic_gui.o" --specs=nano.specs -mfpu=fpv5-d16 -mfloat-abi=hard -mthumb -o "Utilities/basic_gui.o"
arm-none-eabi-gcc "C:/Users/mmoro/OneDrive/Desktop/STM32Cube_FW_H7_V1.7.0/Middlewares/Third_Party/FatFs/src/option/syscall.c" -mcpu=cortex-m7 -std=gnu11 -g3 -DUSE_HAL_DRIVER -DSTM32H743xx -DUSE_STM32H7xx_Nucleo_MB1364 -DADAFRUIT_TFT_JOY_SD_ID802 -c -I../../../Inc -I../../../../../../Utilities/Basic_GUI/ -I../../../../../../Drivers/CMSIS/Include -I../../../../../../Drivers/CMSIS/Device/ST/STM32H7xx/Include -I../../../../../../Drivers/STM32H7xx_HAL_Driver/Inc -I../../../../../../Drivers/BSP/STM32H7xx_Nucleo -I../../../../../../Drivers/BSP/Adafruit_Shield -I../../../../../../Drivers/BSP/Components/st7735 -I../../../../../../Drivers/BSP/Components/Common -I../../../../../../Middlewares/Third_Party/FatFs/src -I../../../../../../Middlewares/Third_Party/FatFs/src/drivers -Os -ffunction-sections -Wall -Wno-strict-aliasing -fstack-usage -MMD -MP -MF"Middlewares/FatFs/Options/syscall.d" -MT"Middlewares/FatFs/Options/syscall.o" --specs=nano.specs -mfpu=fpv5-d16 -mfloat-abi=hard -mthumb -o "Middlewares/FatFs/Options/syscall.o"
arm-none-eabi-gcc "C:/Users/mmoro/OneDrive/Desktop/STM32Cube_FW_H7_V1.7.0/Middlewares/Third_Party/FatFs/src/option/unicode.c" -mcpu=cortex-m7 -std=gnu11 -g3 -DUSE_HAL_DRIVER -DSTM32H743xx -DUSE_STM32H7xx_Nucleo_MB1364 -DADAFRUIT_TFT_JOY_SD_ID802 -c -I../../../Inc -I../../../../../../Utilities/Basic_GUI/ -I../../../../../../Drivers/CMSIS/Include -I../../../../../../Drivers/CMSIS/Device/ST/STM32H7xx/Include -I../../../../../../Drivers/STM32H7xx_HAL_Driver/Inc -I../../../../../../Drivers/BSP/STM32H7xx_Nucleo -I../../../../../../Drivers/BSP/Adafruit_Shield -I../../../../../../Drivers/BSP/Components/st7735 -I../../../../../../Drivers/BSP/Components/Common -I../../../../../../Middlewares/Third_Party/FatFs/src -I../../../../../../Middlewares/Third_Party/FatFs/src/drivers -Os -ffunction-sections -Wall -Wno-strict-aliasing -fstack-usage -MMD -MP -MF"Middlewares/FatFs/Options/unicode.d" -MT"Middlewares/FatFs/Options/unicode.o" --specs=nano.specs -mfpu=fpv5-d16 -mfloat-abi=hard -mthumb -o "Middlewares/FatFs/Options/unicode.o"
arm-none-eabi-gcc "C:/Users/mmoro/OneDrive/Desktop/STM32Cube_FW_H7_V1.7.0/Middlewares/Third_Party/FatFs/src/diskio.c" -mcpu=cortex-m7 -std=gnu11 -g3 -DUSE_HAL_DRIVER -DSTM32H743xx -DUSE_STM32H7xx_Nucleo_MB1364 -DADAFRUIT_TFT_JOY_SD_ID802 -c -I../../../Inc -I../../../../../../Utilities/Basic_GUI/ -I../../../../../../Drivers/CMSIS/Include -I../../../../../../Drivers/CMSIS/Device/ST/STM32H7xx/Include -I../../../../../../Drivers/STM32H7xx_HAL_Driver/Inc -I../../../../../../Drivers/BSP/STM32H7xx_Nucleo -I../../../../../../Drivers/BSP/Adafruit_Shield -I../../../../../../Drivers/BSP/Components/st7735 -I../../../../../../Drivers/BSP/Components/Common -I../../../../../../Middlewares/Third_Party/FatFs/src -I../../../../../../Middlewares/Third_Party/FatFs/src/drivers -Os -ffunction-sections -Wall -Wno-strict-aliasing -fstack-usage -MMD -MP -MF"Middlewares/FatFs/Core/diskio.d" -MT"Middlewares/FatFs/Core/diskio.o" --specs=nano.specs -mfpu=fpv5-d16 -mfloat-abi=hard -mthumb -o "Middlewares/FatFs/Core/diskio.o"
arm-none-eabi-gcc "C:/Users/mmoro/OneDrive/Desktop/STM32Cube_FW_H7_V1.7.0/Middlewares/Third_Party/FatFs/src/ff.c" -mcpu=cortex-m7 -std=gnu11 -g3 -DUSE_HAL_DRIVER -DSTM32H743xx -DUSE_STM32H7xx_Nucleo_MB1364 -DADAFRUIT_TFT_JOY_SD_ID802 -c -I../../../Inc -I../../../../../../Utilities/Basic_GUI/ -I../../../../../../Drivers/CMSIS/Include -I../../../../../../Drivers/CMSIS/Device/ST/STM32H7xx/Include -I../../../../../../Drivers/STM32H7xx_HAL_Driver/Inc -I../../../../../../Drivers/BSP/STM32H7xx_Nucleo -I../../../../../../Drivers/BSP/Adafruit_Shield -I../../../../../../Drivers/BSP/Components/st7735 -I../../../../../../Drivers/BSP/Components/Common -I../../../../../../Middlewares/Third_Party/FatFs/src -I../../../../../../Middlewares/Third_Party/FatFs/src/drivers -Os -ffunction-sections -Wall -Wno-strict-aliasing -fstack-usage -MMD -MP -MF"Middlewares/FatFs/Core/ff.d" -MT"Middlewares/FatFs/Core/ff.o" --specs=nano.specs -mfpu=fpv5-d16 -mfloat-abi=hard -mthumb -o "Middlewares/FatFs/Core/ff.o"
arm-none-eabi-gcc "C:/Users/mmoro/OneDrive/Desktop/STM32Cube_FW_H7_V1.7.0/Middlewares/Third_Party/FatFs/src/ff_gen_drv.c" -mcpu=cortex-m7 -std=gnu11 -g3 -DUSE_HAL_DRIVER -DSTM32H743xx -DUSE_STM32H7xx_Nucleo_MB1364 -DADAFRUIT_TFT_JOY_SD_ID802 -c -I../../../Inc -I../../../../../../Utilities/Basic_GUI/ -I../../../../../../Drivers/CMSIS/Include -I../../../../../../Drivers/CMSIS/Device/ST/STM32H7xx/Include -I../../../../../../Drivers/STM32H7xx_HAL_Driver/Inc -I../../../../../../Drivers/BSP/STM32H7xx_Nucleo -I../../../../../../Drivers/BSP/Adafruit_Shield -I../../../../../../Drivers/BSP/Components/st7735 -I../../../../../../Drivers/BSP/Components/Common -I../../../../../../Middlewares/Third_Party/FatFs/src -I../../../../../../Middlewares/Third_Party/FatFs/src/drivers -Os -ffunction-sections -Wall -Wno-strict-aliasing -fstack-usage -MMD -MP -MF"Middlewares/FatFs/Core/ff_gen_drv.d" -MT"Middlewares/FatFs/Core/ff_gen_drv.o" --specs=nano.specs -mfpu=fpv5-d16 -mfloat-abi=hard -mthumb -o "Middlewares/FatFs/Core/ff_gen_drv.o"
arm-none-eabi-gcc "C:/Users/mmoro/OneDrive/Desktop/STM32Cube_FW_H7_V1.7.0/Drivers/STM32H7xx_HAL_Driver/Src/stm32h7xx_hal.c" -mcpu=cortex-m7 -std=gnu11 -g3 -DUSE_HAL_DRIVER -DSTM32H743xx -DUSE_STM32H7xx_Nucleo_MB1364 -DADAFRUIT_TFT_JOY_SD_ID802 -c -I../../../Inc -I../../../../../../Utilities/Basic_GUI/ -I../../../../../../Drivers/CMSIS/Include -I../../../../../../Drivers/CMSIS/Device/ST/STM32H7xx/Include -I../../../../../../Drivers/STM32H7xx_HAL_Driver/Inc -I../../../../../../Drivers/BSP/STM32H7xx_Nucleo -I../../../../../../Drivers/BSP/Adafruit_Shield -I../../../../../../Drivers/BSP/Components/st7735 -I../../../../../../Drivers/BSP/Components/Common -I../../../../../../Middlewares/Third_Party/FatFs/src -I../../../../../../Middlewares/Third_Party/FatFs/src/drivers -Os -ffunction-sections -Wall -Wno-strict-aliasing -fstack-usage -MMD -MP -MF"Drivers/STM32H7xx_HAL_Driver/stm32h7xx_hal.d" -MT"Drivers/STM32H7xx_HAL_Driver/stm32h7xx_hal.o" --specs=nano.specs -mfpu=fpv5-d16 -mfloat-abi=hard -mthumb -o "Drivers/STM32H7xx_HAL_Driver/stm32h7xx_hal.o"
arm-none-eabi-gcc "C:/Users/mmoro/OneDrive/Desktop/STM32Cube_FW_H7_V1.7.0/Drivers/STM32H7xx_HAL_Driver/Src/stm32h7xx_hal_adc.c" -mcpu=cortex-m7 -std=gnu11 -g3 -DUSE_HAL_DRIVER -DSTM32H743xx -DUSE_STM32H7xx_Nucleo_MB1364 -DADAFRUIT_TFT_JOY_SD_ID802 -c -I../../../Inc -I../../../../../../Utilities/Basic_GUI/ -I../../../../../../Drivers/CMSIS/Include -I../../../../../../Drivers/CMSIS/Device/ST/STM32H7xx/Include -I../../../../../../Drivers/STM32H7xx_HAL_Driver/Inc -I../../../../../../Drivers/BSP/STM32H7xx_Nucleo -I../../../../../../Drivers/BSP/Adafruit_Shield -I../../../../../../Drivers/BSP/Components/st7735 -I../../../../../../Drivers/BSP/Components/Common -I../../../../../../Middlewares/Third_Party/FatFs/src -I../../../../../../Middlewares/Third_Party/FatFs/src/drivers -Os -ffunction-sections -Wall -Wno-strict-aliasing -fstack-usage -MMD -MP -MF"Drivers/STM32H7xx_HAL_Driver/stm32h7xx_hal_adc.d" -MT"Drivers/STM32H7xx_HAL_Driver/stm32h7xx_hal_adc.o" --specs=nano.specs -mfpu=fpv5-d16 -mfloat-abi=hard -mthumb -o "Drivers/STM32H7xx_HAL_Driver/stm32h7xx_hal_adc.o"
arm-none-eabi-gcc "C:/Users/mmoro/OneDrive/Desktop/STM32Cube_FW_H7_V1.7.0/Drivers/STM32H7xx_HAL_Driver/Src/stm32h7xx_hal_adc_ex.c" -mcpu=cortex-m7 -std=gnu11 -g3 -DUSE_HAL_DRIVER -DSTM32H743xx -DUSE_STM32H7xx_Nucleo_MB1364 -DADAFRUIT_TFT_JOY_SD_ID802 -c -I../../../Inc -I../../../../../../Utilities/Basic_GUI/ -I../../../../../../Drivers/CMSIS/Include -I../../../../../../Drivers/CMSIS/Device/ST/STM32H7xx/Include -I../../../../../../Drivers/STM32H7xx_HAL_Driver/Inc -I../../../../../../Drivers/BSP/STM32H7xx_Nucleo -I../../../../../../Drivers/BSP/Adafruit_Shield -I../../../../../../Drivers/BSP/Components/st7735 -I../../../../../../Drivers/BSP/Components/Common -I../../../../../../Middlewares/Third_Party/FatFs/src -I../../../../../../Middlewares/Third_Party/FatFs/src/drivers -Os -ffunction-sections -Wall -Wno-strict-aliasing -fstack-usage -MMD -MP -MF"Drivers/STM32H7xx_HAL_Driver/stm32h7xx_hal_adc_ex.d" -MT"Drivers/STM32H7xx_HAL_Driver/stm32h7xx_hal_adc_ex.o" --specs=nano.specs -mfpu=fpv5-d16 -mfloat-abi=hard -mthumb -o "Drivers/STM32H7xx_HAL_Driver/stm32h7xx_hal_adc_ex.o"
arm-none-eabi-gcc "C:/Users/mmoro/OneDrive/Desktop/STM32Cube_FW_H7_V1.7.0/Drivers/STM32H7xx_HAL_Driver/Src/stm32h7xx_hal_cortex.c" -mcpu=cortex-m7 -std=gnu11 -g3 -DUSE_HAL_DRIVER -DSTM32H743xx -DUSE_STM32H7xx_Nucleo_MB1364 -DADAFRUIT_TFT_JOY_SD_ID802 -c -I../../../Inc -I../../../../../../Utilities/Basic_GUI/ -I../../../../../../Drivers/CMSIS/Include -I../../../../../../Drivers/CMSIS/Device/ST/STM32H7xx/Include -I../../../../../../Drivers/STM32H7xx_HAL_Driver/Inc -I../../../../../../Drivers/BSP/STM32H7xx_Nucleo -I../../../../../../Drivers/BSP/Adafruit_Shield -I../../../../../../Drivers/BSP/Components/st7735 -I../../../../../../Drivers/BSP/Components/Common -I../../../../../../Middlewares/Third_Party/FatFs/src -I../../../../../../Middlewares/Third_Party/FatFs/src/drivers -Os -ffunction-sections -Wall -Wno-strict-aliasing -fstack-usage -MMD -MP -MF"Drivers/STM32H7xx_HAL_Driver/stm32h7xx_hal_cortex.d" -MT"Drivers/STM32H7xx_HAL_Driver/stm32h7xx_hal_cortex.o" --specs=nano.specs -mfpu=fpv5-d16 -mfloat-abi=hard -mthumb -o "Drivers/STM32H7xx_HAL_Driver/stm32h7xx_hal_cortex.o"
arm-none-eabi-gcc "C:/Users/mmoro/OneDrive/Desktop/STM32Cube_FW_H7_V1.7.0/Drivers/STM32H7xx_HAL_Driver/Src/stm32h7xx_hal_dma.c" -mcpu=cortex-m7 -std=gnu11 -g3 -DUSE_HAL_DRIVER -DSTM32H743xx -DUSE_STM32H7xx_Nucleo_MB1364 -DADAFRUIT_TFT_JOY_SD_ID802 -c -I../../../Inc -I../../../../../../Utilities/Basic_GUI/ -I../../../../../../Drivers/CMSIS/Include -I../../../../../../Drivers/CMSIS/Device/ST/STM32H7xx/Include -I../../../../../../Drivers/STM32H7xx_HAL_Driver/Inc -I../../../../../../Drivers/BSP/STM32H7xx_Nucleo -I../../../../../../Drivers/BSP/Adafruit_Shield -I../../../../../../Drivers/BSP/Components/st7735 -I../../../../../../Drivers/BSP/Components/Common -I../../../../../../Middlewares/Third_Party/FatFs/src -I../../../../../../Middlewares/Third_Party/FatFs/src/drivers -Os -ffunction-sections -Wall -Wno-strict-aliasing -fstack-usage -MMD -MP -MF"Drivers/STM32H7xx_HAL_Driver/stm32h7xx_hal_dma.d" -MT"Drivers/STM32H7xx_HAL_Driver/stm32h7xx_hal_dma.o" --specs=nano.specs -mfpu=fpv5-d16 -mfloat-abi=hard -mthumb -o "Drivers/STM32H7xx_HAL_Driver/stm32h7xx_hal_dma.o"
arm-none-eabi-gcc "C:/Users/mmoro/OneDrive/Desktop/STM32Cube_FW_H7_V1.7.0/Drivers/STM32H7xx_HAL_Driver/Src/stm32h7xx_hal_dma_ex.c" -mcpu=cortex-m7 -std=gnu11 -g3 -DUSE_HAL_DRIVER -DSTM32H743xx -DUSE_STM32H7xx_Nucleo_MB1364 -DADAFRUIT_TFT_JOY_SD_ID802 -c -I../../../Inc -I../../../../../../Utilities/Basic_GUI/ -I../../../../../../Drivers/CMSIS/Include -I../../../../../../Drivers/CMSIS/Device/ST/STM32H7xx/Include -I../../../../../../Drivers/STM32H7xx_HAL_Driver/Inc -I../../../../../../Drivers/BSP/STM32H7xx_Nucleo -I../../../../../../Drivers/BSP/Adafruit_Shield -I../../../../../../Drivers/BSP/Components/st7735 -I../../../../../../Drivers/BSP/Components/Common -I../../../../../../Middlewares/Third_Party/FatFs/src -I../../../../../../Middlewares/Third_Party/FatFs/src/drivers -Os -ffunction-sections -Wall -Wno-strict-aliasing -fstack-usage -MMD -MP -MF"Drivers/STM32H7xx_HAL_Driver/stm32h7xx_hal_dma_ex.d" -MT"Drivers/STM32H7xx_HAL_Driver/stm32h7xx_hal_dma_ex.o" --specs=nano.specs -mfpu=fpv5-d16 -mfloat-abi=hard -mthumb -o "Drivers/STM32H7xx_HAL_Driver/stm32h7xx_hal_dma_ex.o"
arm-none-eabi-gcc "C:/Users/mmoro/OneDrive/Desktop/STM32Cube_FW_H7_V1.7.0/Drivers/STM32H7xx_HAL_Driver/Src/stm32h7xx_hal_exti.c" -mcpu=cortex-m7 -std=gnu11 -g3 -DUSE_HAL_DRIVER -DSTM32H743xx -DUSE_STM32H7xx_Nucleo_MB1364 -DADAFRUIT_TFT_JOY_SD_ID802 -c -I../../../Inc -I../../../../../../Utilities/Basic_GUI/ -I../../../../../../Drivers/CMSIS/Include -I../../../../../../Drivers/CMSIS/Device/ST/STM32H7xx/Include -I../../../../../../Drivers/STM32H7xx_HAL_Driver/Inc -I../../../../../../Drivers/BSP/STM32H7xx_Nucleo -I../../../../../../Drivers/BSP/Adafruit_Shield -I../../../../../../Drivers/BSP/Components/st7735 -I../../../../../../Drivers/BSP/Components/Common -I../../../../../../Middlewares/Third_Party/FatFs/src -I../../../../../../Middlewares/Third_Party/FatFs/src/drivers -Os -ffunction-sections -Wall -Wno-strict-aliasing -fstack-usage -MMD -MP -MF"Drivers/STM32H7xx_HAL_Driver/stm32h7xx_hal_exti.d" -MT"Drivers/STM32H7xx_HAL_Driver/stm32h7xx_hal_exti.o" --specs=nano.specs -mfpu=fpv5-d16 -mfloat-abi=hard -mthumb -o "Drivers/STM32H7xx_HAL_Driver/stm32h7xx_hal_exti.o"
arm-none-eabi-gcc "C:/Users/mmoro/OneDrive/Desktop/STM32Cube_FW_H7_V1.7.0/Drivers/STM32H7xx_HAL_Driver/Src/stm32h7xx_hal_flash.c" -mcpu=cortex-m7 -std=gnu11 -g3 -DUSE_HAL_DRIVER -DSTM32H743xx -DUSE_STM32H7xx_Nucleo_MB1364 -DADAFRUIT_TFT_JOY_SD_ID802 -c -I../../../Inc -I../../../../../../Utilities/Basic_GUI/ -I../../../../../../Drivers/CMSIS/Include -I../../../../../../Drivers/CMSIS/Device/ST/STM32H7xx/Include -I../../../../../../Drivers/STM32H7xx_HAL_Driver/Inc -I../../../../../../Drivers/BSP/STM32H7xx_Nucleo -I../../../../../../Drivers/BSP/Adafruit_Shield -I../../../../../../Drivers/BSP/Components/st7735 -I../../../../../../Drivers/BSP/Components/Common -I../../../../../../Middlewares/Third_Party/FatFs/src -I../../../../../../Middlewares/Third_Party/FatFs/src/drivers -Os -ffunction-sections -Wall -Wno-strict-aliasing -fstack-usage -MMD -MP -MF"Drivers/STM32H7xx_HAL_Driver/stm32h7xx_hal_flash.d" -MT"Drivers/STM32H7xx_HAL_Driver/stm32h7xx_hal_flash.o" --specs=nano.specs -mfpu=fpv5-d16 -mfloat-abi=hard -mthumb -o "Drivers/STM32H7xx_HAL_Driver/stm32h7xx_hal_flash.o"
arm-none-eabi-gcc "C:/Users/mmoro/OneDrive/Desktop/STM32Cube_FW_H7_V1.7.0/Drivers/STM32H7xx_HAL_Driver/Src/stm32h7xx_hal_flash_ex.c" -mcpu=cortex-m7 -std=gnu11 -g3 -DUSE_HAL_DRIVER -DSTM32H743xx -DUSE_STM32H7xx_Nucleo_MB1364 -DADAFRUIT_TFT_JOY_SD_ID802 -c -I../../../Inc -I../../../../../../Utilities/Basic_GUI/ -I../../../../../../Drivers/CMSIS/Include -I../../../../../../Drivers/CMSIS/Device/ST/STM32H7xx/Include -I../../../../../../Drivers/STM32H7xx_HAL_Driver/Inc -I../../../../../../Drivers/BSP/STM32H7xx_Nucleo -I../../../../../../Drivers/BSP/Adafruit_Shield -I../../../../../../Drivers/BSP/Components/st7735 -I../../../../../../Drivers/BSP/Components/Common -I../../../../../../Middlewares/Third_Party/FatFs/src -I../../../../../../Middlewares/Third_Party/FatFs/src/drivers -Os -ffunction-sections -Wall -Wno-strict-aliasing -fstack-usage -MMD -MP -MF"Drivers/STM32H7xx_HAL_Driver/stm32h7xx_hal_flash_ex.d" -MT"Drivers/STM32H7xx_HAL_Driver/stm32h7xx_hal_flash_ex.o" --specs=nano.specs -mfpu=fpv5-d16 -mfloat-abi=hard -mthumb -o "Drivers/STM32H7xx_HAL_Driver/stm32h7xx_hal_flash_ex.o"
arm-none-eabi-gcc "C:/Users/mmoro/OneDrive/Desktop/STM32Cube_FW_H7_V1.7.0/Drivers/STM32H7xx_HAL_Driver/Src/stm32h7xx_hal_gpio.c" -mcpu=cortex-m7 -std=gnu11 -g3 -DUSE_HAL_DRIVER -DSTM32H743xx -DUSE_STM32H7xx_Nucleo_MB1364 -DADAFRUIT_TFT_JOY_SD_ID802 -c -I../../../Inc -I../../../../../../Utilities/Basic_GUI/ -I../../../../../../Drivers/CMSIS/Include -I../../../../../../Drivers/CMSIS/Device/ST/STM32H7xx/Include -I../../../../../../Drivers/STM32H7xx_HAL_Driver/Inc -I../../../../../../Drivers/BSP/STM32H7xx_Nucleo -I../../../../../../Drivers/BSP/Adafruit_Shield -I../../../../../../Drivers/BSP/Components/st7735 -I../../../../../../Drivers/BSP/Components/Common -I../../../../../../Middlewares/Third_Party/FatFs/src -I../../../../../../Middlewares/Third_Party/FatFs/src/drivers -Os -ffunction-sections -Wall -Wno-strict-aliasing -fstack-usage -MMD -MP -MF"Drivers/STM32H7xx_HAL_Driver/stm32h7xx_hal_gpio.d" -MT"Drivers/STM32H7xx_HAL_Driver/stm32h7xx_hal_gpio.o" --specs=nano.specs -mfpu=fpv5-d16 -mfloat-abi=hard -mthumb -o "Drivers/STM32H7xx_HAL_Driver/stm32h7xx_hal_gpio.o"
arm-none-eabi-gcc "C:/Users/mmoro/OneDrive/Desktop/STM32Cube_FW_H7_V1.7.0/Drivers/STM32H7xx_HAL_Driver/Src/stm32h7xx_hal_pwr.c" -mcpu=cortex-m7 -std=gnu11 -g3 -DUSE_HAL_DRIVER -DSTM32H743xx -DUSE_STM32H7xx_Nucleo_MB1364 -DADAFRUIT_TFT_JOY_SD_ID802 -c -I../../../Inc -I../../../../../../Utilities/Basic_GUI/ -I../../../../../../Drivers/CMSIS/Include -I../../../../../../Drivers/CMSIS/Device/ST/STM32H7xx/Include -I../../../../../../Drivers/STM32H7xx_HAL_Driver/Inc -I../../../../../../Drivers/BSP/STM32H7xx_Nucleo -I../../../../../../Drivers/BSP/Adafruit_Shield -I../../../../../../Drivers/BSP/Components/st7735 -I../../../../../../Drivers/BSP/Components/Common -I../../../../../../Middlewares/Third_Party/FatFs/src -I../../../../../../Middlewares/Third_Party/FatFs/src/drivers -Os -ffunction-sections -Wall -Wno-strict-aliasing -fstack-usage -MMD -MP -MF"Drivers/STM32H7xx_HAL_Driver/stm32h7xx_hal_pwr.d" -MT"Drivers/STM32H7xx_HAL_Driver/stm32h7xx_hal_pwr.o" --specs=nano.specs -mfpu=fpv5-d16 -mfloat-abi=hard -mthumb -o "Drivers/STM32H7xx_HAL_Driver/stm32h7xx_hal_pwr.o"
arm-none-eabi-gcc "C:/Users/mmoro/OneDrive/Desktop/STM32Cube_FW_H7_V1.7.0/Drivers/STM32H7xx_HAL_Driver/Src/stm32h7xx_hal_pwr_ex.c" -mcpu=cortex-m7 -std=gnu11 -g3 -DUSE_HAL_DRIVER -DSTM32H743xx -DUSE_STM32H7xx_Nucleo_MB1364 -DADAFRUIT_TFT_JOY_SD_ID802 -c -I../../../Inc -I../../../../../../Utilities/Basic_GUI/ -I../../../../../../Drivers/CMSIS/Include -I../../../../../../Drivers/CMSIS/Device/ST/STM32H7xx/Include -I../../../../../../Drivers/STM32H7xx_HAL_Driver/Inc -I../../../../../../Drivers/BSP/STM32H7xx_Nucleo -I../../../../../../Drivers/BSP/Adafruit_Shield -I../../../../../../Drivers/BSP/Components/st7735 -I../../../../../../Drivers/BSP/Components/Common -I../../../../../../Middlewares/Third_Party/FatFs/src -I../../../../../../Middlewares/Third_Party/FatFs/src/drivers -Os -ffunction-sections -Wall -Wno-strict-aliasing -fstack-usage -MMD -MP -MF"Drivers/STM32H7xx_HAL_Driver/stm32h7xx_hal_pwr_ex.d" -MT"Drivers/STM32H7xx_HAL_Driver/stm32h7xx_hal_pwr_ex.o" --specs=nano.specs -mfpu=fpv5-d16 -mfloat-abi=hard -mthumb -o "Drivers/STM32H7xx_HAL_Driver/stm32h7xx_hal_pwr_ex.o"
arm-none-eabi-gcc "C:/Users/mmoro/OneDrive/Desktop/STM32Cube_FW_H7_V1.7.0/Drivers/STM32H7xx_HAL_Driver/Src/stm32h7xx_hal_rcc.c" -mcpu=cortex-m7 -std=gnu11 -g3 -DUSE_HAL_DRIVER -DSTM32H743xx -DUSE_STM32H7xx_Nucleo_MB1364 -DADAFRUIT_TFT_JOY_SD_ID802 -c -I../../../Inc -I../../../../../../Utilities/Basic_GUI/ -I../../../../../../Drivers/CMSIS/Include -I../../../../../../Drivers/CMSIS/Device/ST/STM32H7xx/Include -I../../../../../../Drivers/STM32H7xx_HAL_Driver/Inc -I../../../../../../Drivers/BSP/STM32H7xx_Nucleo -I../../../../../../Drivers/BSP/Adafruit_Shield -I../../../../../../Drivers/BSP/Components/st7735 -I../../../../../../Drivers/BSP/Components/Common -I../../../../../../Middlewares/Third_Party/FatFs/src -I../../../../../../Middlewares/Third_Party/FatFs/src/drivers -Os -ffunction-sections -Wall -Wno-strict-aliasing -fstack-usage -MMD -MP -MF"Drivers/STM32H7xx_HAL_Driver/stm32h7xx_hal_rcc.d" -MT"Drivers/STM32H7xx_HAL_Driver/stm32h7xx_hal_rcc.o" --specs=nano.specs -mfpu=fpv5-d16 -mfloat-abi=hard -mthumb -o "Drivers/STM32H7xx_HAL_Driver/stm32h7xx_hal_rcc.o"
arm-none-eabi-gcc "C:/Users/mmoro/OneDrive/Desktop/STM32Cube_FW_H7_V1.7.0/Drivers/STM32H7xx_HAL_Driver/Src/stm32h7xx_hal_rcc_ex.c" -mcpu=cortex-m7 -std=gnu11 -g3 -DUSE_HAL_DRIVER -DSTM32H743xx -DUSE_STM32H7xx_Nucleo_MB1364 -DADAFRUIT_TFT_JOY_SD_ID802 -c -I../../../Inc -I../../../../../../Utilities/Basic_GUI/ -I../../../../../../Drivers/CMSIS/Include -I../../../../../../Drivers/CMSIS/Device/ST/STM32H7xx/Include -I../../../../../../Drivers/STM32H7xx_HAL_Driver/Inc -I../../../../../../Drivers/BSP/STM32H7xx_Nucleo -I../../../../../../Drivers/BSP/Adafruit_Shield -I../../../../../../Drivers/BSP/Components/st7735 -I../../../../../../Drivers/BSP/Components/Common -I../../../../../../Middlewares/Third_Party/FatFs/src -I../../../../../../Middlewares/Third_Party/FatFs/src/drivers -Os -ffunction-sections -Wall -Wno-strict-aliasing -fstack-usage -MMD -MP -MF"Drivers/STM32H7xx_HAL_Driver/stm32h7xx_hal_rcc_ex.d" -MT"Drivers/STM32H7xx_HAL_Driver/stm32h7xx_hal_rcc_ex.o" --specs=nano.specs -mfpu=fpv5-d16 -mfloat-abi=hard -mthumb -o "Drivers/STM32H7xx_HAL_Driver/stm32h7xx_hal_rcc_ex.o"
arm-none-eabi-gcc "C:/Users/mmoro/OneDrive/Desktop/STM32Cube_FW_H7_V1.7.0/Drivers/STM32H7xx_HAL_Driver/Src/stm32h7xx_hal_spi.c" -mcpu=cortex-m7 -std=gnu11 -g3 -DUSE_HAL_DRIVER -DSTM32H743xx -DUSE_STM32H7xx_Nucleo_MB1364 -DADAFRUIT_TFT_JOY_SD_ID802 -c -I../../../Inc -I../../../../../../Utilities/Basic_GUI/ -I../../../../../../Drivers/CMSIS/Include -I../../../../../../Drivers/CMSIS/Device/ST/STM32H7xx/Include -I../../../../../../Drivers/STM32H7xx_HAL_Driver/Inc -I../../../../../../Drivers/BSP/STM32H7xx_Nucleo -I../../../../../../Drivers/BSP/Adafruit_Shield -I../../../../../../Drivers/BSP/Components/st7735 -I../../../../../../Drivers/BSP/Components/Common -I../../../../../../Middlewares/Third_Party/FatFs/src -I../../../../../../Middlewares/Third_Party/FatFs/src/drivers -Os -ffunction-sections -Wall -Wno-strict-aliasing -fstack-usage -MMD -MP -MF"Drivers/STM32H7xx_HAL_Driver/stm32h7xx_hal_spi.d" -MT"Drivers/STM32H7xx_HAL_Driver/stm32h7xx_hal_spi.o" --specs=nano.specs -mfpu=fpv5-d16 -mfloat-abi=hard -mthumb -o "Drivers/STM32H7xx_HAL_Driver/stm32h7xx_hal_spi.o"
arm-none-eabi-gcc "C:/Users/mmoro/OneDrive/Desktop/STM32Cube_FW_H7_V1.7.0/Drivers/STM32H7xx_HAL_Driver/Src/stm32h7xx_hal_spi_ex.c" -mcpu=cortex-m7 -std=gnu11 -g3 -DUSE_HAL_DRIVER -DSTM32H743xx -DUSE_STM32H7xx_Nucleo_MB1364 -DADAFRUIT_TFT_JOY_SD_ID802 -c -I../../../Inc -I../../../../../../Utilities/Basic_GUI/ -I../../../../../../Drivers/CMSIS/Include -I../../../../../../Drivers/CMSIS/Device/ST/STM32H7xx/Include -I../../../../../../Drivers/STM32H7xx_HAL_Driver/Inc -I../../../../../../Drivers/BSP/STM32H7xx_Nucleo -I../../../../../../Drivers/BSP/Adafruit_Shield -I../../../../../../Drivers/BSP/Components/st7735 -I../../../../../../Drivers/BSP/Components/Common -I../../../../../../Middlewares/Third_Party/FatFs/src -I../../../../../../Middlewares/Third_Party/FatFs/src/drivers -Os -ffunction-sections -Wall -Wno-strict-aliasing -fstack-usage -MMD -MP -MF"Drivers/STM32H7xx_HAL_Driver/stm32h7xx_hal_spi_ex.d" -MT"Drivers/STM32H7xx_HAL_Driver/stm32h7xx_hal_spi_ex.o" --specs=nano.specs -mfpu=fpv5-d16 -mfloat-abi=hard -mthumb -o "Drivers/STM32H7xx_HAL_Driver/stm32h7xx_hal_spi_ex.o"
arm-none-eabi-gcc "C:/Users/mmoro/OneDrive/Desktop/STM32Cube_FW_H7_V1.7.0/Drivers/STM32H7xx_HAL_Driver/Src/stm32h7xx_hal_uart.c" -mcpu=cortex-m7 -std=gnu11 -g3 -DUSE_HAL_DRIVER -DSTM32H743xx -DUSE_STM32H7xx_Nucleo_MB1364 -DADAFRUIT_TFT_JOY_SD_ID802 -c -I../../../Inc -I../../../../../../Utilities/Basic_GUI/ -I../../../../../../Drivers/CMSIS/Include -I../../../../../../Drivers/CMSIS/Device/ST/STM32H7xx/Include -I../../../../../../Drivers/STM32H7xx_HAL_Driver/Inc -I../../../../../../Drivers/BSP/STM32H7xx_Nucleo -I../../../../../../Drivers/BSP/Adafruit_Shield -I../../../../../../Drivers/BSP/Components/st7735 -I../../../../../../Drivers/BSP/Components/Common -I../../../../../../Middlewares/Third_Party/FatFs/src -I../../../../../../Middlewares/Third_Party/FatFs/src/drivers -Os -ffunction-sections -Wall -Wno-strict-aliasing -fstack-usage -MMD -MP -MF"Drivers/STM32H7xx_HAL_Driver/stm32h7xx_hal_uart.d" -MT"Drivers/STM32H7xx_HAL_Driver/stm32h7xx_hal_uart.o" --specs=nano.specs -mfpu=fpv5-d16 -mfloat-abi=hard -mthumb -o "Drivers/STM32H7xx_HAL_Driver/stm32h7xx_hal_uart.o"
arm-none-eabi-gcc "C:/Users/mmoro/OneDrive/Desktop/STM32Cube_FW_H7_V1.7.0/Drivers/STM32H7xx_HAL_Driver/Src/stm32h7xx_hal_uart_ex.c" -mcpu=cortex-m7 -std=gnu11 -g3 -DUSE_HAL_DRIVER -DSTM32H743xx -DUSE_STM32H7xx_Nucleo_MB1364 -DADAFRUIT_TFT_JOY_SD_ID802 -c -I../../../Inc -I../../../../../../Utilities/Basic_GUI/ -I../../../../../../Drivers/CMSIS/Include -I../../../../../../Drivers/CMSIS/Device/ST/STM32H7xx/Include -I../../../../../../Drivers/STM32H7xx_HAL_Driver/Inc -I../../../../../../Drivers/BSP/STM32H7xx_Nucleo -I../../../../../../Drivers/BSP/Adafruit_Shield -I../../../../../../Drivers/BSP/Components/st7735 -I../../../../../../Drivers/BSP/Components/Common -I../../../../../../Middlewares/Third_Party/FatFs/src -I../../../../../../Middlewares/Third_Party/FatFs/src/drivers -Os -ffunction-sections -Wall -Wno-strict-aliasing -fstack-usage -MMD -MP -MF"Drivers/STM32H7xx_HAL_Driver/stm32h7xx_hal_uart_ex.d" -MT"Drivers/STM32H7xx_HAL_Driver/stm32h7xx_hal_uart_ex.o" --specs=nano.specs -mfpu=fpv5-d16 -mfloat-abi=hard -mthumb -o "Drivers/STM32H7xx_HAL_Driver/stm32h7xx_hal_uart_ex.o"
arm-none-eabi-gcc "C:/Users/mmoro/OneDrive/Desktop/STM32Cube_FW_H7_V1.7.0/Projects/NUCLEO-H743ZI/Demonstrations/Src/system_stm32h7xx.c" -mcpu=cortex-m7 -std=gnu11 -g3 -DUSE_HAL_DRIVER -DSTM32H743xx -DUSE_STM32H7xx_Nucleo_MB1364 -DADAFRUIT_TFT_JOY_SD_ID802 -c -I../../../Inc -I../../../../../../Utilities/Basic_GUI/ -I../../../../../../Drivers/CMSIS/Include -I../../../../../../Drivers/CMSIS/Device/ST/STM32H7xx/Include -I../../../../../../Drivers/STM32H7xx_HAL_Driver/Inc -I../../../../../../Drivers/BSP/STM32H7xx_Nucleo -I../../../../../../Drivers/BSP/Adafruit_Shield -I../../../../../../Drivers/BSP/Components/st7735 -I../../../../../../Drivers/BSP/Components/Common -I../../../../../../Middlewares/Third_Party/FatFs/src -I../../../../../../Middlewares/Third_Party/FatFs/src/drivers -Os -ffunction-sections -Wall -Wno-strict-aliasing -fstack-usage -MMD -MP -MF"Drivers/CMSIS/system_stm32h7xx.d" -MT"Drivers/CMSIS/system_stm32h7xx.o" --specs=nano.specs -mfpu=fpv5-d16 -mfloat-abi=hard -mthumb -o "Drivers/CMSIS/system_stm32h7xx.o"
arm-none-eabi-gcc "C:/Users/mmoro/OneDrive/Desktop/STM32Cube_FW_H7_V1.7.0/Drivers/BSP/STM32H7xx_Nucleo/stm32h7xx_nucleo.c" -mcpu=cortex-m7 -std=gnu11 -g3 -DUSE_HAL_DRIVER -DSTM32H743xx -DUSE_STM32H7xx_Nucleo_MB1364 -DADAFRUIT_TFT_JOY_SD_ID802 -c -I../../../Inc -I../../../../../../Utilities/Basic_GUI/ -I../../../../../../Drivers/CMSIS/Include -I../../../../../../Drivers/CMSIS/Device/ST/STM32H7xx/Include -I../../../../../../Drivers/STM32H7xx_HAL_Driver/Inc -I../../../../../../Drivers/BSP/STM32H7xx_Nucleo -I../../../../../../Drivers/BSP/Adafruit_Shield -I../../../../../../Drivers/BSP/Components/st7735 -I../../../../../../Drivers/BSP/Components/Common -I../../../../../../Middlewares/Third_Party/FatFs/src -I../../../../../../Middlewares/Third_Party/FatFs/src/drivers -Os -ffunction-sections -Wall -Wno-strict-aliasing -fstack-usage -MMD -MP -MF"Drivers/BSP/STM32H7xx_Nucleo/stm32h7xx_nucleo.d" -MT"Drivers/BSP/STM32H7xx_Nucleo/stm32h7xx_nucleo.o" --specs=nano.specs -mfpu=fpv5-d16 -mfloat-abi=hard -mthumb -o "Drivers/BSP/STM32H7xx_Nucleo/stm32h7xx_nucleo.o"
arm-none-eabi-gcc "C:/Users/mmoro/OneDrive/Desktop/STM32Cube_FW_H7_V1.7.0/Drivers/BSP/Components/st7735/st7735.c" -mcpu=cortex-m7 -std=gnu11 -g3 -DUSE_HAL_DRIVER -DSTM32H743xx -DUSE_STM32H7xx_Nucleo_MB1364 -DADAFRUIT_TFT_JOY_SD_ID802 -c -I../../../Inc -I../../../../../../Utilities/Basic_GUI/ -I../../../../../../Drivers/CMSIS/Include -I../../../../../../Drivers/CMSIS/Device/ST/STM32H7xx/Include -I../../../../../../Drivers/STM32H7xx_HAL_Driver/Inc -I../../../../../../Drivers/BSP/STM32H7xx_Nucleo -I../../../../../../Drivers/BSP/Adafruit_Shield -I../../../../../../Drivers/BSP/Components/st7735 -I../../../../../../Drivers/BSP/Components/Common -I../../../../../../Middlewares/Third_Party/FatFs/src -I../../../../../../Middlewares/Third_Party/FatFs/src/drivers -Os -ffunction-sections -Wall -Wno-strict-aliasing -fstack-usage -MMD -MP -MF"Drivers/BSP/Components/st7735.d" -MT"Drivers/BSP/Components/st7735.o" --specs=nano.specs -mfpu=fpv5-d16 -mfloat-abi=hard -mthumb -o "Drivers/BSP/Components/st7735.o"
arm-none-eabi-gcc "C:/Users/mmoro/OneDrive/Desktop/STM32Cube_FW_H7_V1.7.0/Drivers/BSP/Components/st7735/st7735_reg.c" -mcpu=cortex-m7 -std=gnu11 -g3 -DUSE_HAL_DRIVER -DSTM32H743xx -DUSE_STM32H7xx_Nucleo_MB1364 -DADAFRUIT_TFT_JOY_SD_ID802 -c -I../../../Inc -I../../../../../../Utilities/Basic_GUI/ -I../../../../../../Drivers/CMSIS/Include -I../../../../../../Drivers/CMSIS/Device/ST/STM32H7xx/Include -I../../../../../../Drivers/STM32H7xx_HAL_Driver/Inc -I../../../../../../Drivers/BSP/STM32H7xx_Nucleo -I../../../../../../Drivers/BSP/Adafruit_Shield -I../../../../../../Drivers/BSP/Components/st7735 -I../../../../../../Drivers/BSP/Components/Common -I../../../../../../Middlewares/Third_Party/FatFs/src -I../../../../../../Middlewares/Third_Party/FatFs/src/drivers -Os -ffunction-sections -Wall -Wno-strict-aliasing -fstack-usage -MMD -MP -MF"Drivers/BSP/Components/st7735_reg.d" -MT"Drivers/BSP/Components/st7735_reg.o" --specs=nano.specs -mfpu=fpv5-d16 -mfloat-abi=hard -mthumb -o "Drivers/BSP/Components/st7735_reg.o"
arm-none-eabi-gcc "C:/Users/mmoro/OneDrive/Desktop/STM32Cube_FW_H7_V1.7.0/Drivers/BSP/Adafruit_Shield/adafruit_802.c" -mcpu=cortex-m7 -std=gnu11 -g3 -DUSE_HAL_DRIVER -DSTM32H743xx -DUSE_STM32H7xx_Nucleo_MB1364 -DADAFRUIT_TFT_JOY_SD_ID802 -c -I../../../Inc -I../../../../../../Utilities/Basic_GUI/ -I../../../../../../Drivers/CMSIS/Include -I../../../../../../Drivers/CMSIS/Device/ST/STM32H7xx/Include -I../../../../../../Drivers/STM32H7xx_HAL_Driver/Inc -I../../../../../../Drivers/BSP/STM32H7xx_Nucleo -I../../../../../../Drivers/BSP/Adafruit_Shield -I../../../../../../Drivers/BSP/Components/st7735 -I../../../../../../Drivers/BSP/Components/Common -I../../../../../../Middlewares/Third_Party/FatFs/src -I../../../../../../Middlewares/Third_Party/FatFs/src/drivers -Os -ffunction-sections -Wall -Wno-strict-aliasing -fstack-usage -MMD -MP -MF"Drivers/BSP/Adafruit_Shield/adafruit_802.d" -MT"Drivers/BSP/Adafruit_Shield/adafruit_802.o" --specs=nano.specs -mfpu=fpv5-d16 -mfloat-abi=hard -mthumb -o "Drivers/BSP/Adafruit_Shield/adafruit_802.o"
arm-none-eabi-gcc "C:/Users/mmoro/OneDrive/Desktop/STM32Cube_FW_H7_V1.7.0/Drivers/BSP/Adafruit_Shield/adafruit_802_lcd.c" -mcpu=cortex-m7 -std=gnu11 -g3 -DUSE_HAL_DRIVER -DSTM32H743xx -DUSE_STM32H7xx_Nucleo_MB1364 -DADAFRUIT_TFT_JOY_SD_ID802 -c -I../../../Inc -I../../../../../../Utilities/Basic_GUI/ -I../../../../../../Drivers/CMSIS/Include -I../../../../../../Drivers/CMSIS/Device/ST/STM32H7xx/Include -I../../../../../../Drivers/STM32H7xx_HAL_Driver/Inc -I../../../../../../Drivers/BSP/STM32H7xx_Nucleo -I../../../../../../Drivers/BSP/Adafruit_Shield -I../../../../../../Drivers/BSP/Components/st7735 -I../../../../../../Drivers/BSP/Components/Common -I../../../../../../Middlewares/Third_Party/FatFs/src -I../../../../../../Middlewares/Third_Party/FatFs/src/drivers -Os -ffunction-sections -Wall -Wno-strict-aliasing -fstack-usage -MMD -MP -MF"Drivers/BSP/Adafruit_Shield/adafruit_802_lcd.d" -MT"Drivers/BSP/Adafruit_Shield/adafruit_802_lcd.o" --specs=nano.specs -mfpu=fpv5-d16 -mfloat-abi=hard -mthumb -o "Drivers/BSP/Adafruit_Shield/adafruit_802_lcd.o"
arm-none-eabi-gcc "C:/Users/mmoro/OneDrive/Desktop/STM32Cube_FW_H7_V1.7.0/Drivers/BSP/Adafruit_Shield/adafruit_802_sd.c" -mcpu=cortex-m7 -std=gnu11 -g3 -DUSE_HAL_DRIVER -DSTM32H743xx -DUSE_STM32H7xx_Nucleo_MB1364 -DADAFRUIT_TFT_JOY_SD_ID802 -c -I../../../Inc -I../../../../../../Utilities/Basic_GUI/ -I../../../../../../Drivers/CMSIS/Include -I../../../../../../Drivers/CMSIS/Device/ST/STM32H7xx/Include -I../../../../../../Drivers/STM32H7xx_HAL_Driver/Inc -I../../../../../../Drivers/BSP/STM32H7xx_Nucleo -I../../../../../../Drivers/BSP/Adafruit_Shield -I../../../../../../Drivers/BSP/Components/st7735 -I../../../../../../Drivers/BSP/Components/Common -I../../../../../../Middlewares/Third_Party/FatFs/src -I../../../../../../Middlewares/Third_Party/FatFs/src/drivers -Os -ffunction-sections -Wall -Wno-strict-aliasing -fstack-usage -MMD -MP -MF"Drivers/BSP/Adafruit_Shield/adafruit_802_sd.d" -MT"Drivers/BSP/Adafruit_Shield/adafruit_802_sd.o" --specs=nano.specs -mfpu=fpv5-d16 -mfloat-abi=hard -mthumb -o "Drivers/BSP/Adafruit_Shield/adafruit_802_sd.o"
arm-none-eabi-gcc "C:/Users/mmoro/OneDrive/Desktop/STM32Cube_FW_H7_V1.7.0/Projects/NUCLEO-H743ZI/Demonstrations/Src/fatfs_storage.c" -mcpu=cortex-m7 -std=gnu11 -g3 -DUSE_HAL_DRIVER -DSTM32H743xx -DUSE_STM32H7xx_Nucleo_MB1364 -DADAFRUIT_TFT_JOY_SD_ID802 -c -I../../../Inc -I../../../../../../Utilities/Basic_GUI/ -I../../../../../../Drivers/CMSIS/Include -I../../../../../../Drivers/CMSIS/Device/ST/STM32H7xx/Include -I../../../../../../Drivers/STM32H7xx_HAL_Driver/Inc -I../../../../../../Drivers/BSP/STM32H7xx_Nucleo -I../../../../../../Drivers/BSP/Adafruit_Shield -I../../../../../../Drivers/BSP/Components/st7735 -I../../../../../../Drivers/BSP/Components/Common -I../../../../../../Middlewares/Third_Party/FatFs/src -I../../../../../../Middlewares/Third_Party/FatFs/src/drivers -Os -ffunction-sections -Wall -Wno-strict-aliasing -fstack-usage -MMD -MP -MF"Application/User/fatfs_storage.d" -MT"Application/User/fatfs_storage.o" --specs=nano.specs -mfpu=fpv5-d16 -mfloat-abi=hard -mthumb -o "Application/User/fatfs_storage.o"
arm-none-eabi-gcc "C:/Users/mmoro/OneDrive/Desktop/STM32Cube_FW_H7_V1.7.0/Projects/NUCLEO-H743ZI/Demonstrations/Src/main.c" -mcpu=cortex-m7 -std=gnu11 -g3 -DUSE_HAL_DRIVER -DSTM32H743xx -DUSE_STM32H7xx_Nucleo_MB1364 -DADAFRUIT_TFT_JOY_SD_ID802 -c -I../../../Inc -I../../../../../../Utilities/Basic_GUI/ -I../../../../../../Drivers/CMSIS/Include -I../../../../../../Drivers/CMSIS/Device/ST/STM32H7xx/Include -I../../../../../../Drivers/STM32H7xx_HAL_Driver/Inc -I../../../../../../Drivers/BSP/STM32H7xx_Nucleo -I../../../../../../Drivers/BSP/Adafruit_Shield -I../../../../../../Drivers/BSP/Components/st7735 -I../../../../../../Drivers/BSP/Components/Common -I../../../../../../Middlewares/Third_Party/FatFs/src -I../../../../../../Middlewares/Third_Party/FatFs/src/drivers -Os -ffunction-sections -Wall -Wno-strict-aliasing -fstack-usage -MMD -MP -MF"Application/User/main.d" -MT"Application/User/main.o" --specs=nano.specs -mfpu=fpv5-d16 -mfloat-abi=hard -mthumb -o "Application/User/main.o"
arm-none-eabi-gcc "C:/Users/mmoro/OneDrive/Desktop/STM32Cube_FW_H7_V1.7.0/Projects/NUCLEO-H743ZI/Demonstrations/Src/sd_diskio.c" -mcpu=cortex-m7 -std=gnu11 -g3 -DUSE_HAL_DRIVER -DSTM32H743xx -DUSE_STM32H7xx_Nucleo_MB1364 -DADAFRUIT_TFT_JOY_SD_ID802 -c -I../../../Inc -I../../../../../../Utilities/Basic_GUI/ -I../../../../../../Drivers/CMSIS/Include -I../../../../../../Drivers/CMSIS/Device/ST/STM32H7xx/Include -I../../../../../../Drivers/STM32H7xx_HAL_Driver/Inc -I../../../../../../Drivers/BSP/STM32H7xx_Nucleo -I../../../../../../Drivers/BSP/Adafruit_Shield -I../../../../../../Drivers/BSP/Components/st7735 -I../../../../../../Drivers/BSP/Components/Common -I../../../../../../Middlewares/Third_Party/FatFs/src -I../../../../../../Middlewares/Third_Party/FatFs/src/drivers -Os -ffunction-sections -Wall -Wno-strict-aliasing -fstack-usage -MMD -MP -MF"Application/User/sd_diskio.d" -MT"Application/User/sd_diskio.o" --specs=nano.specs -mfpu=fpv5-d16 -mfloat-abi=hard -mthumb -o "Application/User/sd_diskio.o"
arm-none-eabi-gcc "C:/Users/mmoro/OneDrive/Desktop/STM32Cube_FW_H7_V1.7.0/Projects/NUCLEO-H743ZI/Demonstrations/Src/stm32h7xx_it.c" -mcpu=cortex-m7 -std=gnu11 -g3 -DUSE_HAL_DRIVER -DSTM32H743xx -DUSE_STM32H7xx_Nucleo_MB1364 -DADAFRUIT_TFT_JOY_SD_ID802 -c -I../../../Inc -I../../../../../../Utilities/Basic_GUI/ -I../../../../../../Drivers/CMSIS/Include -I../../../../../../Drivers/CMSIS/Device/ST/STM32H7xx/Include -I../../../../../../Drivers/STM32H7xx_HAL_Driver/Inc -I../../../../../../Drivers/BSP/STM32H7xx_Nucleo -I../../../../../../Drivers/BSP/Adafruit_Shield -I../../../../../../Drivers/BSP/Components/st7735 -I../../../../../../Drivers/BSP/Components/Common -I../../../../../../Middlewares/Third_Party/FatFs/src -I../../../../../../Middlewares/Third_Party/FatFs/src/drivers -Os -ffunction-sections -Wall -Wno-strict-aliasing -fstack-usage -MMD -MP -MF"Application/User/stm32h7xx_it.d" -MT"Application/User/stm32h7xx_it.o" --specs=nano.specs -mfpu=fpv5-d16 -mfloat-abi=hard -mthumb -o "Application/User/stm32h7xx_it.o"
arm-none-eabi-gcc "C:/Users/mmoro/OneDrive/Desktop/STM32Cube_FW_H7_V1.7.0/Projects/NUCLEO-H743ZI/Demonstrations/Src/stm32h7xx_nucleo_bus.c" -mcpu=cortex-m7 -std=gnu11 -g3 -DUSE_HAL_DRIVER -DSTM32H743xx -DUSE_STM32H7xx_Nucleo_MB1364 -DADAFRUIT_TFT_JOY_SD_ID802 -c -I../../../Inc -I../../../../../../Utilities/Basic_GUI/ -I../../../../../../Drivers/CMSIS/Include -I../../../../../../Drivers/CMSIS/Device/ST/STM32H7xx/Include -I../../../../../../Drivers/STM32H7xx_HAL_Driver/Inc -I../../../../../../Drivers/BSP/STM32H7xx_Nucleo -I../../../../../../Drivers/BSP/Adafruit_Shield -I../../../../../../Drivers/BSP/Components/st7735 -I../../../../../../Drivers/BSP/Components/Common -I../../../../../../Middlewares/Third_Party/FatFs/src -I../../../../../../Middlewares/Third_Party/FatFs/src/drivers -Os -ffunction-sections -Wall -Wno-strict-aliasing -fstack-usage -MMD -MP -MF"Application/User/stm32h7xx_nucleo_bus.d" -MT"Application/User/stm32h7xx_nucleo_bus.o" --specs=nano.specs -mfpu=fpv5-d16 -mfloat-abi=hard -mthumb -o "Application/User/stm32h7xx_nucleo_bus.o"
arm-none-eabi-gcc -mcpu=cortex-m7 -g3 -c -x assembler-with-cpp --specs=nano.specs -mfpu=fpv5-d16 -mfloat-abi=hard -mthumb -o "Application/SW4STM32/startup_stm32h743xx.o" "C:/Users/mmoro/OneDrive/Desktop/STM32Cube_FW_H7_V1.7.0/Projects/NUCLEO-H743ZI/Demonstrations/SW4STM32/startup_stm32h743xx.s"
arm-none-eabi-gcc -o "STM32H743ZI_Nucleo.elf" @"objects.list"   -mcpu=cortex-m7 -T"../STM32H743ZITx_FLASH.ld" --specs=nosys.specs -Wl,-Map="STM32H743ZI_Nucleo.map" -Wl,--gc-sections -static --specs=nano.specs -mfpu=fpv5-d16 -mfloat-abi=hard -mthumb -Wl,--start-group -lc -lm -Wl,--end-group
Finished building target: STM32H743ZI_Nucleo.elf
 
arm-none-eabi-size   STM32H743ZI_Nucleo.elf 
   text	   data	    bss	    dec	    hex	filename
  50120	    244	  12324	  62688	   f4e0	STM32H743ZI_Nucleo.elf
Finished building: default.size.stdout
 
arm-none-eabi-objdump -h -S  STM32H743ZI_Nucleo.elf  > "STM32H743ZI_Nucleo.list"
Finished building: STM32H743ZI_Nucleo.list
 
arm-none-eabi-objcopy  -O binary  STM32H743ZI_Nucleo.elf  "STM32H743ZI_Nucleo.bin"
Finished building: STM32H743ZI_Nucleo.bin
 
02:34:09 **** Incremental Build of configuration Debug for project STM32H743ZI_Nucleo ****
make all 
arm-none-eabi-size   STM32H743ZI_Nucleo.elf 
   text	   data	    bss	    dec	    hex	filename
  50120	    244	  12324	  62688	   f4e0	STM32H743ZI_Nucleo.elf
Finished building: default.size.stdout
 
02:34:48 **** Incremental Build of configuration Debug for project STM32H743ZI_Nucleo ****
make all 
arm-none-eabi-size   STM32H743ZI_Nucleo.elf 
   text	   data	    bss	    dec	    hex	filename
  50120	    244	  12324	  62688	   f4e0	STM32H743ZI_Nucleo.elf
Finished building: default.size.stdout
 
02:36:16 **** Build of configuration Debug for project STM32H743ZI_Nucleo ****
make all 
arm-none-eabi-gcc "C:/Users/mmoro/OneDrive/Desktop/STM32Cube_FW_H7_V1.7.0/Middlewares/Third_Party/FatFs/src/option/syscall.c" -mcpu=cortex-m7 -std=gnu11 -g3 -DUSE_HAL_DRIVER -DSTM32H743xx -DUSE_STM32H7XX_NUCLEO_144_MB1364 -DADAFRUIT_TFT_JOY_SD_ID802 -c -I../../../Inc -I../../../../../../../../Drivers/CMSIS/Device/ST/STM32H7xx/Include -I../../../../../../../../Drivers/STM32H7xx_HAL_Driver/Inc -I../../../../../../../../Drivers/BSP/STM32H7xx_Nucleo -I../../../../../../../../Drivers/BSP/Components/Common -I../../../../../../../../Middlewares/Third_Party/FatFs/src -I../../../../../../../../Drivers/BSP/Adafruit_Shield -I../../../../../../../../Drivers/CMSIS/Include -Os -ffunction-sections -Wall -Wno-strict-aliasing -fstack-usage -MMD -MP -MF"Middlewares/FatFs/Options/syscall.d" -MT"Middlewares/FatFs/Options/syscall.o" --specs=nano.specs -mfpu=fpv5-d16 -mfloat-abi=hard -mthumb -o "Middlewares/FatFs/Options/syscall.o"
arm-none-eabi-gcc "C:/Users/mmoro/OneDrive/Desktop/STM32Cube_FW_H7_V1.7.0/Middlewares/Third_Party/FatFs/src/option/unicode.c" -mcpu=cortex-m7 -std=gnu11 -g3 -DUSE_HAL_DRIVER -DSTM32H743xx -DUSE_STM32H7XX_NUCLEO_144_MB1364 -DADAFRUIT_TFT_JOY_SD_ID802 -c -I../../../Inc -I../../../../../../../../Drivers/CMSIS/Device/ST/STM32H7xx/Include -I../../../../../../../../Drivers/STM32H7xx_HAL_Driver/Inc -I../../../../../../../../Drivers/BSP/STM32H7xx_Nucleo -I../../../../../../../../Drivers/BSP/Components/Common -I../../../../../../../../Middlewares/Third_Party/FatFs/src -I../../../../../../../../Drivers/BSP/Adafruit_Shield -I../../../../../../../../Drivers/CMSIS/Include -Os -ffunction-sections -Wall -Wno-strict-aliasing -fstack-usage -MMD -MP -MF"Middlewares/FatFs/Options/unicode.d" -MT"Middlewares/FatFs/Options/unicode.o" --specs=nano.specs -mfpu=fpv5-d16 -mfloat-abi=hard -mthumb -o "Middlewares/FatFs/Options/unicode.o"
arm-none-eabi-gcc "C:/Users/mmoro/OneDrive/Desktop/STM32Cube_FW_H7_V1.7.0/Middlewares/Third_Party/FatFs/src/diskio.c" -mcpu=cortex-m7 -std=gnu11 -g3 -DUSE_HAL_DRIVER -DSTM32H743xx -DUSE_STM32H7XX_NUCLEO_144_MB1364 -DADAFRUIT_TFT_JOY_SD_ID802 -c -I../../../Inc -I../../../../../../../../Drivers/CMSIS/Device/ST/STM32H7xx/Include -I../../../../../../../../Drivers/STM32H7xx_HAL_Driver/Inc -I../../../../../../../../Drivers/BSP/STM32H7xx_Nucleo -I../../../../../../../../Drivers/BSP/Components/Common -I../../../../../../../../Middlewares/Third_Party/FatFs/src -I../../../../../../../../Drivers/BSP/Adafruit_Shield -I../../../../../../../../Drivers/CMSIS/Include -Os -ffunction-sections -Wall -Wno-strict-aliasing -fstack-usage -MMD -MP -MF"Middlewares/FatFs/Core/diskio.d" -MT"Middlewares/FatFs/Core/diskio.o" --specs=nano.specs -mfpu=fpv5-d16 -mfloat-abi=hard -mthumb -o "Middlewares/FatFs/Core/diskio.o"
arm-none-eabi-gcc "C:/Users/mmoro/OneDrive/Desktop/STM32Cube_FW_H7_V1.7.0/Middlewares/Third_Party/FatFs/src/ff.c" -mcpu=cortex-m7 -std=gnu11 -g3 -DUSE_HAL_DRIVER -DSTM32H743xx -DUSE_STM32H7XX_NUCLEO_144_MB1364 -DADAFRUIT_TFT_JOY_SD_ID802 -c -I../../../Inc -I../../../../../../../../Drivers/CMSIS/Device/ST/STM32H7xx/Include -I../../../../../../../../Drivers/STM32H7xx_HAL_Driver/Inc -I../../../../../../../../Drivers/BSP/STM32H7xx_Nucleo -I../../../../../../../../Drivers/BSP/Components/Common -I../../../../../../../../Middlewares/Third_Party/FatFs/src -I../../../../../../../../Drivers/BSP/Adafruit_Shield -I../../../../../../../../Drivers/CMSIS/Include -Os -ffunction-sections -Wall -Wno-strict-aliasing -fstack-usage -MMD -MP -MF"Middlewares/FatFs/Core/ff.d" -MT"Middlewares/FatFs/Core/ff.o" --specs=nano.specs -mfpu=fpv5-d16 -mfloat-abi=hard -mthumb -o "Middlewares/FatFs/Core/ff.o"
arm-none-eabi-gcc "C:/Users/mmoro/OneDrive/Desktop/STM32Cube_FW_H7_V1.7.0/Middlewares/Third_Party/FatFs/src/ff_gen_drv.c" -mcpu=cortex-m7 -std=gnu11 -g3 -DUSE_HAL_DRIVER -DSTM32H743xx -DUSE_STM32H7XX_NUCLEO_144_MB1364 -DADAFRUIT_TFT_JOY_SD_ID802 -c -I../../../Inc -I../../../../../../../../Drivers/CMSIS/Device/ST/STM32H7xx/Include -I../../../../../../../../Drivers/STM32H7xx_HAL_Driver/Inc -I../../../../../../../../Drivers/BSP/STM32H7xx_Nucleo -I../../../../../../../../Drivers/BSP/Components/Common -I../../../../../../../../Middlewares/Third_Party/FatFs/src -I../../../../../../../../Drivers/BSP/Adafruit_Shield -I../../../../../../../../Drivers/CMSIS/Include -Os -ffunction-sections -Wall -Wno-strict-aliasing -fstack-usage -MMD -MP -MF"Middlewares/FatFs/Core/ff_gen_drv.d" -MT"Middlewares/FatFs/Core/ff_gen_drv.o" --specs=nano.specs -mfpu=fpv5-d16 -mfloat-abi=hard -mthumb -o "Middlewares/FatFs/Core/ff_gen_drv.o"
arm-none-eabi-gcc "C:/Users/mmoro/OneDrive/Desktop/STM32Cube_FW_H7_V1.7.0/Drivers/STM32H7xx_HAL_Driver/Src/stm32h7xx_hal.c" -mcpu=cortex-m7 -std=gnu11 -g3 -DUSE_HAL_DRIVER -DSTM32H743xx -DUSE_STM32H7XX_NUCLEO_144_MB1364 -DADAFRUIT_TFT_JOY_SD_ID802 -c -I../../../Inc -I../../../../../../../../Drivers/CMSIS/Device/ST/STM32H7xx/Include -I../../../../../../../../Drivers/STM32H7xx_HAL_Driver/Inc -I../../../../../../../../Drivers/BSP/STM32H7xx_Nucleo -I../../../../../../../../Drivers/BSP/Components/Common -I../../../../../../../../Middlewares/Third_Party/FatFs/src -I../../../../../../../../Drivers/BSP/Adafruit_Shield -I../../../../../../../../Drivers/CMSIS/Include -Os -ffunction-sections -Wall -Wno-strict-aliasing -fstack-usage -MMD -MP -MF"Drivers/STM32H7xx_HAL_Driver/stm32h7xx_hal.d" -MT"Drivers/STM32H7xx_HAL_Driver/stm32h7xx_hal.o" --specs=nano.specs -mfpu=fpv5-d16 -mfloat-abi=hard -mthumb -o "Drivers/STM32H7xx_HAL_Driver/stm32h7xx_hal.o"
arm-none-eabi-gcc "C:/Users/mmoro/OneDrive/Desktop/STM32Cube_FW_H7_V1.7.0/Drivers/STM32H7xx_HAL_Driver/Src/stm32h7xx_hal_adc.c" -mcpu=cortex-m7 -std=gnu11 -g3 -DUSE_HAL_DRIVER -DSTM32H743xx -DUSE_STM32H7XX_NUCLEO_144_MB1364 -DADAFRUIT_TFT_JOY_SD_ID802 -c -I../../../Inc -I../../../../../../../../Drivers/CMSIS/Device/ST/STM32H7xx/Include -I../../../../../../../../Drivers/STM32H7xx_HAL_Driver/Inc -I../../../../../../../../Drivers/BSP/STM32H7xx_Nucleo -I../../../../../../../../Drivers/BSP/Components/Common -I../../../../../../../../Middlewares/Third_Party/FatFs/src -I../../../../../../../../Drivers/BSP/Adafruit_Shield -I../../../../../../../../Drivers/CMSIS/Include -Os -ffunction-sections -Wall -Wno-strict-aliasing -fstack-usage -MMD -MP -MF"Drivers/STM32H7xx_HAL_Driver/stm32h7xx_hal_adc.d" -MT"Drivers/STM32H7xx_HAL_Driver/stm32h7xx_hal_adc.o" --specs=nano.specs -mfpu=fpv5-d16 -mfloat-abi=hard -mthumb -o "Drivers/STM32H7xx_HAL_Driver/stm32h7xx_hal_adc.o"
arm-none-eabi-gcc "C:/Users/mmoro/OneDrive/Desktop/STM32Cube_FW_H7_V1.7.0/Drivers/STM32H7xx_HAL_Driver/Src/stm32h7xx_hal_adc_ex.c" -mcpu=cortex-m7 -std=gnu11 -g3 -DUSE_HAL_DRIVER -DSTM32H743xx -DUSE_STM32H7XX_NUCLEO_144_MB1364 -DADAFRUIT_TFT_JOY_SD_ID802 -c -I../../../Inc -I../../../../../../../../Drivers/CMSIS/Device/ST/STM32H7xx/Include -I../../../../../../../../Drivers/STM32H7xx_HAL_Driver/Inc -I../../../../../../../../Drivers/BSP/STM32H7xx_Nucleo -I../../../../../../../../Drivers/BSP/Components/Common -I../../../../../../../../Middlewares/Third_Party/FatFs/src -I../../../../../../../../Drivers/BSP/Adafruit_Shield -I../../../../../../../../Drivers/CMSIS/Include -Os -ffunction-sections -Wall -Wno-strict-aliasing -fstack-usage -MMD -MP -MF"Drivers/STM32H7xx_HAL_Driver/stm32h7xx_hal_adc_ex.d" -MT"Drivers/STM32H7xx_HAL_Driver/stm32h7xx_hal_adc_ex.o" --specs=nano.specs -mfpu=fpv5-d16 -mfloat-abi=hard -mthumb -o "Drivers/STM32H7xx_HAL_Driver/stm32h7xx_hal_adc_ex.o"
arm-none-eabi-gcc "C:/Users/mmoro/OneDrive/Desktop/STM32Cube_FW_H7_V1.7.0/Drivers/STM32H7xx_HAL_Driver/Src/stm32h7xx_hal_cortex.c" -mcpu=cortex-m7 -std=gnu11 -g3 -DUSE_HAL_DRIVER -DSTM32H743xx -DUSE_STM32H7XX_NUCLEO_144_MB1364 -DADAFRUIT_TFT_JOY_SD_ID802 -c -I../../../Inc -I../../../../../../../../Drivers/CMSIS/Device/ST/STM32H7xx/Include -I../../../../../../../../Drivers/STM32H7xx_HAL_Driver/Inc -I../../../../../../../../Drivers/BSP/STM32H7xx_Nucleo -I../../../../../../../../Drivers/BSP/Components/Common -I../../../../../../../../Middlewares/Third_Party/FatFs/src -I../../../../../../../../Drivers/BSP/Adafruit_Shield -I../../../../../../../../Drivers/CMSIS/Include -Os -ffunction-sections -Wall -Wno-strict-aliasing -fstack-usage -MMD -MP -MF"Drivers/STM32H7xx_HAL_Driver/stm32h7xx_hal_cortex.d" -MT"Drivers/STM32H7xx_HAL_Driver/stm32h7xx_hal_cortex.o" --specs=nano.specs -mfpu=fpv5-d16 -mfloat-abi=hard -mthumb -o "Drivers/STM32H7xx_HAL_Driver/stm32h7xx_hal_cortex.o"
arm-none-eabi-gcc "C:/Users/mmoro/OneDrive/Desktop/STM32Cube_FW_H7_V1.7.0/Drivers/STM32H7xx_HAL_Driver/Src/stm32h7xx_hal_dma.c" -mcpu=cortex-m7 -std=gnu11 -g3 -DUSE_HAL_DRIVER -DSTM32H743xx -DUSE_STM32H7XX_NUCLEO_144_MB1364 -DADAFRUIT_TFT_JOY_SD_ID802 -c -I../../../Inc -I../../../../../../../../Drivers/CMSIS/Device/ST/STM32H7xx/Include -I../../../../../../../../Drivers/STM32H7xx_HAL_Driver/Inc -I../../../../../../../../Drivers/BSP/STM32H7xx_Nucleo -I../../../../../../../../Drivers/BSP/Components/Common -I../../../../../../../../Middlewares/Third_Party/FatFs/src -I../../../../../../../../Drivers/BSP/Adafruit_Shield -I../../../../../../../../Drivers/CMSIS/Include -Os -ffunction-sections -Wall -Wno-strict-aliasing -fstack-usage -MMD -MP -MF"Drivers/STM32H7xx_HAL_Driver/stm32h7xx_hal_dma.d" -MT"Drivers/STM32H7xx_HAL_Driver/stm32h7xx_hal_dma.o" --specs=nano.specs -mfpu=fpv5-d16 -mfloat-abi=hard -mthumb -o "Drivers/STM32H7xx_HAL_Driver/stm32h7xx_hal_dma.o"
arm-none-eabi-gcc "C:/Users/mmoro/OneDrive/Desktop/STM32Cube_FW_H7_V1.7.0/Drivers/STM32H7xx_HAL_Driver/Src/stm32h7xx_hal_gpio.c" -mcpu=cortex-m7 -std=gnu11 -g3 -DUSE_HAL_DRIVER -DSTM32H743xx -DUSE_STM32H7XX_NUCLEO_144_MB1364 -DADAFRUIT_TFT_JOY_SD_ID802 -c -I../../../Inc -I../../../../../../../../Drivers/CMSIS/Device/ST/STM32H7xx/Include -I../../../../../../../../Drivers/STM32H7xx_HAL_Driver/Inc -I../../../../../../../../Drivers/BSP/STM32H7xx_Nucleo -I../../../../../../../../Drivers/BSP/Components/Common -I../../../../../../../../Middlewares/Third_Party/FatFs/src -I../../../../../../../../Drivers/BSP/Adafruit_Shield -I../../../../../../../../Drivers/CMSIS/Include -Os -ffunction-sections -Wall -Wno-strict-aliasing -fstack-usage -MMD -MP -MF"Drivers/STM32H7xx_HAL_Driver/stm32h7xx_hal_gpio.d" -MT"Drivers/STM32H7xx_HAL_Driver/stm32h7xx_hal_gpio.o" --specs=nano.specs -mfpu=fpv5-d16 -mfloat-abi=hard -mthumb -o "Drivers/STM32H7xx_HAL_Driver/stm32h7xx_hal_gpio.o"
arm-none-eabi-gcc "C:/Users/mmoro/OneDrive/Desktop/STM32Cube_FW_H7_V1.7.0/Drivers/STM32H7xx_HAL_Driver/Src/stm32h7xx_hal_i2c.c" -mcpu=cortex-m7 -std=gnu11 -g3 -DUSE_HAL_DRIVER -DSTM32H743xx -DUSE_STM32H7XX_NUCLEO_144_MB1364 -DADAFRUIT_TFT_JOY_SD_ID802 -c -I../../../Inc -I../../../../../../../../Drivers/CMSIS/Device/ST/STM32H7xx/Include -I../../../../../../../../Drivers/STM32H7xx_HAL_Driver/Inc -I../../../../../../../../Drivers/BSP/STM32H7xx_Nucleo -I../../../../../../../../Drivers/BSP/Components/Common -I../../../../../../../../Middlewares/Third_Party/FatFs/src -I../../../../../../../../Drivers/BSP/Adafruit_Shield -I../../../../../../../../Drivers/CMSIS/Include -Os -ffunction-sections -Wall -Wno-strict-aliasing -fstack-usage -MMD -MP -MF"Drivers/STM32H7xx_HAL_Driver/stm32h7xx_hal_i2c.d" -MT"Drivers/STM32H7xx_HAL_Driver/stm32h7xx_hal_i2c.o" --specs=nano.specs -mfpu=fpv5-d16 -mfloat-abi=hard -mthumb -o "Drivers/STM32H7xx_HAL_Driver/stm32h7xx_hal_i2c.o"
arm-none-eabi-gcc "C:/Users/mmoro/OneDrive/Desktop/STM32Cube_FW_H7_V1.7.0/Drivers/STM32H7xx_HAL_Driver/Src/stm32h7xx_hal_pwr.c" -mcpu=cortex-m7 -std=gnu11 -g3 -DUSE_HAL_DRIVER -DSTM32H743xx -DUSE_STM32H7XX_NUCLEO_144_MB1364 -DADAFRUIT_TFT_JOY_SD_ID802 -c -I../../../Inc -I../../../../../../../../Drivers/CMSIS/Device/ST/STM32H7xx/Include -I../../../../../../../../Drivers/STM32H7xx_HAL_Driver/Inc -I../../../../../../../../Drivers/BSP/STM32H7xx_Nucleo -I../../../../../../../../Drivers/BSP/Components/Common -I../../../../../../../../Middlewares/Third_Party/FatFs/src -I../../../../../../../../Drivers/BSP/Adafruit_Shield -I../../../../../../../../Drivers/CMSIS/Include -Os -ffunction-sections -Wall -Wno-strict-aliasing -fstack-usage -MMD -MP -MF"Drivers/STM32H7xx_HAL_Driver/stm32h7xx_hal_pwr.d" -MT"Drivers/STM32H7xx_HAL_Driver/stm32h7xx_hal_pwr.o" --specs=nano.specs -mfpu=fpv5-d16 -mfloat-abi=hard -mthumb -o "Drivers/STM32H7xx_HAL_Driver/stm32h7xx_hal_pwr.o"
arm-none-eabi-gcc "C:/Users/mmoro/OneDrive/Desktop/STM32Cube_FW_H7_V1.7.0/Drivers/STM32H7xx_HAL_Driver/Src/stm32h7xx_hal_pwr_ex.c" -mcpu=cortex-m7 -std=gnu11 -g3 -DUSE_HAL_DRIVER -DSTM32H743xx -DUSE_STM32H7XX_NUCLEO_144_MB1364 -DADAFRUIT_TFT_JOY_SD_ID802 -c -I../../../Inc -I../../../../../../../../Drivers/CMSIS/Device/ST/STM32H7xx/Include -I../../../../../../../../Drivers/STM32H7xx_HAL_Driver/Inc -I../../../../../../../../Drivers/BSP/STM32H7xx_Nucleo -I../../../../../../../../Drivers/BSP/Components/Common -I../../../../../../../../Middlewares/Third_Party/FatFs/src -I../../../../../../../../Drivers/BSP/Adafruit_Shield -I../../../../../../../../Drivers/CMSIS/Include -Os -ffunction-sections -Wall -Wno-strict-aliasing -fstack-usage -MMD -MP -MF"Drivers/STM32H7xx_HAL_Driver/stm32h7xx_hal_pwr_ex.d" -MT"Drivers/STM32H7xx_HAL_Driver/stm32h7xx_hal_pwr_ex.o" --specs=nano.specs -mfpu=fpv5-d16 -mfloat-abi=hard -mthumb -o "Drivers/STM32H7xx_HAL_Driver/stm32h7xx_hal_pwr_ex.o"
arm-none-eabi-gcc "C:/Users/mmoro/OneDrive/Desktop/STM32Cube_FW_H7_V1.7.0/Drivers/STM32H7xx_HAL_Driver/Src/stm32h7xx_hal_rcc.c" -mcpu=cortex-m7 -std=gnu11 -g3 -DUSE_HAL_DRIVER -DSTM32H743xx -DUSE_STM32H7XX_NUCLEO_144_MB1364 -DADAFRUIT_TFT_JOY_SD_ID802 -c -I../../../Inc -I../../../../../../../../Drivers/CMSIS/Device/ST/STM32H7xx/Include -I../../../../../../../../Drivers/STM32H7xx_HAL_Driver/Inc -I../../../../../../../../Drivers/BSP/STM32H7xx_Nucleo -I../../../../../../../../Drivers/BSP/Components/Common -I../../../../../../../../Middlewares/Third_Party/FatFs/src -I../../../../../../../../Drivers/BSP/Adafruit_Shield -I../../../../../../../../Drivers/CMSIS/Include -Os -ffunction-sections -Wall -Wno-strict-aliasing -fstack-usage -MMD -MP -MF"Drivers/STM32H7xx_HAL_Driver/stm32h7xx_hal_rcc.d" -MT"Drivers/STM32H7xx_HAL_Driver/stm32h7xx_hal_rcc.o" --specs=nano.specs -mfpu=fpv5-d16 -mfloat-abi=hard -mthumb -o "Drivers/STM32H7xx_HAL_Driver/stm32h7xx_hal_rcc.o"
arm-none-eabi-gcc "C:/Users/mmoro/OneDrive/Desktop/STM32Cube_FW_H7_V1.7.0/Drivers/STM32H7xx_HAL_Driver/Src/stm32h7xx_hal_rcc_ex.c" -mcpu=cortex-m7 -std=gnu11 -g3 -DUSE_HAL_DRIVER -DSTM32H743xx -DUSE_STM32H7XX_NUCLEO_144_MB1364 -DADAFRUIT_TFT_JOY_SD_ID802 -c -I../../../Inc -I../../../../../../../../Drivers/CMSIS/Device/ST/STM32H7xx/Include -I../../../../../../../../Drivers/STM32H7xx_HAL_Driver/Inc -I../../../../../../../../Drivers/BSP/STM32H7xx_Nucleo -I../../../../../../../../Drivers/BSP/Components/Common -I../../../../../../../../Middlewares/Third_Party/FatFs/src -I../../../../../../../../Drivers/BSP/Adafruit_Shield -I../../../../../../../../Drivers/CMSIS/Include -Os -ffunction-sections -Wall -Wno-strict-aliasing -fstack-usage -MMD -MP -MF"Drivers/STM32H7xx_HAL_Driver/stm32h7xx_hal_rcc_ex.d" -MT"Drivers/STM32H7xx_HAL_Driver/stm32h7xx_hal_rcc_ex.o" --specs=nano.specs -mfpu=fpv5-d16 -mfloat-abi=hard -mthumb -o "Drivers/STM32H7xx_HAL_Driver/stm32h7xx_hal_rcc_ex.o"
arm-none-eabi-gcc "C:/Users/mmoro/OneDrive/Desktop/STM32Cube_FW_H7_V1.7.0/Drivers/STM32H7xx_HAL_Driver/Src/stm32h7xx_hal_sd.c" -mcpu=cortex-m7 -std=gnu11 -g3 -DUSE_HAL_DRIVER -DSTM32H743xx -DUSE_STM32H7XX_NUCLEO_144_MB1364 -DADAFRUIT_TFT_JOY_SD_ID802 -c -I../../../Inc -I../../../../../../../../Drivers/CMSIS/Device/ST/STM32H7xx/Include -I../../../../../../../../Drivers/STM32H7xx_HAL_Driver/Inc -I../../../../../../../../Drivers/BSP/STM32H7xx_Nucleo -I../../../../../../../../Drivers/BSP/Components/Common -I../../../../../../../../Middlewares/Third_Party/FatFs/src -I../../../../../../../../Drivers/BSP/Adafruit_Shield -I../../../../../../../../Drivers/CMSIS/Include -Os -ffunction-sections -Wall -Wno-strict-aliasing -fstack-usage -MMD -MP -MF"Drivers/STM32H7xx_HAL_Driver/stm32h7xx_hal_sd.d" -MT"Drivers/STM32H7xx_HAL_Driver/stm32h7xx_hal_sd.o" --specs=nano.specs -mfpu=fpv5-d16 -mfloat-abi=hard -mthumb -o "Drivers/STM32H7xx_HAL_Driver/stm32h7xx_hal_sd.o"
arm-none-eabi-gcc "C:/Users/mmoro/OneDrive/Desktop/STM32Cube_FW_H7_V1.7.0/Drivers/STM32H7xx_HAL_Driver/Src/stm32h7xx_hal_sd_ex.c" -mcpu=cortex-m7 -std=gnu11 -g3 -DUSE_HAL_DRIVER -DSTM32H743xx -DUSE_STM32H7XX_NUCLEO_144_MB1364 -DADAFRUIT_TFT_JOY_SD_ID802 -c -I../../../Inc -I../../../../../../../../Drivers/CMSIS/Device/ST/STM32H7xx/Include -I../../../../../../../../Drivers/STM32H7xx_HAL_Driver/Inc -I../../../../../../../../Drivers/BSP/STM32H7xx_Nucleo -I../../../../../../../../Drivers/BSP/Components/Common -I../../../../../../../../Middlewares/Third_Party/FatFs/src -I../../../../../../../../Drivers/BSP/Adafruit_Shield -I../../../../../../../../Drivers/CMSIS/Include -Os -ffunction-sections -Wall -Wno-strict-aliasing -fstack-usage -MMD -MP -MF"Drivers/STM32H7xx_HAL_Driver/stm32h7xx_hal_sd_ex.d" -MT"Drivers/STM32H7xx_HAL_Driver/stm32h7xx_hal_sd_ex.o" --specs=nano.specs -mfpu=fpv5-d16 -mfloat-abi=hard -mthumb -o "Drivers/STM32H7xx_HAL_Driver/stm32h7xx_hal_sd_ex.o"
arm-none-eabi-gcc "C:/Users/mmoro/OneDrive/Desktop/STM32Cube_FW_H7_V1.7.0/Drivers/STM32H7xx_HAL_Driver/Src/stm32h7xx_hal_sdram.c" -mcpu=cortex-m7 -std=gnu11 -g3 -DUSE_HAL_DRIVER -DSTM32H743xx -DUSE_STM32H7XX_NUCLEO_144_MB1364 -DADAFRUIT_TFT_JOY_SD_ID802 -c -I../../../Inc -I../../../../../../../../Drivers/CMSIS/Device/ST/STM32H7xx/Include -I../../../../../../../../Drivers/STM32H7xx_HAL_Driver/Inc -I../../../../../../../../Drivers/BSP/STM32H7xx_Nucleo -I../../../../../../../../Drivers/BSP/Components/Common -I../../../../../../../../Middlewares/Third_Party/FatFs/src -I../../../../../../../../Drivers/BSP/Adafruit_Shield -I../../../../../../../../Drivers/CMSIS/Include -Os -ffunction-sections -Wall -Wno-strict-aliasing -fstack-usage -MMD -MP -MF"Drivers/STM32H7xx_HAL_Driver/stm32h7xx_hal_sdram.d" -MT"Drivers/STM32H7xx_HAL_Driver/stm32h7xx_hal_sdram.o" --specs=nano.specs -mfpu=fpv5-d16 -mfloat-abi=hard -mthumb -o "Drivers/STM32H7xx_HAL_Driver/stm32h7xx_hal_sdram.o"
arm-none-eabi-gcc "C:/Users/mmoro/OneDrive/Desktop/STM32Cube_FW_H7_V1.7.0/Drivers/STM32H7xx_HAL_Driver/Src/stm32h7xx_hal_spi.c" -mcpu=cortex-m7 -std=gnu11 -g3 -DUSE_HAL_DRIVER -DSTM32H743xx -DUSE_STM32H7XX_NUCLEO_144_MB1364 -DADAFRUIT_TFT_JOY_SD_ID802 -c -I../../../Inc -I../../../../../../../../Drivers/CMSIS/Device/ST/STM32H7xx/Include -I../../../../../../../../Drivers/STM32H7xx_HAL_Driver/Inc -I../../../../../../../../Drivers/BSP/STM32H7xx_Nucleo -I../../../../../../../../Drivers/BSP/Components/Common -I../../../../../../../../Middlewares/Third_Party/FatFs/src -I../../../../../../../../Drivers/BSP/Adafruit_Shield -I../../../../../../../../Drivers/CMSIS/Include -Os -ffunction-sections -Wall -Wno-strict-aliasing -fstack-usage -MMD -MP -MF"Drivers/STM32H7xx_HAL_Driver/stm32h7xx_hal_spi.d" -MT"Drivers/STM32H7xx_HAL_Driver/stm32h7xx_hal_spi.o" --specs=nano.specs -mfpu=fpv5-d16 -mfloat-abi=hard -mthumb -o "Drivers/STM32H7xx_HAL_Driver/stm32h7xx_hal_spi.o"
arm-none-eabi-gcc "C:/Users/mmoro/OneDrive/Desktop/STM32Cube_FW_H7_V1.7.0/Drivers/STM32H7xx_HAL_Driver/Src/stm32h7xx_hal_spi_ex.c" -mcpu=cortex-m7 -std=gnu11 -g3 -DUSE_HAL_DRIVER -DSTM32H743xx -DUSE_STM32H7XX_NUCLEO_144_MB1364 -DADAFRUIT_TFT_JOY_SD_ID802 -c -I../../../Inc -I../../../../../../../../Drivers/CMSIS/Device/ST/STM32H7xx/Include -I../../../../../../../../Drivers/STM32H7xx_HAL_Driver/Inc -I../../../../../../../../Drivers/BSP/STM32H7xx_Nucleo -I../../../../../../../../Drivers/BSP/Components/Common -I../../../../../../../../Middlewares/Third_Party/FatFs/src -I../../../../../../../../Drivers/BSP/Adafruit_Shield -I../../../../../../../../Drivers/CMSIS/Include -Os -ffunction-sections -Wall -Wno-strict-aliasing -fstack-usage -MMD -MP -MF"Drivers/STM32H7xx_HAL_Driver/stm32h7xx_hal_spi_ex.d" -MT"Drivers/STM32H7xx_HAL_Driver/stm32h7xx_hal_spi_ex.o" --specs=nano.specs -mfpu=fpv5-d16 -mfloat-abi=hard -mthumb -o "Drivers/STM32H7xx_HAL_Driver/stm32h7xx_hal_spi_ex.o"
arm-none-eabi-gcc "C:/Users/mmoro/OneDrive/Desktop/STM32Cube_FW_H7_V1.7.0/Drivers/STM32H7xx_HAL_Driver/Src/stm32h7xx_hal_tim.c" -mcpu=cortex-m7 -std=gnu11 -g3 -DUSE_HAL_DRIVER -DSTM32H743xx -DUSE_STM32H7XX_NUCLEO_144_MB1364 -DADAFRUIT_TFT_JOY_SD_ID802 -c -I../../../Inc -I../../../../../../../../Drivers/CMSIS/Device/ST/STM32H7xx/Include -I../../../../../../../../Drivers/STM32H7xx_HAL_Driver/Inc -I../../../../../../../../Drivers/BSP/STM32H7xx_Nucleo -I../../../../../../../../Drivers/BSP/Components/Common -I../../../../../../../../Middlewares/Third_Party/FatFs/src -I../../../../../../../../Drivers/BSP/Adafruit_Shield -I../../../../../../../../Drivers/CMSIS/Include -Os -ffunction-sections -Wall -Wno-strict-aliasing -fstack-usage -MMD -MP -MF"Drivers/STM32H7xx_HAL_Driver/stm32h7xx_hal_tim.d" -MT"Drivers/STM32H7xx_HAL_Driver/stm32h7xx_hal_tim.o" --specs=nano.specs -mfpu=fpv5-d16 -mfloat-abi=hard -mthumb -o "Drivers/STM32H7xx_HAL_Driver/stm32h7xx_hal_tim.o"
arm-none-eabi-gcc "C:/Users/mmoro/OneDrive/Desktop/STM32Cube_FW_H7_V1.7.0/Drivers/STM32H7xx_HAL_Driver/Src/stm32h7xx_hal_tim_ex.c" -mcpu=cortex-m7 -std=gnu11 -g3 -DUSE_HAL_DRIVER -DSTM32H743xx -DUSE_STM32H7XX_NUCLEO_144_MB1364 -DADAFRUIT_TFT_JOY_SD_ID802 -c -I../../../Inc -I../../../../../../../../Drivers/CMSIS/Device/ST/STM32H7xx/Include -I../../../../../../../../Drivers/STM32H7xx_HAL_Driver/Inc -I../../../../../../../../Drivers/BSP/STM32H7xx_Nucleo -I../../../../../../../../Drivers/BSP/Components/Common -I../../../../../../../../Middlewares/Third_Party/FatFs/src -I../../../../../../../../Drivers/BSP/Adafruit_Shield -I../../../../../../../../Drivers/CMSIS/Include -Os -ffunction-sections -Wall -Wno-strict-aliasing -fstack-usage -MMD -MP -MF"Drivers/STM32H7xx_HAL_Driver/stm32h7xx_hal_tim_ex.d" -MT"Drivers/STM32H7xx_HAL_Driver/stm32h7xx_hal_tim_ex.o" --specs=nano.specs -mfpu=fpv5-d16 -mfloat-abi=hard -mthumb -o "Drivers/STM32H7xx_HAL_Driver/stm32h7xx_hal_tim_ex.o"
arm-none-eabi-gcc "C:/Users/mmoro/OneDrive/Desktop/STM32Cube_FW_H7_V1.7.0/Drivers/STM32H7xx_HAL_Driver/Src/stm32h7xx_hal_uart.c" -mcpu=cortex-m7 -std=gnu11 -g3 -DUSE_HAL_DRIVER -DSTM32H743xx -DUSE_STM32H7XX_NUCLEO_144_MB1364 -DADAFRUIT_TFT_JOY_SD_ID802 -c -I../../../Inc -I../../../../../../../../Drivers/CMSIS/Device/ST/STM32H7xx/Include -I../../../../../../../../Drivers/STM32H7xx_HAL_Driver/Inc -I../../../../../../../../Drivers/BSP/STM32H7xx_Nucleo -I../../../../../../../../Drivers/BSP/Components/Common -I../../../../../../../../Middlewares/Third_Party/FatFs/src -I../../../../../../../../Drivers/BSP/Adafruit_Shield -I../../../../../../../../Drivers/CMSIS/Include -Os -ffunction-sections -Wall -Wno-strict-aliasing -fstack-usage -MMD -MP -MF"Drivers/STM32H7xx_HAL_Driver/stm32h7xx_hal_uart.d" -MT"Drivers/STM32H7xx_HAL_Driver/stm32h7xx_hal_uart.o" --specs=nano.specs -mfpu=fpv5-d16 -mfloat-abi=hard -mthumb -o "Drivers/STM32H7xx_HAL_Driver/stm32h7xx_hal_uart.o"
arm-none-eabi-gcc "C:/Users/mmoro/OneDrive/Desktop/STM32Cube_FW_H7_V1.7.0/Drivers/STM32H7xx_HAL_Driver/Src/stm32h7xx_hal_uart_ex.c" -mcpu=cortex-m7 -std=gnu11 -g3 -DUSE_HAL_DRIVER -DSTM32H743xx -DUSE_STM32H7XX_NUCLEO_144_MB1364 -DADAFRUIT_TFT_JOY_SD_ID802 -c -I../../../Inc -I../../../../../../../../Drivers/CMSIS/Device/ST/STM32H7xx/Include -I../../../../../../../../Drivers/STM32H7xx_HAL_Driver/Inc -I../../../../../../../../Drivers/BSP/STM32H7xx_Nucleo -I../../../../../../../../Drivers/BSP/Components/Common -I../../../../../../../../Middlewares/Third_Party/FatFs/src -I../../../../../../../../Drivers/BSP/Adafruit_Shield -I../../../../../../../../Drivers/CMSIS/Include -Os -ffunction-sections -Wall -Wno-strict-aliasing -fstack-usage -MMD -MP -MF"Drivers/STM32H7xx_HAL_Driver/stm32h7xx_hal_uart_ex.d" -MT"Drivers/STM32H7xx_HAL_Driver/stm32h7xx_hal_uart_ex.o" --specs=nano.specs -mfpu=fpv5-d16 -mfloat-abi=hard -mthumb -o "Drivers/STM32H7xx_HAL_Driver/stm32h7xx_hal_uart_ex.o"
arm-none-eabi-gcc "C:/Users/mmoro/OneDrive/Desktop/STM32Cube_FW_H7_V1.7.0/Drivers/STM32H7xx_HAL_Driver/Src/stm32h7xx_ll_delayblock.c" -mcpu=cortex-m7 -std=gnu11 -g3 -DUSE_HAL_DRIVER -DSTM32H743xx -DUSE_STM32H7XX_NUCLEO_144_MB1364 -DADAFRUIT_TFT_JOY_SD_ID802 -c -I../../../Inc -I../../../../../../../../Drivers/CMSIS/Device/ST/STM32H7xx/Include -I../../../../../../../../Drivers/STM32H7xx_HAL_Driver/Inc -I../../../../../../../../Drivers/BSP/STM32H7xx_Nucleo -I../../../../../../../../Drivers/BSP/Components/Common -I../../../../../../../../Middlewares/Third_Party/FatFs/src -I../../../../../../../../Drivers/BSP/Adafruit_Shield -I../../../../../../../../Drivers/CMSIS/Include -Os -ffunction-sections -Wall -Wno-strict-aliasing -fstack-usage -MMD -MP -MF"Drivers/STM32H7xx_HAL_Driver/stm32h7xx_ll_delayblock.d" -MT"Drivers/STM32H7xx_HAL_Driver/stm32h7xx_ll_delayblock.o" --specs=nano.specs -mfpu=fpv5-d16 -mfloat-abi=hard -mthumb -o "Drivers/STM32H7xx_HAL_Driver/stm32h7xx_ll_delayblock.o"
arm-none-eabi-gcc "C:/Users/mmoro/OneDrive/Desktop/STM32Cube_FW_H7_V1.7.0/Drivers/STM32H7xx_HAL_Driver/Src/stm32h7xx_ll_sdmmc.c" -mcpu=cortex-m7 -std=gnu11 -g3 -DUSE_HAL_DRIVER -DSTM32H743xx -DUSE_STM32H7XX_NUCLEO_144_MB1364 -DADAFRUIT_TFT_JOY_SD_ID802 -c -I../../../Inc -I../../../../../../../../Drivers/CMSIS/Device/ST/STM32H7xx/Include -I../../../../../../../../Drivers/STM32H7xx_HAL_Driver/Inc -I../../../../../../../../Drivers/BSP/STM32H7xx_Nucleo -I../../../../../../../../Drivers/BSP/Components/Common -I../../../../../../../../Middlewares/Third_Party/FatFs/src -I../../../../../../../../Drivers/BSP/Adafruit_Shield -I../../../../../../../../Drivers/CMSIS/Include -Os -ffunction-sections -Wall -Wno-strict-aliasing -fstack-usage -MMD -MP -MF"Drivers/STM32H7xx_HAL_Driver/stm32h7xx_ll_sdmmc.d" -MT"Drivers/STM32H7xx_HAL_Driver/stm32h7xx_ll_sdmmc.o" --specs=nano.specs -mfpu=fpv5-d16 -mfloat-abi=hard -mthumb -o "Drivers/STM32H7xx_HAL_Driver/stm32h7xx_ll_sdmmc.o"
arm-none-eabi-gcc "C:/Users/mmoro/OneDrive/Desktop/STM32Cube_FW_H7_V1.7.0/Projects/NUCLEO-H743ZI/Applications/FatFS/FatFS_uSD_Standalone/Src/system_stm32h7xx.c" -mcpu=cortex-m7 -std=gnu11 -g3 -DUSE_HAL_DRIVER -DSTM32H743xx -DUSE_STM32H7XX_NUCLEO_144_MB1364 -DADAFRUIT_TFT_JOY_SD_ID802 -c -I../../../Inc -I../../../../../../../../Drivers/CMSIS/Device/ST/STM32H7xx/Include -I../../../../../../../../Drivers/STM32H7xx_HAL_Driver/Inc -I../../../../../../../../Drivers/BSP/STM32H7xx_Nucleo -I../../../../../../../../Drivers/BSP/Components/Common -I../../../../../../../../Middlewares/Third_Party/FatFs/src -I../../../../../../../../Drivers/BSP/Adafruit_Shield -I../../../../../../../../Drivers/CMSIS/Include -Os -ffunction-sections -Wall -Wno-strict-aliasing -fstack-usage -MMD -MP -MF"Drivers/CMSIS/system_stm32h7xx.d" -MT"Drivers/CMSIS/system_stm32h7xx.o" --specs=nano.specs -mfpu=fpv5-d16 -mfloat-abi=hard -mthumb -o "Drivers/CMSIS/system_stm32h7xx.o"
arm-none-eabi-gcc "C:/Users/mmoro/OneDrive/Desktop/STM32Cube_FW_H7_V1.7.0/Drivers/BSP/STM32H7xx_Nucleo/stm32h7xx_nucleo.c" -mcpu=cortex-m7 -std=gnu11 -g3 -DUSE_HAL_DRIVER -DSTM32H743xx -DUSE_STM32H7XX_NUCLEO_144_MB1364 -DADAFRUIT_TFT_JOY_SD_ID802 -c -I../../../Inc -I../../../../../../../../Drivers/CMSIS/Device/ST/STM32H7xx/Include -I../../../../../../../../Drivers/STM32H7xx_HAL_Driver/Inc -I../../../../../../../../Drivers/BSP/STM32H7xx_Nucleo -I../../../../../../../../Drivers/BSP/Components/Common -I../../../../../../../../Middlewares/Third_Party/FatFs/src -I../../../../../../../../Drivers/BSP/Adafruit_Shield -I../../../../../../../../Drivers/CMSIS/Include -Os -ffunction-sections -Wall -Wno-strict-aliasing -fstack-usage -MMD -MP -MF"Drivers/BSP/STM32H743ZI_Nucleo/stm32h7xx_nucleo.d" -MT"Drivers/BSP/STM32H743ZI_Nucleo/stm32h7xx_nucleo.o" --specs=nano.specs -mfpu=fpv5-d16 -mfloat-abi=hard -mthumb -o "Drivers/BSP/STM32H743ZI_Nucleo/stm32h7xx_nucleo.o"
arm-none-eabi-gcc "C:/Users/mmoro/OneDrive/Desktop/STM32Cube_FW_H7_V1.7.0/Projects/NUCLEO-H743ZI/Applications/FatFS/FatFS_uSD_Standalone/Src/stm32h7xx_nucleo_bus.c" -mcpu=cortex-m7 -std=gnu11 -g3 -DUSE_HAL_DRIVER -DSTM32H743xx -DUSE_STM32H7XX_NUCLEO_144_MB1364 -DADAFRUIT_TFT_JOY_SD_ID802 -c -I../../../Inc -I../../../../../../../../Drivers/CMSIS/Device/ST/STM32H7xx/Include -I../../../../../../../../Drivers/STM32H7xx_HAL_Driver/Inc -I../../../../../../../../Drivers/BSP/STM32H7xx_Nucleo -I../../../../../../../../Drivers/BSP/Components/Common -I../../../../../../../../Middlewares/Third_Party/FatFs/src -I../../../../../../../../Drivers/BSP/Adafruit_Shield -I../../../../../../../../Drivers/CMSIS/Include -Os -ffunction-sections -Wall -Wno-strict-aliasing -fstack-usage -MMD -MP -MF"Drivers/BSP/STM32H743ZI_Nucleo/stm32h7xx_nucleo_bus.d" -MT"Drivers/BSP/STM32H743ZI_Nucleo/stm32h7xx_nucleo_bus.o" --specs=nano.specs -mfpu=fpv5-d16 -mfloat-abi=hard -mthumb -o "Drivers/BSP/STM32H743ZI_Nucleo/stm32h7xx_nucleo_bus.o"
arm-none-eabi-gcc "C:/Users/mmoro/OneDrive/Desktop/STM32Cube_FW_H7_V1.7.0/Drivers/BSP/Adafruit_Shield/adafruit_802.c" -mcpu=cortex-m7 -std=gnu11 -g3 -DUSE_HAL_DRIVER -DSTM32H743xx -DUSE_STM32H7XX_NUCLEO_144_MB1364 -DADAFRUIT_TFT_JOY_SD_ID802 -c -I../../../Inc -I../../../../../../../../Drivers/CMSIS/Device/ST/STM32H7xx/Include -I../../../../../../../../Drivers/STM32H7xx_HAL_Driver/Inc -I../../../../../../../../Drivers/BSP/STM32H7xx_Nucleo -I../../../../../../../../Drivers/BSP/Components/Common -I../../../../../../../../Middlewares/Third_Party/FatFs/src -I../../../../../../../../Drivers/BSP/Adafruit_Shield -I../../../../../../../../Drivers/CMSIS/Include -Os -ffunction-sections -Wall -Wno-strict-aliasing -fstack-usage -MMD -MP -MF"Drivers/BSP/AdaFruit_Shield/adafruit_802.d" -MT"Drivers/BSP/AdaFruit_Shield/adafruit_802.o" --specs=nano.specs -mfpu=fpv5-d16 -mfloat-abi=hard -mthumb -o "Drivers/BSP/AdaFruit_Shield/adafruit_802.o"
arm-none-eabi-gcc "C:/Users/mmoro/OneDrive/Desktop/STM32Cube_FW_H7_V1.7.0/Drivers/BSP/Adafruit_Shield/adafruit_802_sd.c" -mcpu=cortex-m7 -std=gnu11 -g3 -DUSE_HAL_DRIVER -DSTM32H743xx -DUSE_STM32H7XX_NUCLEO_144_MB1364 -DADAFRUIT_TFT_JOY_SD_ID802 -c -I../../../Inc -I../../../../../../../../Drivers/CMSIS/Device/ST/STM32H7xx/Include -I../../../../../../../../Drivers/STM32H7xx_HAL_Driver/Inc -I../../../../../../../../Drivers/BSP/STM32H7xx_Nucleo -I../../../../../../../../Drivers/BSP/Components/Common -I../../../../../../../../Middlewares/Third_Party/FatFs/src -I../../../../../../../../Drivers/BSP/Adafruit_Shield -I../../../../../../../../Drivers/CMSIS/Include -Os -ffunction-sections -Wall -Wno-strict-aliasing -fstack-usage -MMD -MP -MF"Drivers/BSP/AdaFruit_Shield/adafruit_802_sd.d" -MT"Drivers/BSP/AdaFruit_Shield/adafruit_802_sd.o" --specs=nano.specs -mfpu=fpv5-d16 -mfloat-abi=hard -mthumb -o "Drivers/BSP/AdaFruit_Shield/adafruit_802_sd.o"
arm-none-eabi-gcc "C:/Users/mmoro/OneDrive/Desktop/STM32Cube_FW_H7_V1.7.0/Projects/NUCLEO-H743ZI/Applications/FatFS/FatFS_uSD_Standalone/Src/main.c" -mcpu=cortex-m7 -std=gnu11 -g3 -DUSE_HAL_DRIVER -DSTM32H743xx -DUSE_STM32H7XX_NUCLEO_144_MB1364 -DADAFRUIT_TFT_JOY_SD_ID802 -c -I../../../Inc -I../../../../../../../../Drivers/CMSIS/Device/ST/STM32H7xx/Include -I../../../../../../../../Drivers/STM32H7xx_HAL_Driver/Inc -I../../../../../../../../Drivers/BSP/STM32H7xx_Nucleo -I../../../../../../../../Drivers/BSP/Components/Common -I../../../../../../../../Middlewares/Third_Party/FatFs/src -I../../../../../../../../Drivers/BSP/Adafruit_Shield -I../../../../../../../../Drivers/CMSIS/Include -Os -ffunction-sections -Wall -Wno-strict-aliasing -fstack-usage -MMD -MP -MF"Application/User/main.d" -MT"Application/User/main.o" --specs=nano.specs -mfpu=fpv5-d16 -mfloat-abi=hard -mthumb -o "Application/User/main.o"
arm-none-eabi-gcc "C:/Users/mmoro/OneDrive/Desktop/STM32Cube_FW_H7_V1.7.0/Projects/NUCLEO-H743ZI/Applications/FatFS/FatFS_uSD_Standalone/Src/sd_diskio.c" -mcpu=cortex-m7 -std=gnu11 -g3 -DUSE_HAL_DRIVER -DSTM32H743xx -DUSE_STM32H7XX_NUCLEO_144_MB1364 -DADAFRUIT_TFT_JOY_SD_ID802 -c -I../../../Inc -I../../../../../../../../Drivers/CMSIS/Device/ST/STM32H7xx/Include -I../../../../../../../../Drivers/STM32H7xx_HAL_Driver/Inc -I../../../../../../../../Drivers/BSP/STM32H7xx_Nucleo -I../../../../../../../../Drivers/BSP/Components/Common -I../../../../../../../../Middlewares/Third_Party/FatFs/src -I../../../../../../../../Drivers/BSP/Adafruit_Shield -I../../../../../../../../Drivers/CMSIS/Include -Os -ffunction-sections -Wall -Wno-strict-aliasing -fstack-usage -MMD -MP -MF"Application/User/sd_diskio.d" -MT"Application/User/sd_diskio.o" --specs=nano.specs -mfpu=fpv5-d16 -mfloat-abi=hard -mthumb -o "Application/User/sd_diskio.o"
arm-none-eabi-gcc "C:/Users/mmoro/OneDrive/Desktop/STM32Cube_FW_H7_V1.7.0/Projects/NUCLEO-H743ZI/Applications/FatFS/FatFS_uSD_Standalone/Src/stm32h7xx_it.c" -mcpu=cortex-m7 -std=gnu11 -g3 -DUSE_HAL_DRIVER -DSTM32H743xx -DUSE_STM32H7XX_NUCLEO_144_MB1364 -DADAFRUIT_TFT_JOY_SD_ID802 -c -I../../../Inc -I../../../../../../../../Drivers/CMSIS/Device/ST/STM32H7xx/Include -I../../../../../../../../Drivers/STM32H7xx_HAL_Driver/Inc -I../../../../../../../../Drivers/BSP/STM32H7xx_Nucleo -I../../../../../../../../Drivers/BSP/Components/Common -I../../../../../../../../Middlewares/Third_Party/FatFs/src -I../../../../../../../../Drivers/BSP/Adafruit_Shield -I../../../../../../../../Drivers/CMSIS/Include -Os -ffunction-sections -Wall -Wno-strict-aliasing -fstack-usage -MMD -MP -MF"Application/User/stm32h7xx_it.d" -MT"Application/User/stm32h7xx_it.o" --specs=nano.specs -mfpu=fpv5-d16 -mfloat-abi=hard -mthumb -o "Application/User/stm32h7xx_it.o"
arm-none-eabi-gcc -mcpu=cortex-m7 -g3 -c -x assembler-with-cpp --specs=nano.specs -mfpu=fpv5-d16 -mfloat-abi=hard -mthumb -o "Application/SW4STM32/startup_stm32h743xx.o" "C:/Users/mmoro/OneDrive/Desktop/STM32Cube_FW_H7_V1.7.0/Projects/NUCLEO-H743ZI/Applications/FatFS/FatFS_uSD_Standalone/SW4STM32/startup_stm32h743xx.s"
arm-none-eabi-gcc -o "STM32H743ZI_Nucleo.elf" @"objects.list"   -mcpu=cortex-m7 -T"../STM32H743ZITx_FLASH.ld" --specs=nosys.specs -Wl,-Map="STM32H743ZI_Nucleo.map" -Wl,--gc-sections -static --specs=nano.specs -mfpu=fpv5-d16 -mfloat-abi=hard -mthumb -Wl,--start-group -lc -lm -Wl,--end-group
Finished building target: STM32H743ZI_Nucleo.elf
 
arm-none-eabi-size   STM32H743ZI_Nucleo.elf 
   text	   data	    bss	    dec	    hex	filename
  20692	    128	  51032	  71852	  118ac	STM32H743ZI_Nucleo.elf
Finished building: default.size.stdout
 
arm-none-eabi-objdump -h -S  STM32H743ZI_Nucleo.elf  > "STM32H743ZI_Nucleo.list"
Finished building: STM32H743ZI_Nucleo.list
 
arm-none-eabi-objcopy  -O binary  STM32H743ZI_Nucleo.elf  "STM32H743ZI_Nucleo.bin"
Finished building: STM32H743ZI_Nucleo.bin
 
02:36:44 **** Incremental Build of configuration Debug for project STM32H743ZI_Nucleo ****
make all 
arm-none-eabi-size   STM32H743ZI_Nucleo.elf 
   text	   data	    bss	    dec	    hex	filename
  20692	    128	  51032	  71852	  118ac	STM32H743ZI_Nucleo.elf
Finished building: default.size.stdout
 
02:41:42 **** Incremental Build of configuration Debug for project STM32H743ZI_Nucleo ****
make all 
arm-none-eabi-gcc "C:/Users/mmoro/OneDrive/Desktop/STM32Cube_FW_H7_V1.7.0/Projects/NUCLEO-H743ZI/Applications/FatFS/FatFS_uSD_Standalone/Src/main.c" -mcpu=cortex-m7 -std=gnu11 -g3 -DUSE_HAL_DRIVER -DSTM32H743xx -DUSE_STM32H7XX_NUCLEO_144_MB1364 -DADAFRUIT_TFT_JOY_SD_ID802 -c -I../../../Inc -I../../../../../../../../Drivers/CMSIS/Device/ST/STM32H7xx/Include -I../../../../../../../../Drivers/STM32H7xx_HAL_Driver/Inc -I../../../../../../../../Drivers/BSP/STM32H7xx_Nucleo -I../../../../../../../../Drivers/BSP/Components/Common -I../../../../../../../../Middlewares/Third_Party/FatFs/src -I../../../../../../../../Drivers/BSP/Adafruit_Shield -I../../../../../../../../Drivers/CMSIS/Include -Os -ffunction-sections -Wall -Wno-strict-aliasing -fstack-usage -MMD -MP -MF"Application/User/main.d" -MT"Application/User/main.o" --specs=nano.specs -mfpu=fpv5-d16 -mfloat-abi=hard -mthumb -o "Application/User/main.o"
C:/Users/mmoro/OneDrive/Desktop/STM32Cube_FW_H7_V1.7.0/Projects/NUCLEO-H743ZI/Applications/FatFS/FatFS_uSD_Standalone/Src/main.c:281:13: warning: 'CPU_CACHE_Enable' defined but not used [-Wunused-function]
 static void CPU_CACHE_Enable(void)
             ^~~~~~~~~~~~~~~~
arm-none-eabi-gcc -o "STM32H743ZI_Nucleo.elf" @"objects.list"   -mcpu=cortex-m7 -T"../STM32H743ZITx_FLASH.ld" --specs=nosys.specs -Wl,-Map="STM32H743ZI_Nucleo.map" -Wl,--gc-sections -static --specs=nano.specs -mfpu=fpv5-d16 -mfloat-abi=hard -mthumb -Wl,--start-group -lc -lm -Wl,--end-group
Finished building target: STM32H743ZI_Nucleo.elf
 
arm-none-eabi-objdump -h -S  STM32H743ZI_Nucleo.elf  > "STM32H743ZI_Nucleo.list"
Finished building: STM32H743ZI_Nucleo.list
 
arm-none-eabi-objcopy  -O binary  STM32H743ZI_Nucleo.elf  "STM32H743ZI_Nucleo.bin"
Finished building: STM32H743ZI_Nucleo.bin
 
arm-none-eabi-size   STM32H743ZI_Nucleo.elf 
   text	   data	    bss	    dec	    hex	filename
  20568	    128	  51032	  71728	  11830	STM32H743ZI_Nucleo.elf
Finished building: default.size.stdout
 
02:42:22 **** Incremental Build of configuration Debug for project STM32H743ZI_Nucleo ****
make all 
arm-none-eabi-gcc "C:/Users/mmoro/OneDrive/Desktop/STM32Cube_FW_H7_V1.7.0/Projects/NUCLEO-H743ZI/Applications/FatFS/FatFS_uSD_Standalone/Src/main.c" -mcpu=cortex-m7 -std=gnu11 -g3 -DUSE_HAL_DRIVER -DSTM32H743xx -DUSE_STM32H7XX_NUCLEO_144_MB1364 -DADAFRUIT_TFT_JOY_SD_ID802 -c -I../../../Inc -I../../../../../../../../Drivers/CMSIS/Device/ST/STM32H7xx/Include -I../../../../../../../../Drivers/STM32H7xx_HAL_Driver/Inc -I../../../../../../../../Drivers/BSP/STM32H7xx_Nucleo -I../../../../../../../../Drivers/BSP/Components/Common -I../../../../../../../../Middlewares/Third_Party/FatFs/src -I../../../../../../../../Drivers/BSP/Adafruit_Shield -I../../../../../../../../Drivers/CMSIS/Include -Os -ffunction-sections -Wall -Wno-strict-aliasing -fstack-usage -MMD -MP -MF"Application/User/main.d" -MT"Application/User/main.o" --specs=nano.specs -mfpu=fpv5-d16 -mfloat-abi=hard -mthumb -o "Application/User/main.o"
C:/Users/mmoro/OneDrive/Desktop/STM32Cube_FW_H7_V1.7.0/Projects/NUCLEO-H743ZI/Applications/FatFS/FatFS_uSD_Standalone/Src/main.c:281:13: warning: 'CPU_CACHE_Enable' defined but not used [-Wunused-function]
 static void CPU_CACHE_Enable(void)
             ^~~~~~~~~~~~~~~~
C:/Users/mmoro/OneDrive/Desktop/STM32Cube_FW_H7_V1.7.0/Projects/NUCLEO-H743ZI/Applications/FatFS/FatFS_uSD_Standalone/Src/main.c:251:21: warning: 'TFT_ShieldDetect' defined but not used [-Wunused-function]
 static ShieldStatus TFT_ShieldDetect(void)
                     ^~~~~~~~~~~~~~~~
arm-none-eabi-gcc -o "STM32H743ZI_Nucleo.elf" @"objects.list"   -mcpu=cortex-m7 -T"../STM32H743ZITx_FLASH.ld" --specs=nosys.specs -Wl,-Map="STM32H743ZI_Nucleo.map" -Wl,--gc-sections -static --specs=nano.specs -mfpu=fpv5-d16 -mfloat-abi=hard -mthumb -Wl,--start-group -lc -lm -Wl,--end-group
Finished building target: STM32H743ZI_Nucleo.elf
 
arm-none-eabi-objdump -h -S  STM32H743ZI_Nucleo.elf  > "STM32H743ZI_Nucleo.list"
Finished building: STM32H743ZI_Nucleo.list
 
arm-none-eabi-objcopy  -O binary  STM32H743ZI_Nucleo.elf  "STM32H743ZI_Nucleo.bin"
Finished building: STM32H743ZI_Nucleo.bin
 
arm-none-eabi-size   STM32H743ZI_Nucleo.elf 
   text	   data	    bss	    dec	    hex	filename
  20452	    128	  51032	  71612	  117bc	STM32H743ZI_Nucleo.elf
Finished building: default.size.stdout
 
