l2g2is_reg.c:48:9:l2g2is_read_reg	48	static
l2g2is_reg.c:66:9:l2g2is_write_reg	48	static
l2g2is_reg.c:86:9:l2g2is_from_fs100dps_to_mdps	16	static
l2g2is_reg.c:91:9:l2g2is_from_fs200dps_to_mdps	16	static
l2g2is_reg.c:96:9:l2g2is_from_lsb_to_celsius	16	static
l2g2is_reg.c:122:9:l2g2is_gy_flag_data_ready_get	32	static
l2g2is_reg.c:141:9:l2g2is_gy_data_rate_set	32	static
l2g2is_reg.c:164:9:l2g2is_gy_data_rate_get	32	static
l2g2is_reg.c:198:9:l2g2is_orient_config_set	32	static
l2g2is_reg.c:229:9:l2g2is_orient_config_get	32	static
l2g2is_reg.c:250:9:l2g2is_block_data_update_set	32	static
l2g2is_reg.c:272:9:l2g2is_block_data_update_get	32	static
l2g2is_reg.c:292:9:l2g2is_angular_rate_offset_set	32	static
l2g2is_reg.c:324:9:l2g2is_angular_rate_offset_get	40	static
l2g2is_reg.c:350:9:l2g2is_gy_full_scale_set	32	static
l2g2is_reg.c:374:9:l2g2is_gy_full_scale_get	32	static
l2g2is_reg.c:417:9:l2g2is_temperature_raw_get	24	static
l2g2is_reg.c:433:9:l2g2is_angular_rate_raw_get	24	static
l2g2is_reg.c:460:9:l2g2is_dev_id_get	24	static
l2g2is_reg.c:475:9:l2g2is_dev_status_get	32	static
l2g2is_reg.c:496:9:l2g2is_dev_data_format_set	32	static
l2g2is_reg.c:519:9:l2g2is_dev_data_format_get	32	static
l2g2is_reg.c:548:9:l2g2is_dev_boot_set	32	static
l2g2is_reg.c:569:9:l2g2is_dev_boot_get	32	static
l2g2is_reg.c:588:9:l2g2is_dev_reset_set	32	static
l2g2is_reg.c:610:9:l2g2is_dev_reset_get	32	static
l2g2is_reg.c:642:9:l2g2is_gy_filter_hp_bandwidth_set	40	static
l2g2is_reg.c:676:9:l2g2is_gy_filter_hp_bandwidth_get	40	static
l2g2is_reg.c:720:9:l2g2is_gy_filter_hp_reset_set	32	static
l2g2is_reg.c:741:9:l2g2is_gy_filter_hp_reset_get	32	static
l2g2is_reg.c:849:9:l2g2is_spi_mode_set	32	static
l2g2is_reg.c:870:9:l2g2is_spi_mode_get	32	static
l2g2is_reg.c:911:9:l2g2is_pin_notification_set	32	static
l2g2is_reg.c:934:9:l2g2is_pin_notification_get	32	static
l2g2is_reg.c:1018:9:l2g2is_pin_drdy_route_set	32	static
l2g2is_reg.c:1053:9:l2g2is_gy_self_test_set	32	static
