main.c:203:7:linear_interpolation	24	static
main.c:214:5:main	64	static
main.c:496:6:SystemClock_Config	112	static
main.c:541:13:MX_CAN_Init	8	static
main.c:578:13:MX_I2C1_Init	8	static
main.c:624:13:MX_SPI1_Init	8	static
main.c:664:13:MX_TIM1_Init	32	static
main.c:710:13:MX_TIM2_Init	32	static
main.c:755:13:MX_TIM3_Init	32	static
main.c:800:13:MX_USART1_UART_Init	8	static
main.c:835:13:MX_GPIO_Init	56	static
main.c:897:16:platform_write	32	static
main.c:917:16:platform_read	32	static
main.c:930:16:platform_write_gir	24	static
main.c:950:16:platform_read_gir	32	static
main.c:962:16:platform_write_bar	40	static
main.c:984:16:platform_read_bar	40	static
main.c:994:16:platform_write_hum	40	static
main.c:1019:16:platform_read_hum	40	static
main.c:1031:9:make_giro_offset	24	static
main.c:1053:6:HAL_TIM_PeriodElapsedCallback	16	static
main.c:1110:9:get_data	16	static
main.c:1209:6:Error_Handler	8	static
