main.c:203:7:linear_interpolation	24	static
main.c:214:5:main	64	static
main.c:492:6:SystemClock_Config	112	static
main.c:535:13:MX_CAN_Init	8	static
main.c:572:13:MX_I2C1_Init	8	static
main.c:618:13:MX_SPI1_Init	8	static
main.c:658:13:MX_TIM1_Init	32	static
main.c:704:13:MX_TIM2_Init	32	static
main.c:749:13:MX_TIM3_Init	32	static
main.c:794:13:MX_USART1_UART_Init	8	static
main.c:829:13:MX_GPIO_Init	56	static
main.c:891:16:platform_write	32	static
main.c:911:16:platform_read	32	static
main.c:924:16:platform_write_gir	24	static
main.c:944:16:platform_read_gir	32	static
main.c:956:16:platform_write_bar	40	static
main.c:978:16:platform_read_bar	40	static
main.c:988:16:platform_write_hum	40	static
main.c:1013:16:platform_read_hum	40	static
main.c:1025:9:make_giro_offset	24	static
main.c:1047:6:HAL_TIM_PeriodElapsedCallback	16	static
main.c:1104:9:get_data	16	static
main.c:1203:6:Error_Handler	8	static
